Wed Sep  9 10:05:12 PM UTC 2026
$PROBLEM additive (+) covariate effect on CL (#1313 anchor, arm A)
; CL = TVCL*EXP(ETA(1)) + THETA(6)*(WT - 70)
;
; The object under test is the *combination*: ferx's `CL ~ WT linear(center =
; 70) +` desugars to exactly this sum, where every covariate relation before
; #1313 was a factor. NONMEM writes it directly, so this is an ordinary
; anchored comparison — no exception applies.
;
; MAXEVAL=0 with POSTHOC: nothing is estimated, so both engines evaluate the
; same parameter vector and the comparison is of arithmetic, not of where two
; optimizers stop. PRED is the population prediction (ETA = 0), where the
; additive term is the only covariate effect live at all.
;
; Non-degeneracy: WT runs 45.0 .. 93.7 about a centre of 70, so the term takes
; BOTH signs across the 30 subjects, and at THETA(6) = 0.04 it moves CL by
; -1.00 .. +0.95 against a TVCL of 4.0 — i.e. by up to 25%. A term that only
; ever added a small positive amount would be satisfied by an implementation
; that got the sign or the magnitude wrong.
$INPUT ID TIME DV EVID AMT CMT RATE MDV WT CRCL
$DATA covmodel_stall.csv IGNORE=@
; covmodel_stall.csv is data/two_cpt_oral_cov.csv with observation CMT
; recoded 1 -> 2: ferx `two_cpt_oral` reads CMT=1 observations from the central
; compartment, ADVAN4 numbers the depot 1 and the central 2.
$SUBROUTINE ADVAN4 TRANS4

$PK
  CLWGT = THETA(6) * (WT - 70)
  CL = THETA(1) * EXP(ETA(1)) + CLWGT
  V2 = THETA(2) * EXP(ETA(2))
  Q  = THETA(3) * EXP(ETA(3))
  V3 = THETA(4) * EXP(ETA(4))
  KA = THETA(5) * EXP(ETA(5))
  S2 = V2

$ERROR
  IPRED = F
  Y = F * (1 + EPS(1))

$THETA
  (0.1, 4.0,  100.0)   ; TVCL
  (1.0, 40.0, 500.0)   ; TVV1
  (0.1, 8.0,  100.0)   ; TVQ
  (1.0, 80.0, 500.0)   ; TVV2
  (0.01, 1.0, 10.0)    ; TVKA
  (-1.0, 0.04, 1.0)    ; THETA_CL_WT, the additive slope

$OMEGA
  0.15   ; ETA_CL
  0.15   ; ETA_V1
  0.08   ; ETA_Q
  0.08   ; ETA_V2
  0.20   ; ETA_KA

$SIGMA
  0.0016  ; PROP_ERR  (ferx declares `~ 0.04 (sd)`; NONMEM takes the variance)

$ESTIMATION METHOD=1 INTERACTION MAXEVAL=0 POSTHOC PRINT=1 NOABORT
$TABLE ID TIME PRED IPRED NOPRINT ONEHEADER FILE=additive_cov_lin.tab FORMAT=s1PE23.16

NM-TRAN MESSAGES
  
 WARNINGS AND ERRORS (IF ANY) FOR PROBLEM    1
             
 (WARNING  2) NM-TRAN INFERS THAT THE DATA ARE POPULATION.
  
Note: Analytical 2nd Derivatives are constructed in FSUBS but are never used.
      You may insert $ABBR DERIV2=NO after the first $PROB to save FSUBS construction and compilation time
  

License Registered to:  InsightRX
Expiration Date:    14 AUG 2027
Current Date:        9 SEP 2026
Days until program expires : 340
1NONLINEAR MIXED EFFECTS MODEL PROGRAM (NONMEM) VERSION 7.5.1
 ORIGINALLY DEVELOPED BY STUART BEAL, LEWIS SHEINER, AND ALISON BOECKMANN
 CURRENT DEVELOPERS ARE ROBERT BAUER, ICON DEVELOPMENT SOLUTIONS,
 AND ALISON BOECKMANN. IMPLEMENTATION, EFFICIENCY, AND STANDARDIZATION
 PERFORMED BY NOUS INFOSYSTEMS.

 PROBLEM NO.:         1
 additive (+) covariate effect on CL (#1313 anchor, arm A)
0DATA CHECKOUT RUN:              NO
 DATA SET LOCATED ON UNIT NO.:    2
 THIS UNIT TO BE REWOUND:        NO
 NO. OF DATA RECS IN DATA SET:      330
 NO. OF DATA ITEMS IN DATA SET:  10
 ID DATA ITEM IS DATA ITEM NO.:   1
 DEP VARIABLE IS DATA ITEM NO.:   3
 MDV DATA ITEM IS DATA ITEM NO.:  8
0INDICES PASSED TO SUBROUTINE PRED:
   4   2   5   7   0   0   6   0   0   0   0
0LABELS FOR DATA ITEMS:
 ID TIME DV EVID AMT CMT RATE MDV WT CRCL
0(NONBLANK) LABELS FOR PRED-DEFINED ITEMS:
 IPRED
0FORMAT FOR DATA:
 (10E7.0)

 TOT. NO. OF OBS RECS:      300
 TOT. NO. OF INDIVIDUALS:       30
0LENGTH OF THETA:   6
0DEFAULT THETA BOUNDARY TEST OMITTED:    NO
0OMEGA HAS SIMPLE DIAGONAL FORM WITH DIMENSION:   5
0DEFAULT OMEGA BOUNDARY TEST OMITTED:    NO
0SIGMA HAS SIMPLE DIAGONAL FORM WITH DIMENSION:   1
0DEFAULT SIGMA BOUNDARY TEST OMITTED:    NO
0INITIAL ESTIMATE OF THETA:
 LOWER BOUND    INITIAL EST    UPPER BOUND
  0.1000E+00     0.4000E+01     0.1000E+03
  0.1000E+01     0.4000E+02     0.5000E+03
  0.1000E+00     0.8000E+01     0.1000E+03
  0.1000E+01     0.8000E+02     0.5000E+03
  0.1000E-01     0.1000E+01     0.1000E+02
 -0.1000E+01     0.4000E-01     0.1000E+01
0INITIAL ESTIMATE OF OMEGA:
 0.1500E+00
 0.0000E+00   0.1500E+00
 0.0000E+00   0.0000E+00   0.8000E-01
 0.0000E+00   0.0000E+00   0.0000E+00   0.8000E-01
 0.0000E+00   0.0000E+00   0.0000E+00   0.0000E+00   0.2000E+00
0INITIAL ESTIMATE OF SIGMA:
 0.1600E-02
0TABLES STEP OMITTED:    NO
 NO. OF TABLES:           1
 SEED NUMBER (SEED):    11456
 NPDTYPE:    0
 INTERPTYPE:    0
 RANMETHOD:             3U
 MC SAMPLES (ESAMPLE):    300
 WRES SQUARE ROOT TYPE (WRESCHOL): EIGENVALUE
0-- TABLE   1 --
0RECORDS ONLY:    ALL
04 COLUMNS APPENDED:    YES
 PRINTED:                NO
 HEADER:                YES
 FILE TO BE FORWARDED:   NO
 FORMAT:                s1PE23.16
 IDFORMAT:
 LFORMAT:
 RFORMAT:
 FIXED_EFFECT_ETAS:
0USER-CHOSEN ITEMS:
 ID TIME IPRED
1DOUBLE PRECISION PREDPP VERSION 7.5.1

 TWO COMPARTMENT MODEL WITH FIRST-ORDER ABSORPTION (ADVAN4)
0MAXIMUM NO. OF BASIC PK PARAMETERS:   5
0BASIC PK PARAMETERS (AFTER TRANSLATION):
   BASIC PK PARAMETER NO.  1: ELIMINATION RATE (K)
   BASIC PK PARAMETER NO.  2: CENTRAL-TO-PERIPH. RATE (K23)
   BASIC PK PARAMETER NO.  3: PERIPH.-TO-CENTRAL RATE (K32)
   BASIC PK PARAMETER NO.  5: ABSORPTION RATE (KA)
 TRANSLATOR WILL CONVERT PARAMETERS
 CL, V2, Q, V3 TO K, K23, K32 (TRANS4)
0COMPARTMENT ATTRIBUTES
 COMPT. NO.   FUNCTION   INITIAL    ON/OFF      DOSE      DEFAULT    DEFAULT
                         STATUS     ALLOWED    ALLOWED    FOR DOSE   FOR OBS.
    1         DEPOT        OFF        YES        YES        YES        NO
    2         CENTRAL      ON         NO         YES        NO         YES
    3         PERIPH.      ON         NO         YES        NO         NO
    4         OUTPUT       OFF        YES        NO         NO         NO
1
 ADDITIONAL PK PARAMETERS - ASSIGNMENT OF ROWS IN GG
 COMPT. NO.                             INDICES
              SCALE      BIOAVAIL.   ZERO-ORDER  ZERO-ORDER  ABSORB
                         FRACTION    RATE        DURATION    LAG
    1            *           *           *           *           *
    2            6           *           *           *           *
    3            *           *           *           *           *
    4            *           -           -           -           -
             - PARAMETER IS NOT ALLOWED FOR THIS MODEL
             * PARAMETER IS NOT SUPPLIED BY PK SUBROUTINE;
               WILL DEFAULT TO ONE IF APPLICABLE
0DATA ITEM INDICES USED BY PRED ARE:
   EVENT ID DATA ITEM IS DATA ITEM NO.:      4
   TIME DATA ITEM IS DATA ITEM NO.:          2
   DOSE AMOUNT DATA ITEM IS DATA ITEM NO.:   5
   DOSE RATE DATA ITEM IS DATA ITEM NO.:     7
   COMPT. NO. DATA ITEM IS DATA ITEM NO.:    6

0PK SUBROUTINE CALLED WITH EVERY EVENT RECORD.
 PK SUBROUTINE NOT CALLED AT NONEVENT (ADDITIONAL OR LAGGED) DOSE TIMES.
0ERROR SUBROUTINE CALLED WITH EVERY EVENT RECORD.
1


 #TBLN:      1
 #METH: First Order Conditional Estimation with Interaction (Evaluation)

 ESTIMATION STEP OMITTED:                 YES
 ANALYSIS TYPE:                           POPULATION
 CONDITIONAL ESTIMATES USED:              YES
 CENTERED ETA:                            NO
 EPS-ETA INTERACTION:                     YES
 LAPLACIAN OBJ. FUNC.:                    NO
 NUMERICAL DERIVATIVE
       FILE REQUEST (NUMDER):               NONE
 MAP (ETAHAT) ESTIMATION METHOD (OPTMAP):   0
 ETA HESSIAN EVALUATION METHOD (ETADER):    0
 INITIAL ETA FOR MAP ESTIMATION (MCETA):    0
 SIGDIGITS FOR MAP ESTIMATION (SIGLO):      100
 GRADIENT SIGDIGITS OF
       FIXED EFFECTS PARAMETERS (SIGL):     100
 NOPRIOR SETTING (NOPRIOR):                 0
 NOCOV SETTING (NOCOV):                     OFF
 DERCONT SETTING (DERCONT):                 OFF
 FINAL ETA RE-EVALUATION (FNLETA):          1
 EXCLUDE NON-INFLUENTIAL (NON-INFL.) ETAS
       IN SHRINKAGE (ETASTYPE):             NO
 NON-INFL. ETA CORRECTION (NONINFETA):      0
 RAW OUTPUT FILE (FILE): additive_cov_lin.ext
 EXCLUDE TITLE (NOTITLE):                   NO
 EXCLUDE COLUMN LABELS (NOLABEL):           NO
 FORMAT FOR ADDITIONAL FILES (FORMAT):      S1PE12.5
 PARAMETER ORDER FOR OUTPUTS (ORDER):       TSOL
 KNUTHSUMOFF:                               0
 INCLUDE LNTWOPI:                           NO
 INCLUDE CONSTANT TERM TO PRIOR (PRIORC):   NO
 INCLUDE CONSTANT TERM TO OMEGA (ETA) (OLNTWOPI):NO
 ADDITIONAL CONVERGENCE TEST (CTYPE=4)?:    NO
 EM OR BAYESIAN METHOD USED:                 NONE


 THE FOLLOWING LABELS ARE EQUIVALENT
 PRED=PREDI
 RES=RESI
 WRES=WRESI
 IWRS=IWRESI
 IPRD=IPREDI
 IRS=IRESI

 Elapsed evaluation time in seconds:     0.01
 Elapsed postprocess time in seconds:     0.02
1
 
 
 
 
 
 
 
 
 
 
 
 
 
 
 
 
 
 
 
 
 ************************************************************************************************************************
 ********************                                                                                ********************
 ********************         FIRST ORDER CONDITIONAL ESTIMATION WITH INTERACTION (EVALUATION)       ********************
 #OBJT:**************                       MINIMUM VALUE OF OBJECTIVE FUNCTION                      ********************
 ********************                                                                                ********************
 ************************************************************************************************************************
 





 #OBJV:********************************************    -1037.420       **************************************************
1
 ************************************************************************************************************************
 ********************                                                                                ********************
 ********************         FIRST ORDER CONDITIONAL ESTIMATION WITH INTERACTION (EVALUATION)       ********************
 ********************                             FINAL PARAMETER ESTIMATE                           ********************
 ********************                                                                                ********************
 ************************************************************************************************************************
 


 THETA - VECTOR OF FIXED EFFECTS PARAMETERS   *********


         TH 1      TH 2      TH 3      TH 4      TH 5      TH 6     
 
         4.00E+00  4.00E+01  8.00E+00  8.00E+01  1.00E+00  4.00E-02
 


 OMEGA - COV MATRIX FOR RANDOM EFFECTS - ETAS  ********


         ETA1      ETA2      ETA3      ETA4      ETA5     
 
 ETA1
+        1.50E-01
 
 ETA2
+        0.00E+00  1.50E-01
 
 ETA3
+        0.00E+00  0.00E+00  8.00E-02
 
 ETA4
+        0.00E+00  0.00E+00  0.00E+00  8.00E-02
 
 ETA5
+        0.00E+00  0.00E+00  0.00E+00  0.00E+00  2.00E-01
 


 SIGMA - COV MATRIX FOR RANDOM EFFECTS - EPSILONS  ****


         EPS1     
 
 EPS1
+        1.60E-03
 
1


 OMEGA - CORR MATRIX FOR RANDOM EFFECTS - ETAS  *******


         ETA1      ETA2      ETA3      ETA4      ETA5     
 
 ETA1
+        3.87E-01
 
 ETA2
+        0.00E+00  3.87E-01
 
 ETA3
+        0.00E+00  0.00E+00  2.83E-01
 
 ETA4
+        0.00E+00  0.00E+00  0.00E+00  2.83E-01
 
 ETA5
+        0.00E+00  0.00E+00  0.00E+00  0.00E+00  4.47E-01
 


 SIGMA - CORR MATRIX FOR RANDOM EFFECTS - EPSILONS  ***


         EPS1     
 
 EPS1
+        4.00E-02
 
 Elapsed finaloutput time in seconds:     0.01
 #CPUT: Total CPU Time in Seconds,        0.064
Stop Time:
Wed Sep  9 10:05:13 PM UTC 2026
