Sat Sep 12 04:22:00 PM UTC 2026
$PROBLEM Allometric CL with estimated exponent, SAEM with a linear MU -- anchor for ferx covariate mu-referencing [#619]
; Reference SAEM fit for the second shape of ferx's covariate mu-referencing:
;
;     CL_i = THETA(1) * (WT_i/70)**THETA(2) * EXP(ETA(1))
;
; i.e. MU_1 = LOG(THETA(1)) + THETA(2)*LOG(WT/70) -- linear in THETA, NONMEM's
; efficient MU form. ferx used to mu-reference only THETA(1) here (the power
; factor hides THETA(2) from the single-anchor detector) and left THETA(2) on
; the eta-frozen numerical M-step; with #619 both thetas form one covariate
; mu-reference group and are re-fitted jointly.
;
; Data covmuref_power.csv is simulated FROM this model
; (nonmem_anchor/simulate_covmuref_data.py). Truths: TVCL=5, TH_WT=0.75,
; TVV=50, omega^2 = 0.09 (CL), 0.04 (V), sigma^2 = 0.01. WT constant per subject.

$INPUT ID TIME DV AMT EVID CMT WT
$DATA covmuref_power.csv IGNORE=@

$SUBROUTINES ADVAN1 TRANS2

$PK
  MU_1 = LOG(THETA(1)) + THETA(2)*LOG(WT/70.0)
  MU_2 = LOG(THETA(3))
  CL = EXP(MU_1 + ETA(1))
  V  = EXP(MU_2 + ETA(2))
  S1 = V

$ERROR
  IPRED = F
  Y = IPRED*(1.0 + EPS(1))

$THETA
  (0.0,  4.0,  100)   ; 1 TVCL   (L/h)  truth 5
  (-2.0, 0.3,  3.0)   ; 2 TH_WT  allometric exponent, truth 0.75
  (1.0,  40.0, 500)   ; 3 TVV    (L)    truth 50

$OMEGA
  0.1    ; IIV CL   truth 0.09
  0.1    ; IIV V    truth 0.04

$SIGMA
  0.02   ; proportional residual variance, truth 0.01

$ESTIMATION METHOD=SAEM INTERACTION NBURN=2000 NITER=1000 ISAMPLE=10 PRINT=200 SEED=619 NOABORT
$ESTIMATION METHOD=IMP INTERACTION EONLY=1 NITER=10 ISAMPLE=3000 PRINT=1 SEED=619 NOABORT
$TABLE ID TIME DV IPRED CWRES NOPRINT ONEHEADER FILE=covmuref_power_saem.tab

NM-TRAN MESSAGES
  
 WARNINGS AND ERRORS (IF ANY) FOR PROBLEM    1
             
 (WARNING  2) NM-TRAN INFERS THAT THE DATA ARE POPULATION.

 (MU_WARNING 26) DATA ITEM(S) USED IN DEFINITION OF MU_(S) SHOULD BE CONSTANT FOR INDIV. REC.:
  WT
  
Note: Analytical 2nd Derivatives are constructed in FSUBS but are never used.
      You may insert $ABBR DERIV2=NO after the first $PROB to save FSUBS construction and compilation time
  

License Registered to:  InsightRX
Expiration Date:    14 AUG 2027
Current Date:       12 SEP 2026
Days until program expires : 337
1NONLINEAR MIXED EFFECTS MODEL PROGRAM (NONMEM) VERSION 7.5.1
 ORIGINALLY DEVELOPED BY STUART BEAL, LEWIS SHEINER, AND ALISON BOECKMANN
 CURRENT DEVELOPERS ARE ROBERT BAUER, ICON DEVELOPMENT SOLUTIONS,
 AND ALISON BOECKMANN. IMPLEMENTATION, EFFICIENCY, AND STANDARDIZATION
 PERFORMED BY NOUS INFOSYSTEMS.

 PROBLEM NO.:         1
 Allometric CL with estimated exponent, SAEM with a linear MU -- anchor f
0DATA CHECKOUT RUN:              NO
 DATA SET LOCATED ON UNIT NO.:    2
 THIS UNIT TO BE REWOUND:        NO
 NO. OF DATA RECS IN DATA SET:      480
 NO. OF DATA ITEMS IN DATA SET:   8
 ID DATA ITEM IS DATA ITEM NO.:   1
 DEP VARIABLE IS DATA ITEM NO.:   3
 MDV DATA ITEM IS DATA ITEM NO.:  8
0INDICES PASSED TO SUBROUTINE PRED:
   5   2   4   0   0   0   6   0   0   0   0
0LABELS FOR DATA ITEMS:
 ID TIME DV AMT EVID CMT WT MDV
0(NONBLANK) LABELS FOR PRED-DEFINED ITEMS:
 IPRED
0FORMAT FOR DATA:
 (E3.0,E4.0,E11.0,E4.0,2E2.0,E6.0,1F2.0)

 TOT. NO. OF OBS RECS:      420
 TOT. NO. OF INDIVIDUALS:       60
0LENGTH OF THETA:   3
0DEFAULT THETA BOUNDARY TEST OMITTED:    NO
0OMEGA HAS SIMPLE DIAGONAL FORM WITH DIMENSION:   2
0DEFAULT OMEGA BOUNDARY TEST OMITTED:    NO
0SIGMA HAS SIMPLE DIAGONAL FORM WITH DIMENSION:   1
0DEFAULT SIGMA BOUNDARY TEST OMITTED:    NO
0INITIAL ESTIMATE OF THETA:
 LOWER BOUND    INITIAL EST    UPPER BOUND
  0.0000E+00     0.4000E+01     0.1000E+03
 -0.2000E+01     0.3000E+00     0.3000E+01
  0.1000E+01     0.4000E+02     0.5000E+03
0INITIAL ESTIMATE OF OMEGA:
 0.1000E+00
 0.0000E+00   0.1000E+00
0INITIAL ESTIMATE OF SIGMA:
 0.2000E-01
0TABLES STEP OMITTED:    NO
 NO. OF TABLES:           1
 SEED NUMBER (SEED):    11456
 NPDTYPE:    0
 INTERPTYPE:    0
 RANMETHOD:             3U
 MC SAMPLES (ESAMPLE):    300
 WRES SQUARE ROOT TYPE (WRESCHOL): EIGENVALUE
0-- TABLE   1 --
0RECORDS ONLY:    ALL
04 COLUMNS APPENDED:    YES
 PRINTED:                NO
 HEADER:                YES
 FILE TO BE FORWARDED:   NO
 FORMAT:                S1PE11.4
 IDFORMAT:
 LFORMAT:
 RFORMAT:
 FIXED_EFFECT_ETAS:
0USER-CHOSEN ITEMS:
 ID TIME DV IPRED CWRES
1DOUBLE PRECISION PREDPP VERSION 7.5.1

 ONE COMPARTMENT MODEL (ADVAN1)
0MAXIMUM NO. OF BASIC PK PARAMETERS:   2
0BASIC PK PARAMETERS (AFTER TRANSLATION):
   ELIMINATION RATE (K) IS BASIC PK PARAMETER NO.:  1

 TRANSLATOR WILL CONVERT PARAMETERS
 CLEARANCE (CL) AND VOLUME (V) TO K (TRANS2)
0COMPARTMENT ATTRIBUTES
 COMPT. NO.   FUNCTION   INITIAL    ON/OFF      DOSE      DEFAULT    DEFAULT
                         STATUS     ALLOWED    ALLOWED    FOR DOSE   FOR OBS.
    1         CENTRAL      ON         NO         YES        YES        YES
    2         OUTPUT       OFF        YES        NO         NO         NO
1
 ADDITIONAL PK PARAMETERS - ASSIGNMENT OF ROWS IN GG
 COMPT. NO.                             INDICES
              SCALE      BIOAVAIL.   ZERO-ORDER  ZERO-ORDER  ABSORB
                         FRACTION    RATE        DURATION    LAG
    1            3           *           *           *           *
    2            *           -           -           -           -
             - PARAMETER IS NOT ALLOWED FOR THIS MODEL
             * PARAMETER IS NOT SUPPLIED BY PK SUBROUTINE;
               WILL DEFAULT TO ONE IF APPLICABLE
0DATA ITEM INDICES USED BY PRED ARE:
   EVENT ID DATA ITEM IS DATA ITEM NO.:      5
   TIME DATA ITEM IS DATA ITEM NO.:          2
   DOSE AMOUNT DATA ITEM IS DATA ITEM NO.:   4
   COMPT. NO. DATA ITEM IS DATA ITEM NO.:    6

0PK SUBROUTINE CALLED WITH EVERY EVENT RECORD.
 PK SUBROUTINE NOT CALLED AT NONEVENT (ADDITIONAL OR LAGGED) DOSE TIMES.
0ERROR SUBROUTINE CALLED WITH EVERY EVENT RECORD.
1


 #TBLN:      1
 #METH: Stochastic Approximation Expectation-Maximization

 ESTIMATION STEP OMITTED:                 NO
 ANALYSIS TYPE:                           POPULATION
 NUMBER OF SADDLE POINT RESET ITERATIONS:      0
 GRADIENT METHOD USED:               NOSLOW
 CONDITIONAL ESTIMATES USED:              YES
 CENTERED ETA:                            NO
 EPS-ETA INTERACTION:                     YES
 LAPLACIAN OBJ. FUNC.:                    NO
 NO. OF FUNCT. EVALS. ALLOWED:            288
 NO. OF SIG. FIGURES REQUIRED:            3
 INTERMEDIATE PRINTOUT:                   YES
 ESTIMATE OUTPUT TO MSF:                  NO
 ABORT WITH PRED EXIT CODE 1:             NO
 IND. OBJ. FUNC. VALUES SORTED:           NO
 NUMERICAL DERIVATIVE
       FILE REQUEST (NUMDER):               NONE
 MAP (ETAHAT) ESTIMATION METHOD (OPTMAP):   0
 ETA HESSIAN EVALUATION METHOD (ETADER):    0
 INITIAL ETA FOR MAP ESTIMATION (MCETA):    0
 SIGDIGITS FOR MAP ESTIMATION (SIGLO):      100
 GRADIENT SIGDIGITS OF
       FIXED EFFECTS PARAMETERS (SIGL):     100
 NOPRIOR SETTING (NOPRIOR):                 0
 NOCOV SETTING (NOCOV):                     OFF
 DERCONT SETTING (DERCONT):                 OFF
 FINAL ETA RE-EVALUATION (FNLETA):          1
 EXCLUDE NON-INFLUENTIAL (NON-INFL.) ETAS
       IN SHRINKAGE (ETASTYPE):             NO
 NON-INFL. ETA CORRECTION (NONINFETA):      0
 RAW OUTPUT FILE (FILE): covmuref_power_saem.ext
 EXCLUDE TITLE (NOTITLE):                   NO
 EXCLUDE COLUMN LABELS (NOLABEL):           NO
 FORMAT FOR ADDITIONAL FILES (FORMAT):      S1PE12.5
 PARAMETER ORDER FOR OUTPUTS (ORDER):       TSOL
 KNUTHSUMOFF:                               0
 INCLUDE LNTWOPI:                           NO
 INCLUDE CONSTANT TERM TO PRIOR (PRIORC):   NO
 INCLUDE CONSTANT TERM TO OMEGA (ETA) (OLNTWOPI):NO
 EM OR BAYESIAN METHOD USED:                STOCHASTIC APPROXIMATION EXPECTATION MAXIMIZATION (SAEM)
 MU MODELING PATTERN (MUM):
 GRADIENT/GIBBS PATTERN (GRD):
 AUTOMATIC SETTING FEATURE (AUTO):          0
 CONVERGENCE TYPE (CTYPE):                  0
 BURN-IN ITERATIONS (NBURN):                2000
 FIRST ITERATION FOR MAP (MAPITERS):          NO
 ITERATIONS (NITER):                        1000
 ANNEAL SETTING (CONSTRAIN):                 1
 STARTING SEED FOR MC METHODS (SEED):       619
 MC SAMPLES PER SUBJECT (ISAMPLE):          10
 RANDOM SAMPLING METHOD (RANMETHOD):        3U
 EXPECTATION ONLY (EONLY):                  0
 PROPOSAL DENSITY SCALING RANGE
              (ISCALE_MIN, ISCALE_MAX):     1.000000000000000E-06   ,1000000.00000000
 SAMPLE ACCEPTANCE RATE (IACCEPT):          0.400000000000000
 METROPOLIS HASTINGS SAMPLING FOR INDIVIDUAL ETAS:
 SAMPLES FOR GLOBAL SEARCH KERNEL (ISAMPLE_M1):          2
 SAMPLES FOR NEIGHBOR SEARCH KERNEL (ISAMPLE_M1A):       0
 SAMPLES FOR MASS/IMP/POST. MATRIX SEARCH (ISAMPLE_M1B): 2
 SAMPLES FOR LOCAL SEARCH KERNEL (ISAMPLE_M2):           2
 SAMPLES FOR LOCAL UNIVARIATE KERNEL (ISAMPLE_M3):       2
 PWR. WT. MASS/IMP/POST MATRIX ACCUM. FOR ETAS (IKAPPA): 1.00000000000000
 MASS/IMP./POST. MATRIX REFRESH SETTING (MASSRESET):      -1


 THE FOLLOWING LABELS ARE EQUIVALENT
 PRED=PREDI
 RES=RESI
 WRES=WRESI
 IWRS=IWRESI
 IPRD=IPREDI
 IRS=IRESI

 EM/BAYES SETUP:
 THETAS THAT ARE MU MODELED:
   1   2   3
 THETAS THAT ARE SIGMA-LIKE:
 

 MONITORING OF SEARCH:

 Stochastic/Burn-in Mode
 iteration        -2000  SAEMOBJ=  -1326.2027760439580
 iteration        -1800  SAEMOBJ=  -1889.0541031223665
 iteration        -1600  SAEMOBJ=  -1884.6755125819943
 iteration        -1400  SAEMOBJ=  -1881.4139830932081
 iteration        -1200  SAEMOBJ=  -1887.8047342441955
 iteration        -1000  SAEMOBJ=  -1890.3456201331423
 iteration         -800  SAEMOBJ=  -1884.9852366019488
 iteration         -600  SAEMOBJ=  -1884.7797670612727
 iteration         -400  SAEMOBJ=  -1887.1960193509788
 iteration         -200  SAEMOBJ=  -1887.6263067562199
 Reduced Stochastic/Accumulation Mode
 iteration            0  SAEMOBJ=  -1881.2398078748174
 iteration          200  SAEMOBJ=  -1887.2656975688901
 iteration          400  SAEMOBJ=  -1887.3002415083370
 iteration          600  SAEMOBJ=  -1887.3027343431961
 iteration          800  SAEMOBJ=  -1887.2686237044061
 iteration         1000  SAEMOBJ=  -1887.2023031350107

 #TERM:
 STOCHASTIC PORTION WAS NOT TESTED FOR CONVERGENCE
 REDUCED STOCHASTIC PORTION WAS COMPLETED

 ETABAR IS THE ARITHMETIC MEAN OF THE ETA-ESTIMATES,
 AND THE P-VALUE IS GIVEN FOR THE NULL HYPOTHESIS THAT THE TRUE MEAN IS 0.

 ETABAR:        -9.6541E-07  1.1972E-06
 SE:             3.3567E-02  2.6915E-02
 N:                      60          60

 P VAL.:         9.9998E-01  9.9996E-01

 ETASHRINKSD(%)  1.4838E+00  2.6800E+00
 ETASHRINKVR(%)  2.9455E+00  5.2883E+00
 EBVSHRINKSD(%)  1.4835E+00  2.6820E+00
 EBVSHRINKVR(%)  2.9449E+00  5.2920E+00
 RELATIVEINF(%)  9.7039E+01  9.4692E+01
 EPSSHRINKSD(%)  1.4748E+01
 EPSSHRINKVR(%)  2.7321E+01

  
 TOTAL DATA POINTS NORMALLY DISTRIBUTED (N):          420
 N*LOG(2PI) CONSTANT TO OBJECTIVE FUNCTION:    771.90836789192508     
 OBJECTIVE FUNCTION VALUE WITHOUT CONSTANT:   -1887.2023031350107     
 OBJECTIVE FUNCTION VALUE WITH CONSTANT:      -1115.2939352430856     
 REPORTED OBJECTIVE FUNCTION DOES NOT CONTAIN CONSTANT
  
 TOTAL EFFECTIVE ETAS (NIND*NETA):                           120
 NIND*NETA*LOG(2PI) CONSTANT TO OBJECTIVE FUNCTION:    220.54524796912145     
 OBJECTIVE FUNCTION VALUE WITHOUT CONSTANT:   -1887.2023031350107     
 OBJECTIVE FUNCTION VALUE WITH CONSTANT:      -1666.6570551658892     
 REPORTED OBJECTIVE FUNCTION DOES NOT CONTAIN CONSTANT
  
 #TERE:
 Elapsed estimation  time in seconds:    42.78
1
 
 
 
 
 
 
 
 
 
 
 
 
 
 
 
 
 
 
 
 
 ************************************************************************************************************************
 ********************                                                                                ********************
 ********************                STOCHASTIC APPROXIMATION EXPECTATION-MAXIMIZATION               ********************
 #OBJT:**************                        FINAL VALUE OF LIKELIHOOD FUNCTION                      ********************
 ********************                                                                                ********************
 ************************************************************************************************************************
 





 #OBJV:********************************************    -1887.202       **************************************************
1
 ************************************************************************************************************************
 ********************                                                                                ********************
 ********************                STOCHASTIC APPROXIMATION EXPECTATION-MAXIMIZATION               ********************
 ********************                             FINAL PARAMETER ESTIMATE                           ********************
 ********************                                                                                ********************
 ************************************************************************************************************************
 


 THETA - VECTOR OF FIXED EFFECTS PARAMETERS   *********


         TH 1      TH 2      TH 3     
 
         4.79E+00  9.21E-01  4.95E+01
 


 OMEGA - COV MATRIX FOR RANDOM EFFECTS - ETAS  ********


         ETA1      ETA2     
 
 ETA1
+        6.97E-02
 
 ETA2
+        0.00E+00  4.59E-02
 


 SIGMA - COV MATRIX FOR RANDOM EFFECTS - EPSILONS  ****


         EPS1     
 
 EPS1
+        9.67E-03
 
1


 OMEGA - CORR MATRIX FOR RANDOM EFFECTS - ETAS  *******


         ETA1      ETA2     
 
 ETA1
+        2.64E-01
 
 ETA2
+        0.00E+00  2.14E-01
 


 SIGMA - CORR MATRIX FOR RANDOM EFFECTS - EPSILONS  ***


         EPS1     
 
 EPS1
+        9.83E-02
 
1


 #TBLN:      2
 #METH: Objective Function Evaluation by Importance Sampling

 ESTIMATION STEP OMITTED:                 NO
 ANALYSIS TYPE:                           POPULATION
 NUMBER OF SADDLE POINT RESET ITERATIONS:      0
 GRADIENT METHOD USED:               NOSLOW
 CONDITIONAL ESTIMATES USED:              YES
 CENTERED ETA:                            NO
 EPS-ETA INTERACTION:                     YES
 LAPLACIAN OBJ. FUNC.:                    NO
 NO. OF FUNCT. EVALS. ALLOWED:            288
 NO. OF SIG. FIGURES REQUIRED:            3
 INTERMEDIATE PRINTOUT:                   YES
 ESTIMATE OUTPUT TO MSF:                  NO
 ABORT WITH PRED EXIT CODE 1:             NO
 IND. OBJ. FUNC. VALUES SORTED:           NO
 NUMERICAL DERIVATIVE
       FILE REQUEST (NUMDER):               NONE
 MAP (ETAHAT) ESTIMATION METHOD (OPTMAP):   0
 ETA HESSIAN EVALUATION METHOD (ETADER):    0
 INITIAL ETA FOR MAP ESTIMATION (MCETA):    0
 SIGDIGITS FOR MAP ESTIMATION (SIGLO):      100
 GRADIENT SIGDIGITS OF
       FIXED EFFECTS PARAMETERS (SIGL):     100
 NOPRIOR SETTING (NOPRIOR):                 0
 NOCOV SETTING (NOCOV):                     OFF
 DERCONT SETTING (DERCONT):                 OFF
 FINAL ETA RE-EVALUATION (FNLETA):          1
 EXCLUDE NON-INFLUENTIAL (NON-INFL.) ETAS
       IN SHRINKAGE (ETASTYPE):             NO
 NON-INFL. ETA CORRECTION (NONINFETA):      0
 RAW OUTPUT FILE (FILE): covmuref_power_saem.ext
 EXCLUDE TITLE (NOTITLE):                   NO
 EXCLUDE COLUMN LABELS (NOLABEL):           NO
 FORMAT FOR ADDITIONAL FILES (FORMAT):      S1PE12.5
 PARAMETER ORDER FOR OUTPUTS (ORDER):       TSOL
 KNUTHSUMOFF:                               0
 INCLUDE LNTWOPI:                           NO
 INCLUDE CONSTANT TERM TO PRIOR (PRIORC):   NO
 INCLUDE CONSTANT TERM TO OMEGA (ETA) (OLNTWOPI):NO
 EM OR BAYESIAN METHOD USED:                IMPORTANCE SAMPLING (IMP)
 MU MODELING PATTERN (MUM):
 GRADIENT/GIBBS PATTERN (GRD):
 AUTOMATIC SETTING FEATURE (AUTO):          0
 CONVERGENCE TYPE (CTYPE):                  0
 ITERATIONS (NITER):                        10
 ANNEAL SETTING (CONSTRAIN):                 1
 STARTING SEED FOR MC METHODS (SEED):       619
 MC SAMPLES PER SUBJECT (ISAMPLE):          3000
 RANDOM SAMPLING METHOD (RANMETHOD):        3U
 EXPECTATION ONLY (EONLY):                  1
 PROPOSAL DENSITY SCALING RANGE
              (ISCALE_MIN, ISCALE_MAX):     0.100000000000000       ,10.0000000000000
 SAMPLE ACCEPTANCE RATE (IACCEPT):          0.400000000000000
 LONG TAIL SAMPLE ACCEPT. RATE (IACCEPTL):   0.00000000000000
 T-DIST. PROPOSAL DENSITY (DF):             0
 NO. ITERATIONS FOR MAP (MAPITER):          1
 INTERVAL ITER. FOR MAP (MAPINTER):         0
 MAP COVARIANCE/MODE SETTING (MAPCOV):      1
 Gradient Quick Value (GRDQ):               0.00000000000000


 THE FOLLOWING LABELS ARE EQUIVALENT
 PRED=PREDI
 RES=RESI
 WRES=WRESI
 IWRS=IWRESI
 IPRD=IPREDI
 IRS=IRESI

 EM/BAYES SETUP:
 THETAS THAT ARE MU MODELED:
   1   2   3
 THETAS THAT ARE SIGMA-LIKE:
 

 MONITORING OF SEARCH:

 iteration            0  OBJ=  -1202.3471427660952 eff.=    3030. Smpl.=    3000. Fit.= 0.97622
 iteration            1  OBJ=  -1202.2116274788266 eff.=    1173. Smpl.=    3000. Fit.= 0.78798
 iteration            2  OBJ=  -1202.5764839781136 eff.=    1196. Smpl.=    3000. Fit.= 0.79158
 iteration            3  OBJ=  -1202.2460127577042 eff.=    1202. Smpl.=    3000. Fit.= 0.79330
 iteration            4  OBJ=  -1202.2823573210474 eff.=    1197. Smpl.=    3000. Fit.= 0.79195
 iteration            5  OBJ=  -1202.2964544562126 eff.=    1199. Smpl.=    3000. Fit.= 0.79278
 iteration            6  OBJ=  -1202.8517222871747 eff.=    1209. Smpl.=    3000. Fit.= 0.79363
 iteration            7  OBJ=  -1202.3516446844801 eff.=    1199. Smpl.=    3000. Fit.= 0.79266
 iteration            8  OBJ=  -1202.2140415820834 eff.=    1193. Smpl.=    3000. Fit.= 0.79149
 iteration            9  OBJ=  -1202.4466618317952 eff.=    1202. Smpl.=    3000. Fit.= 0.79295
 iteration           10  OBJ=  -1202.3723542561856 eff.=    1200. Smpl.=    3000. Fit.= 0.79214

 #TERM:
 EXPECTATION ONLY PROCESS WAS NOT TESTED FOR CONVERGENCE


 ETABAR IS THE ARITHMETIC MEAN OF THE ETA-ESTIMATES,
 AND THE P-VALUE IS GIVEN FOR THE NULL HYPOTHESIS THAT THE TRUE MEAN IS 0.

 ETABAR:        -3.0603E-05 -5.4589E-07
 SE:             3.3590E-02  2.6920E-02
 N:                      60          60

 P VAL.:         9.9927E-01  9.9998E-01

 ETASHRINKSD(%)  1.4155E+00  2.6602E+00
 ETASHRINKVR(%)  2.8110E+00  5.2497E+00
 EBVSHRINKSD(%)  1.4880E+00  2.6850E+00
 EBVSHRINKVR(%)  2.9538E+00  5.2980E+00
 RELATIVEINF(%)  9.7029E+01  9.4686E+01
 EPSSHRINKSD(%)  1.4757E+01
 EPSSHRINKVR(%)  2.7336E+01

  
 TOTAL DATA POINTS NORMALLY DISTRIBUTED (N):          420
 N*LOG(2PI) CONSTANT TO OBJECTIVE FUNCTION:    771.90836789192508     
 OBJECTIVE FUNCTION VALUE WITHOUT CONSTANT:   -1202.3723542561856     
 OBJECTIVE FUNCTION VALUE WITH CONSTANT:      -430.46398636426056     
 REPORTED OBJECTIVE FUNCTION DOES NOT CONTAIN CONSTANT
  
 TOTAL EFFECTIVE ETAS (NIND*NETA):                           120
  
 #TERE:
 Elapsed estimation  time in seconds:     3.82
1
 
 
 
 
 
 
 
 
 
 
 
 
 
 
 
 
 
 
 
 
 ************************************************************************************************************************
 ********************                                                                                ********************
 ********************               OBJECTIVE FUNCTION EVALUATION BY IMPORTANCE SAMPLING             ********************
 #OBJT:**************                        FINAL VALUE OF OBJECTIVE FUNCTION                       ********************
 ********************                                                                                ********************
 ************************************************************************************************************************
 





 #OBJV:********************************************    -1202.372       **************************************************
1
 ************************************************************************************************************************
 ********************                                                                                ********************
 ********************               OBJECTIVE FUNCTION EVALUATION BY IMPORTANCE SAMPLING             ********************
 ********************                             FINAL PARAMETER ESTIMATE                           ********************
 ********************                                                                                ********************
 ************************************************************************************************************************
 


 THETA - VECTOR OF FIXED EFFECTS PARAMETERS   *********


         TH 1      TH 2      TH 3     
 
         4.79E+00  9.21E-01  4.95E+01
 


 OMEGA - COV MATRIX FOR RANDOM EFFECTS - ETAS  ********


         ETA1      ETA2     
 
 ETA1
+        6.97E-02
 
 ETA2
+        0.00E+00  4.59E-02
 


 SIGMA - COV MATRIX FOR RANDOM EFFECTS - EPSILONS  ****


         EPS1     
 
 EPS1
+        9.67E-03
 
1


 OMEGA - CORR MATRIX FOR RANDOM EFFECTS - ETAS  *******


         ETA1      ETA2     
 
 ETA1
+        2.64E-01
 
 ETA2
+        0.00E+00  2.14E-01
 


 SIGMA - CORR MATRIX FOR RANDOM EFFECTS - EPSILONS  ***


         EPS1     
 
 EPS1
+        9.83E-02
 
 Elapsed postprocess time in seconds:     0.03
 Elapsed finaloutput time in seconds:     0.00
 #CPUT: Total CPU Time in Seconds,       46.677
Stop Time:
Sat Sep 12 04:22:50 PM UTC 2026
