Sat Sep 12 04:21:59 PM UTC 2026
$PROBLEM Additive renal covariate on CL, SAEM with a nonlinear MU -- anchor for ferx covariate mu-referencing [#619]
; Reference SAEM fit for ferx's multi-theta (covariate) mu-referencing.
; 1-cpt IV bolus; CL carries an additive renal gradient and IIV:
;
;     CL_i = (THETA(1) + (CRCL_i - 90) * THETA(2)) * EXP(ETA(1))
;
; which is not log-linear in a single theta, so the mu-reference is the
; *nonlinear* MU_1 = LOG(THETA(1) + (CRCL-90)*THETA(2)). NONMEM accepts a MU
; that is nonlinear in THETA (its EM update is then iterative rather than the
; one-line linear solve); ferx's covariate mu-reference group does the same
; re-fit of (THETA(1), THETA(2)) to the population of individual log-CL values.
;
; The dataset covmuref_additive.csv is simulated FROM this model
; (nonmem_anchor/simulate_covmuref_data.py, same truths), so this is a matched
; (well-specified) fit: NONMEM and ferx should agree AND both recover the
; data-generating values.
;
; Truths: TVCL=5, TH_CRCL=0.05, TVV=50, omega^2 = 0.09 (CL), 0.04 (V),
;         sigma^2 = 0.01. CRCL is constant within each subject.

$INPUT ID TIME DV AMT EVID CMT CRCL
$DATA covmuref_additive.csv IGNORE=@

$SUBROUTINES ADVAN1 TRANS2

$PK
  MU_1 = LOG(THETA(1) + (CRCL - 90.0)*THETA(2))   ; nonlinear in THETA
  MU_2 = LOG(THETA(3))
  CL = EXP(MU_1 + ETA(1))
  V  = EXP(MU_2 + ETA(2))
  S1 = V

$ERROR
  IPRED = F
  Y = IPRED*(1.0 + EPS(1))

$THETA
  (0.0,  4.0,  100)   ; 1 TVCL     (L/h)   truth 5
  (0.0,  0.02, 5.0)   ; 2 TH_CRCL  (L/h per mL/min)  truth 0.05
  (1.0,  40.0, 500)   ; 3 TVV      (L)     truth 50

$OMEGA
  0.1    ; IIV CL   truth 0.09
  0.1    ; IIV V    truth 0.04

$SIGMA
  0.02   ; proportional residual variance, truth 0.01

$ESTIMATION METHOD=SAEM INTERACTION NBURN=2000 NITER=1000 ISAMPLE=10 PRINT=200 SEED=619 NOABORT
$ESTIMATION METHOD=IMP INTERACTION EONLY=1 NITER=10 ISAMPLE=3000 PRINT=1 SEED=619 NOABORT
; No $COVARIANCE: point estimates only (printing R aborts this build on the SAEM+IMP chain).
$TABLE ID TIME DV IPRED CWRES NOPRINT ONEHEADER FILE=covmuref_additive_saem.tab

NM-TRAN MESSAGES
  
 WARNINGS AND ERRORS (IF ANY) FOR PROBLEM    1
             
 (WARNING  2) NM-TRAN INFERS THAT THE DATA ARE POPULATION.

 (MU_WARNING 26) DATA ITEM(S) USED IN DEFINITION OF MU_(S) SHOULD BE CONSTANT FOR INDIV. REC.:
  CRCL
  
Note: Analytical 2nd Derivatives are constructed in FSUBS but are never used.
      You may insert $ABBR DERIV2=NO after the first $PROB to save FSUBS construction and compilation time
  

License Registered to:  InsightRX
Expiration Date:    14 AUG 2027
Current Date:       12 SEP 2026
Days until program expires : 337
1NONLINEAR MIXED EFFECTS MODEL PROGRAM (NONMEM) VERSION 7.5.1
 ORIGINALLY DEVELOPED BY STUART BEAL, LEWIS SHEINER, AND ALISON BOECKMANN
 CURRENT DEVELOPERS ARE ROBERT BAUER, ICON DEVELOPMENT SOLUTIONS,
 AND ALISON BOECKMANN. IMPLEMENTATION, EFFICIENCY, AND STANDARDIZATION
 PERFORMED BY NOUS INFOSYSTEMS.

 PROBLEM NO.:         1
 Additive renal covariate on CL, SAEM with a nonlinear MU -- anchor for f
0DATA CHECKOUT RUN:              NO
 DATA SET LOCATED ON UNIT NO.:    2
 THIS UNIT TO BE REWOUND:        NO
 NO. OF DATA RECS IN DATA SET:      480
 NO. OF DATA ITEMS IN DATA SET:   8
 ID DATA ITEM IS DATA ITEM NO.:   1
 DEP VARIABLE IS DATA ITEM NO.:   3
 MDV DATA ITEM IS DATA ITEM NO.:  8
0INDICES PASSED TO SUBROUTINE PRED:
   5   2   4   0   0   0   6   0   0   0   0
0LABELS FOR DATA ITEMS:
 ID TIME DV AMT EVID CMT CRCL MDV
0(NONBLANK) LABELS FOR PRED-DEFINED ITEMS:
 IPRED
0FORMAT FOR DATA:
 (E3.0,E4.0,E11.0,E4.0,2E2.0,E6.0,1F2.0)

 TOT. NO. OF OBS RECS:      420
 TOT. NO. OF INDIVIDUALS:       60
0LENGTH OF THETA:   3
0DEFAULT THETA BOUNDARY TEST OMITTED:    NO
0OMEGA HAS SIMPLE DIAGONAL FORM WITH DIMENSION:   2
0DEFAULT OMEGA BOUNDARY TEST OMITTED:    NO
0SIGMA HAS SIMPLE DIAGONAL FORM WITH DIMENSION:   1
0DEFAULT SIGMA BOUNDARY TEST OMITTED:    NO
0INITIAL ESTIMATE OF THETA:
 LOWER BOUND    INITIAL EST    UPPER BOUND
  0.0000E+00     0.4000E+01     0.1000E+03
  0.0000E+00     0.2000E-01     0.5000E+01
  0.1000E+01     0.4000E+02     0.5000E+03
0INITIAL ESTIMATE OF OMEGA:
 0.1000E+00
 0.0000E+00   0.1000E+00
0INITIAL ESTIMATE OF SIGMA:
 0.2000E-01
0TABLES STEP OMITTED:    NO
 NO. OF TABLES:           1
 SEED NUMBER (SEED):    11456
 NPDTYPE:    0
 INTERPTYPE:    0
 RANMETHOD:             3U
 MC SAMPLES (ESAMPLE):    300
 WRES SQUARE ROOT TYPE (WRESCHOL): EIGENVALUE
0-- TABLE   1 --
0RECORDS ONLY:    ALL
04 COLUMNS APPENDED:    YES
 PRINTED:                NO
 HEADER:                YES
 FILE TO BE FORWARDED:   NO
 FORMAT:                S1PE11.4
 IDFORMAT:
 LFORMAT:
 RFORMAT:
 FIXED_EFFECT_ETAS:
0USER-CHOSEN ITEMS:
 ID TIME DV IPRED CWRES
1DOUBLE PRECISION PREDPP VERSION 7.5.1

 ONE COMPARTMENT MODEL (ADVAN1)
0MAXIMUM NO. OF BASIC PK PARAMETERS:   2
0BASIC PK PARAMETERS (AFTER TRANSLATION):
   ELIMINATION RATE (K) IS BASIC PK PARAMETER NO.:  1

 TRANSLATOR WILL CONVERT PARAMETERS
 CLEARANCE (CL) AND VOLUME (V) TO K (TRANS2)
0COMPARTMENT ATTRIBUTES
 COMPT. NO.   FUNCTION   INITIAL    ON/OFF      DOSE      DEFAULT    DEFAULT
                         STATUS     ALLOWED    ALLOWED    FOR DOSE   FOR OBS.
    1         CENTRAL      ON         NO         YES        YES        YES
    2         OUTPUT       OFF        YES        NO         NO         NO
1
 ADDITIONAL PK PARAMETERS - ASSIGNMENT OF ROWS IN GG
 COMPT. NO.                             INDICES
              SCALE      BIOAVAIL.   ZERO-ORDER  ZERO-ORDER  ABSORB
                         FRACTION    RATE        DURATION    LAG
    1            3           *           *           *           *
    2            *           -           -           -           -
             - PARAMETER IS NOT ALLOWED FOR THIS MODEL
             * PARAMETER IS NOT SUPPLIED BY PK SUBROUTINE;
               WILL DEFAULT TO ONE IF APPLICABLE
0DATA ITEM INDICES USED BY PRED ARE:
   EVENT ID DATA ITEM IS DATA ITEM NO.:      5
   TIME DATA ITEM IS DATA ITEM NO.:          2
   DOSE AMOUNT DATA ITEM IS DATA ITEM NO.:   4
   COMPT. NO. DATA ITEM IS DATA ITEM NO.:    6

0PK SUBROUTINE CALLED WITH EVERY EVENT RECORD.
 PK SUBROUTINE NOT CALLED AT NONEVENT (ADDITIONAL OR LAGGED) DOSE TIMES.
0ERROR SUBROUTINE CALLED WITH EVERY EVENT RECORD.
1


 #TBLN:      1
 #METH: Stochastic Approximation Expectation-Maximization

 ESTIMATION STEP OMITTED:                 NO
 ANALYSIS TYPE:                           POPULATION
 NUMBER OF SADDLE POINT RESET ITERATIONS:      0
 GRADIENT METHOD USED:               NOSLOW
 CONDITIONAL ESTIMATES USED:              YES
 CENTERED ETA:                            NO
 EPS-ETA INTERACTION:                     YES
 LAPLACIAN OBJ. FUNC.:                    NO
 NO. OF FUNCT. EVALS. ALLOWED:            288
 NO. OF SIG. FIGURES REQUIRED:            3
 INTERMEDIATE PRINTOUT:                   YES
 ESTIMATE OUTPUT TO MSF:                  NO
 ABORT WITH PRED EXIT CODE 1:             NO
 IND. OBJ. FUNC. VALUES SORTED:           NO
 NUMERICAL DERIVATIVE
       FILE REQUEST (NUMDER):               NONE
 MAP (ETAHAT) ESTIMATION METHOD (OPTMAP):   0
 ETA HESSIAN EVALUATION METHOD (ETADER):    0
 INITIAL ETA FOR MAP ESTIMATION (MCETA):    0
 SIGDIGITS FOR MAP ESTIMATION (SIGLO):      100
 GRADIENT SIGDIGITS OF
       FIXED EFFECTS PARAMETERS (SIGL):     100
 NOPRIOR SETTING (NOPRIOR):                 0
 NOCOV SETTING (NOCOV):                     OFF
 DERCONT SETTING (DERCONT):                 OFF
 FINAL ETA RE-EVALUATION (FNLETA):          1
 EXCLUDE NON-INFLUENTIAL (NON-INFL.) ETAS
       IN SHRINKAGE (ETASTYPE):             NO
 NON-INFL. ETA CORRECTION (NONINFETA):      0
 RAW OUTPUT FILE (FILE): covmuref_additive_saem.ext
 EXCLUDE TITLE (NOTITLE):                   NO
 EXCLUDE COLUMN LABELS (NOLABEL):           NO
 FORMAT FOR ADDITIONAL FILES (FORMAT):      S1PE12.5
 PARAMETER ORDER FOR OUTPUTS (ORDER):       TSOL
 KNUTHSUMOFF:                               0
 INCLUDE LNTWOPI:                           NO
 INCLUDE CONSTANT TERM TO PRIOR (PRIORC):   NO
 INCLUDE CONSTANT TERM TO OMEGA (ETA) (OLNTWOPI):NO
 EM OR BAYESIAN METHOD USED:                STOCHASTIC APPROXIMATION EXPECTATION MAXIMIZATION (SAEM)
 MU MODELING PATTERN (MUM):
 GRADIENT/GIBBS PATTERN (GRD):
 AUTOMATIC SETTING FEATURE (AUTO):          0
 CONVERGENCE TYPE (CTYPE):                  0
 BURN-IN ITERATIONS (NBURN):                2000
 FIRST ITERATION FOR MAP (MAPITERS):          NO
 ITERATIONS (NITER):                        1000
 ANNEAL SETTING (CONSTRAIN):                 1
 STARTING SEED FOR MC METHODS (SEED):       619
 MC SAMPLES PER SUBJECT (ISAMPLE):          10
 RANDOM SAMPLING METHOD (RANMETHOD):        3U
 EXPECTATION ONLY (EONLY):                  0
 PROPOSAL DENSITY SCALING RANGE
              (ISCALE_MIN, ISCALE_MAX):     1.000000000000000E-06   ,1000000.00000000
 SAMPLE ACCEPTANCE RATE (IACCEPT):          0.400000000000000
 METROPOLIS HASTINGS SAMPLING FOR INDIVIDUAL ETAS:
 SAMPLES FOR GLOBAL SEARCH KERNEL (ISAMPLE_M1):          2
 SAMPLES FOR NEIGHBOR SEARCH KERNEL (ISAMPLE_M1A):       0
 SAMPLES FOR MASS/IMP/POST. MATRIX SEARCH (ISAMPLE_M1B): 2
 SAMPLES FOR LOCAL SEARCH KERNEL (ISAMPLE_M2):           2
 SAMPLES FOR LOCAL UNIVARIATE KERNEL (ISAMPLE_M3):       2
 PWR. WT. MASS/IMP/POST MATRIX ACCUM. FOR ETAS (IKAPPA): 1.00000000000000
 MASS/IMP./POST. MATRIX REFRESH SETTING (MASSRESET):      -1


 THE FOLLOWING LABELS ARE EQUIVALENT
 PRED=PREDI
 RES=RESI
 WRES=WRESI
 IWRS=IWRESI
 IPRD=IPREDI
 IRS=IRESI

 EM/BAYES SETUP:
 THETAS THAT ARE MU MODELED:
   1   2   3
 THETAS THAT ARE SIGMA-LIKE:
 

 MONITORING OF SEARCH:

 Stochastic/Burn-in Mode
 iteration        -2000  SAEMOBJ=  -1366.6003439636495
 iteration        -1800  SAEMOBJ=  -1861.5602512240957
 iteration        -1600  SAEMOBJ=  -1851.2408488084056
 iteration        -1400  SAEMOBJ=  -1854.5225400399845
 iteration        -1200  SAEMOBJ=  -1855.3153106943182
 iteration        -1000  SAEMOBJ=  -1856.7784391516077
 iteration         -800  SAEMOBJ=  -1848.4470894132551
 iteration         -600  SAEMOBJ=  -1847.1373461586904
 iteration         -400  SAEMOBJ=  -1856.8725062783317
 iteration         -200  SAEMOBJ=  -1853.2082622752896
 Reduced Stochastic/Accumulation Mode
 iteration            0  SAEMOBJ=  -1848.6130123059572
 iteration          200  SAEMOBJ=  -1855.3905831143015
 iteration          400  SAEMOBJ=  -1855.5779434427109
 iteration          600  SAEMOBJ=  -1855.5685371470870
 iteration          800  SAEMOBJ=  -1855.6082099593227
 iteration         1000  SAEMOBJ=  -1855.5918401045142

 #TERM:
 STOCHASTIC PORTION WAS NOT TESTED FOR CONVERGENCE
 REDUCED STOCHASTIC PORTION WAS COMPLETED

 ETABAR IS THE ARITHMETIC MEAN OF THE ETA-ESTIMATES,
 AND THE P-VALUE IS GIVEN FOR THE NULL HYPOTHESIS THAT THE TRUE MEAN IS 0.

 ETABAR:        -1.6065E-06  1.2007E-06
 SE:             2.5153E-02  2.3667E-02
 N:                      60          60

 P VAL.:         9.9995E-01  9.9996E-01

 ETASHRINKSD(%)  2.7010E+00  3.4405E+00
 ETASHRINKVR(%)  5.3290E+00  6.7626E+00
 EBVSHRINKSD(%)  2.6999E+00  3.4423E+00
 EBVSHRINKVR(%)  5.3268E+00  6.7661E+00
 RELATIVEINF(%)  9.4645E+01  9.3206E+01
 EPSSHRINKSD(%)  1.4468E+01
 EPSSHRINKVR(%)  2.6842E+01

  
 TOTAL DATA POINTS NORMALLY DISTRIBUTED (N):          420
 N*LOG(2PI) CONSTANT TO OBJECTIVE FUNCTION:    771.90836789192508     
 OBJECTIVE FUNCTION VALUE WITHOUT CONSTANT:   -1855.5918401045142     
 OBJECTIVE FUNCTION VALUE WITH CONSTANT:      -1083.6834722125891     
 REPORTED OBJECTIVE FUNCTION DOES NOT CONTAIN CONSTANT
  
 TOTAL EFFECTIVE ETAS (NIND*NETA):                           120
 NIND*NETA*LOG(2PI) CONSTANT TO OBJECTIVE FUNCTION:    220.54524796912145     
 OBJECTIVE FUNCTION VALUE WITHOUT CONSTANT:   -1855.5918401045142     
 OBJECTIVE FUNCTION VALUE WITH CONSTANT:      -1635.0465921353928     
 REPORTED OBJECTIVE FUNCTION DOES NOT CONTAIN CONSTANT
  
 #TERE:
 Elapsed estimation  time in seconds:    43.06
1
 
 
 
 
 
 
 
 
 
 
 
 
 
 
 
 
 
 
 
 
 ************************************************************************************************************************
 ********************                                                                                ********************
 ********************                STOCHASTIC APPROXIMATION EXPECTATION-MAXIMIZATION               ********************
 #OBJT:**************                        FINAL VALUE OF LIKELIHOOD FUNCTION                      ********************
 ********************                                                                                ********************
 ************************************************************************************************************************
 





 #OBJV:********************************************    -1855.592       **************************************************
1
 ************************************************************************************************************************
 ********************                                                                                ********************
 ********************                STOCHASTIC APPROXIMATION EXPECTATION-MAXIMIZATION               ********************
 ********************                             FINAL PARAMETER ESTIMATE                           ********************
 ********************                                                                                ********************
 ************************************************************************************************************************
 


 THETA - VECTOR OF FIXED EFFECTS PARAMETERS   *********


         TH 1      TH 2      TH 3     
 
         4.92E+00  4.18E-02  4.81E+01
 


 OMEGA - COV MATRIX FOR RANDOM EFFECTS - ETAS  ********


         ETA1      ETA2     
 
 ETA1
+        4.01E-02
 
 ETA2
+        0.00E+00  3.60E-02
 


 SIGMA - COV MATRIX FOR RANDOM EFFECTS - EPSILONS  ****


         EPS1     
 
 EPS1
+        9.85E-03
 
1


 OMEGA - CORR MATRIX FOR RANDOM EFFECTS - ETAS  *******


         ETA1      ETA2     
 
 ETA1
+        2.00E-01
 
 ETA2
+        0.00E+00  1.90E-01
 


 SIGMA - CORR MATRIX FOR RANDOM EFFECTS - EPSILONS  ***


         EPS1     
 
 EPS1
+        9.92E-02
 
1


 #TBLN:      2
 #METH: Objective Function Evaluation by Importance Sampling

 ESTIMATION STEP OMITTED:                 NO
 ANALYSIS TYPE:                           POPULATION
 NUMBER OF SADDLE POINT RESET ITERATIONS:      0
 GRADIENT METHOD USED:               NOSLOW
 CONDITIONAL ESTIMATES USED:              YES
 CENTERED ETA:                            NO
 EPS-ETA INTERACTION:                     YES
 LAPLACIAN OBJ. FUNC.:                    NO
 NO. OF FUNCT. EVALS. ALLOWED:            288
 NO. OF SIG. FIGURES REQUIRED:            3
 INTERMEDIATE PRINTOUT:                   YES
 ESTIMATE OUTPUT TO MSF:                  NO
 ABORT WITH PRED EXIT CODE 1:             NO
 IND. OBJ. FUNC. VALUES SORTED:           NO
 NUMERICAL DERIVATIVE
       FILE REQUEST (NUMDER):               NONE
 MAP (ETAHAT) ESTIMATION METHOD (OPTMAP):   0
 ETA HESSIAN EVALUATION METHOD (ETADER):    0
 INITIAL ETA FOR MAP ESTIMATION (MCETA):    0
 SIGDIGITS FOR MAP ESTIMATION (SIGLO):      100
 GRADIENT SIGDIGITS OF
       FIXED EFFECTS PARAMETERS (SIGL):     100
 NOPRIOR SETTING (NOPRIOR):                 0
 NOCOV SETTING (NOCOV):                     OFF
 DERCONT SETTING (DERCONT):                 OFF
 FINAL ETA RE-EVALUATION (FNLETA):          1
 EXCLUDE NON-INFLUENTIAL (NON-INFL.) ETAS
       IN SHRINKAGE (ETASTYPE):             NO
 NON-INFL. ETA CORRECTION (NONINFETA):      0
 RAW OUTPUT FILE (FILE): covmuref_additive_saem.ext
 EXCLUDE TITLE (NOTITLE):                   NO
 EXCLUDE COLUMN LABELS (NOLABEL):           NO
 FORMAT FOR ADDITIONAL FILES (FORMAT):      S1PE12.5
 PARAMETER ORDER FOR OUTPUTS (ORDER):       TSOL
 KNUTHSUMOFF:                               0
 INCLUDE LNTWOPI:                           NO
 INCLUDE CONSTANT TERM TO PRIOR (PRIORC):   NO
 INCLUDE CONSTANT TERM TO OMEGA (ETA) (OLNTWOPI):NO
 EM OR BAYESIAN METHOD USED:                IMPORTANCE SAMPLING (IMP)
 MU MODELING PATTERN (MUM):
 GRADIENT/GIBBS PATTERN (GRD):
 AUTOMATIC SETTING FEATURE (AUTO):          0
 CONVERGENCE TYPE (CTYPE):                  0
 ITERATIONS (NITER):                        10
 ANNEAL SETTING (CONSTRAIN):                 1
 STARTING SEED FOR MC METHODS (SEED):       619
 MC SAMPLES PER SUBJECT (ISAMPLE):          3000
 RANDOM SAMPLING METHOD (RANMETHOD):        3U
 EXPECTATION ONLY (EONLY):                  1
 PROPOSAL DENSITY SCALING RANGE
              (ISCALE_MIN, ISCALE_MAX):     0.100000000000000       ,10.0000000000000
 SAMPLE ACCEPTANCE RATE (IACCEPT):          0.400000000000000
 LONG TAIL SAMPLE ACCEPT. RATE (IACCEPTL):   0.00000000000000
 T-DIST. PROPOSAL DENSITY (DF):             0
 NO. ITERATIONS FOR MAP (MAPITER):          1
 INTERVAL ITER. FOR MAP (MAPINTER):         0
 MAP COVARIANCE/MODE SETTING (MAPCOV):      1
 Gradient Quick Value (GRDQ):               0.00000000000000


 THE FOLLOWING LABELS ARE EQUIVALENT
 PRED=PREDI
 RES=RESI
 WRES=WRESI
 IWRS=IWRESI
 IPRD=IPREDI
 IRS=IRESI

 EM/BAYES SETUP:
 THETAS THAT ARE MU MODELED:
   1   2   3
 THETAS THAT ARE SIGMA-LIKE:
 

 MONITORING OF SEARCH:

 iteration            0  OBJ=  -1178.3287914051721 eff.=    3030. Smpl.=    3000. Fit.= 0.97652
 iteration            1  OBJ=  -1178.2468150253756 eff.=    1173. Smpl.=    3000. Fit.= 0.78798
 iteration            2  OBJ=  -1178.6588204275704 eff.=    1195. Smpl.=    3000. Fit.= 0.79125
 iteration            3  OBJ=  -1178.2977364669332 eff.=    1201. Smpl.=    3000. Fit.= 0.79304
 iteration            4  OBJ=  -1178.3475263807420 eff.=    1197. Smpl.=    3000. Fit.= 0.79200
 iteration            5  OBJ=  -1178.3693836472748 eff.=    1200. Smpl.=    3000. Fit.= 0.79279
 iteration            6  OBJ=  -1178.9162613534243 eff.=    1209. Smpl.=    3000. Fit.= 0.79351
 iteration            7  OBJ=  -1178.3949561638713 eff.=    1199. Smpl.=    3000. Fit.= 0.79250
 iteration            8  OBJ=  -1178.3082365731780 eff.=    1193. Smpl.=    3000. Fit.= 0.79143
 iteration            9  OBJ=  -1178.4874587824779 eff.=    1201. Smpl.=    3000. Fit.= 0.79251
 iteration           10  OBJ=  -1178.4416966518579 eff.=    1201. Smpl.=    3000. Fit.= 0.79225

 #TERM:
 EXPECTATION ONLY PROCESS WAS NOT TESTED FOR CONVERGENCE


 ETABAR IS THE ARITHMETIC MEAN OF THE ETA-ESTIMATES,
 AND THE P-VALUE IS GIVEN FOR THE NULL HYPOTHESIS THAT THE TRUE MEAN IS 0.

 ETABAR:        -7.0414E-06 -1.2194E-04
 SE:             2.5134E-02  2.3670E-02
 N:                      60          60

 P VAL.:         9.9978E-01  9.9589E-01

 ETASHRINKSD(%)  2.7738E+00  3.4283E+00
 ETASHRINKVR(%)  5.4707E+00  6.7391E+00
 EBVSHRINKSD(%)  2.6946E+00  3.4461E+00
 EBVSHRINKVR(%)  5.3166E+00  6.7734E+00
 RELATIVEINF(%)  9.4655E+01  9.3199E+01
 EPSSHRINKSD(%)  1.4461E+01
 EPSSHRINKVR(%)  2.6830E+01

  
 TOTAL DATA POINTS NORMALLY DISTRIBUTED (N):          420
 N*LOG(2PI) CONSTANT TO OBJECTIVE FUNCTION:    771.90836789192508     
 OBJECTIVE FUNCTION VALUE WITHOUT CONSTANT:   -1178.4416966518579     
 OBJECTIVE FUNCTION VALUE WITH CONSTANT:      -406.53332875993283     
 REPORTED OBJECTIVE FUNCTION DOES NOT CONTAIN CONSTANT
  
 TOTAL EFFECTIVE ETAS (NIND*NETA):                           120
  
 #TERE:
 Elapsed estimation  time in seconds:     3.83
1
 
 
 
 
 
 
 
 
 
 
 
 
 
 
 
 
 
 
 
 
 ************************************************************************************************************************
 ********************                                                                                ********************
 ********************               OBJECTIVE FUNCTION EVALUATION BY IMPORTANCE SAMPLING             ********************
 #OBJT:**************                        FINAL VALUE OF OBJECTIVE FUNCTION                       ********************
 ********************                                                                                ********************
 ************************************************************************************************************************
 





 #OBJV:********************************************    -1178.442       **************************************************
1
 ************************************************************************************************************************
 ********************                                                                                ********************
 ********************               OBJECTIVE FUNCTION EVALUATION BY IMPORTANCE SAMPLING             ********************
 ********************                             FINAL PARAMETER ESTIMATE                           ********************
 ********************                                                                                ********************
 ************************************************************************************************************************
 


 THETA - VECTOR OF FIXED EFFECTS PARAMETERS   *********


         TH 1      TH 2      TH 3     
 
         4.92E+00  4.18E-02  4.81E+01
 


 OMEGA - COV MATRIX FOR RANDOM EFFECTS - ETAS  ********


         ETA1      ETA2     
 
 ETA1
+        4.01E-02
 
 ETA2
+        0.00E+00  3.60E-02
 


 SIGMA - COV MATRIX FOR RANDOM EFFECTS - EPSILONS  ****


         EPS1     
 
 EPS1
+        9.85E-03
 
1


 OMEGA - CORR MATRIX FOR RANDOM EFFECTS - ETAS  *******


         ETA1      ETA2     
 
 ETA1
+        2.00E-01
 
 ETA2
+        0.00E+00  1.90E-01
 


 SIGMA - CORR MATRIX FOR RANDOM EFFECTS - EPSILONS  ***


         EPS1     
 
 EPS1
+        9.92E-02
 
 Elapsed postprocess time in seconds:     0.04
 Elapsed finaloutput time in seconds:     0.01
 #CPUT: Total CPU Time in Seconds,       46.932
Stop Time:
Sat Sep 12 04:22:50 PM UTC 2026
