Fri Oct  2 11:08:10 PM UTC 2026
$PROBLEM two_cpt_oral_cov with a SHARED allometric exponent, IMPMAP -- anchor for ferx #1620
; Reference IMPMAP fit for two covariate mu-references that read the same theta:
;
;     CL_i = THETA(1) * (WT/70)**THETA(6) * (CRCL/100)**THETA(7) * EXP(ETA(1))
;     V1_i = THETA(2) * (WT/70)**THETA(6) * EXP(ETA(2))
;
; THETA(6) (THETA_WT) is shared by CL and V1. Before #1620 ferx declined the second
; covariate mu-reference ("already belongs") and let the first one's M-step move
; THETA_WT with ETA_V1 left free to absorb the change; SAEM put THETA_WT at 0.0101.
; With #1620 the two form one joint group whose M-step re-centres both etas.
;
; This is examples/two_cpt_oral_cov.ferx + data/two_cpt_oral_cov.csv, unchanged
; except that the observation rows carry CMT=2 (ADVAN4's central compartment) and
; '.' is written as 0. That the two files describe the same observations is checked
; by FOCEI: NONMEM on this file and ferx on the bundled CSV reach the same OFV,
; -1199.3264. The ferx side is covmuref_shared_saem_fit.ferx with method = impmap.
; Both engines start from the bundled model's values.
;
; MU form, linear in THETA for both typical values (NONMEM's efficient form).

$INPUT ID TIME DV EVID AMT CMT RATE MDV WT CRCL
$DATA covmuref_shared.csv IGNORE=@

$SUBROUTINES ADVAN4 TRANS4

$PK
  MU_1 = LOG(THETA(1)) + THETA(6)*LOG(WT/70.0) + THETA(7)*LOG(CRCL/100.0)
  MU_2 = LOG(THETA(2)) + THETA(6)*LOG(WT/70.0)
  MU_3 = LOG(THETA(3))
  MU_4 = LOG(THETA(4))
  MU_5 = LOG(THETA(5))
  CL = EXP(MU_1 + ETA(1))
  V2 = EXP(MU_2 + ETA(2))
  Q  = EXP(MU_3 + ETA(3))
  V3 = EXP(MU_4 + ETA(4))
  KA = EXP(MU_5 + ETA(5))
  S2 = V2

$ERROR
  IPRED = F
  Y = IPRED*(1.0 + EPS(1))

$THETA
  (0.1, 4.0, 100.0)   ; 1 TVCL
  (1.0, 40.0, 500.0)  ; 2 TVV1
  (0.1, 8.0, 100.0)   ; 3 TVQ
  (1.0, 80.0, 500.0)  ; 4 TVV2
  (0.01, 1.0, 10.0)   ; 5 TVKA
  (0.01, 0.6, 5.0)    ; 6 THETA_WT   (shared by CL and V1)
  (0.01, 0.3, 5.0)    ; 7 THETA_CRCL

$OMEGA
  0.15   ; ETA_CL
  0.15   ; ETA_V1
  0.08   ; ETA_Q
  0.08   ; ETA_V2
  0.20   ; ETA_KA

$SIGMA
  0.0016 ; proportional, = (0.04 SD)^2

$ESTIMATION METHOD=IMPMAP INTERACTION NITER=200 ISAMPLE=300 PRINT=20 SEED=1620 NOABORT
$ESTIMATION METHOD=IMP INTERACTION EONLY=1 NITER=10 ISAMPLE=3000 PRINT=1 SEED=1620 NOABORT
$TABLE ID TIME DV IPRED NOPRINT ONEHEADER FILE=covmuref_shared_impmap.tab FORMAT=s1PE15.8

NM-TRAN MESSAGES
  
 WARNINGS AND ERRORS (IF ANY) FOR PROBLEM    1
             
 (WARNING  2) NM-TRAN INFERS THAT THE DATA ARE POPULATION.

 (MU_WARNING 6) THETA(006): SHOULD BE ASSOCIATED WITH ONLY ONE MU_.

 (MU_WARNING 26) DATA ITEM(S) USED IN DEFINITION OF MU_(S) SHOULD BE CONSTANT FOR INDIV. REC.:
  WT CRCL
  
Note: Analytical 2nd Derivatives are constructed in FSUBS but are never used.
      You may insert $ABBR DERIV2=NO after the first $PROB to save FSUBS construction and compilation time
  

License Registered to:  InsightRX
Expiration Date:    14 AUG 2027
Current Date:        2 OCT 2026
Days until program expires : 317
1NONLINEAR MIXED EFFECTS MODEL PROGRAM (NONMEM) VERSION 7.6.0 (nm760)
 ORIGINALLY DEVELOPED BY STUART BEAL, LEWIS SHEINER, AND ALISON BOECKMANN
 CURRENT DEVELOPERS ARE ROBERT BAUER, ICON DEVELOPMENT SOLUTIONS,
 AND ALISON BOECKMANN. IMPLEMENTATION, EFFICIENCY, AND STANDARDIZATION
 PERFORMED BY NOUS INFOSYSTEMS.

 PROBLEM NO.:         1
 two_cpt_oral_cov with a SHARED allometric exponent, IMPMAP -- anchor for
0DATA CHECKOUT RUN:              NO
 DATA SET LOCATED ON UNIT NO.:    2
 THIS UNIT TO BE REWOUND:        NO
 CREATE/ADD TO FDATA.csv:        YES
 NO. OF DATA RECS IN DATA SET:      330
 NO. OF DATA ITEMS IN DATA SET:  10
 ID DATA ITEM IS DATA ITEM NO.:   1
 DEP VARIABLE IS DATA ITEM NO.:   3
 MDV DATA ITEM IS DATA ITEM NO.:  8
0INDICES PASSED TO SUBROUTINE PRED:
   4   2   5   7   0   0   6   0   0   0   0
0LABELS FOR DATA ITEMS:
 ID TIME DV EVID AMT CMT RATE MDV WT CRCL
0(NONBLANK) LABELS FOR PRED-DEFINED ITEMS:
 IPRED
0FORMAT FOR DATA:
 (10E7.0)

 TOT. NO. OF OBS RECS:      300
 TOT. NO. OF INDIVIDUALS:       30
0LENGTH OF THETA:   7
0DEFAULT THETA BOUNDARY TEST OMITTED:    NO
0OMEGA HAS SIMPLE DIAGONAL FORM WITH DIMENSION:   5
0DEFAULT OMEGA BOUNDARY TEST OMITTED:    NO
0SIGMA HAS SIMPLE DIAGONAL FORM WITH DIMENSION:   1
0DEFAULT SIGMA BOUNDARY TEST OMITTED:    NO
0INITIAL ESTIMATE OF THETA:
 LOWER BOUND    INITIAL EST    UPPER BOUND
  0.1000E+00     0.4000E+01     0.1000E+03
  0.1000E+01     0.4000E+02     0.5000E+03
  0.1000E+00     0.8000E+01     0.1000E+03
  0.1000E+01     0.8000E+02     0.5000E+03
  0.1000E-01     0.1000E+01     0.1000E+02
  0.1000E-01     0.6000E+00     0.5000E+01
  0.1000E-01     0.3000E+00     0.5000E+01
0INITIAL ESTIMATE OF OMEGA:
 0.1500E+00
 0.0000E+00   0.1500E+00
 0.0000E+00   0.0000E+00   0.8000E-01
 0.0000E+00   0.0000E+00   0.0000E+00   0.8000E-01
 0.0000E+00   0.0000E+00   0.0000E+00   0.0000E+00   0.2000E+00
0INITIAL ESTIMATE OF SIGMA:
 0.1600E-02
0TABLES STEP OMITTED:    NO
 NO. OF TABLES:           1
 SEED NUMBER (SEED):    11456
 NPDTYPE:    0
 INTERPTYPE:    0
 RANMETHOD:             3U
 MC SAMPLES (ESAMPLE):    300
 WRES SQUARE ROOT TYPE (WRESCHOL): EIGENVALUE
0-- TABLE   1 --
0RECORDS ONLY:    ALL
04 COLUMNS APPENDED:    YES
 PRINTED:                NO
 HEADER:                YES
 FILE TO BE FORWARDED:   NO
 FORMAT:                s1PE15.8
 IDFORMAT:
 LFORMAT:
 RFORMAT:
 FIXED_EFFECT_ETAS:
0USER-CHOSEN ITEMS:
 ID TIME DV IPRED
1DOUBLE PRECISION PREDPP VERSION 7.6.0 (nm760)

 TWO COMPARTMENT MODEL WITH FIRST-ORDER ABSORPTION (ADVAN4)
0MAXIMUM NO. OF BASIC PK PARAMETERS:   5
0BASIC PK PARAMETERS (AFTER TRANSLATION):
   BASIC PK PARAMETER NO.  1: ELIMINATION RATE (K)
   BASIC PK PARAMETER NO.  2: CENTRAL-TO-PERIPH. RATE (K23)
   BASIC PK PARAMETER NO.  3: PERIPH.-TO-CENTRAL RATE (K32)
   BASIC PK PARAMETER NO.  5: ABSORPTION RATE (KA)
 TRANSLATOR WILL CONVERT PARAMETERS
 CL, V2, Q, V3 TO K, K23, K32 (TRANS4)
0COMPARTMENT ATTRIBUTES
 COMPT. NO.   FUNCTION   INITIAL    ON/OFF      DOSE      DEFAULT    DEFAULT
                         STATUS     ALLOWED    ALLOWED    FOR DOSE   FOR OBS.
    1         DEPOT        OFF        YES        YES        YES        NO
    2         CENTRAL      ON         NO         YES        NO         YES
    3         PERIPH.      ON         NO         YES        NO         NO
    4         OUTPUT       OFF        YES        NO         NO         NO
1
 ADDITIONAL PK PARAMETERS - ASSIGNMENT OF ROWS IN GG
 COMPT. NO.                             INDICES
              SCALE      BIOAVAIL.   ZERO-ORDER  ZERO-ORDER  ABSORB
                         FRACTION    RATE        DURATION    LAG
    1            *           *           *           *           *
    2            6           *           *           *           *
    3            *           *           *           *           *
    4            *           -           -           -           -
             - PARAMETER IS NOT ALLOWED FOR THIS MODEL
             * PARAMETER IS NOT SUPPLIED BY PK SUBROUTINE;
               WILL DEFAULT TO ONE IF APPLICABLE
0DATA ITEM INDICES USED BY PRED ARE:
   EVENT ID DATA ITEM IS DATA ITEM NO.:      4
   TIME DATA ITEM IS DATA ITEM NO.:          2
   DOSE AMOUNT DATA ITEM IS DATA ITEM NO.:   5
   DOSE RATE DATA ITEM IS DATA ITEM NO.:     7
   COMPT. NO. DATA ITEM IS DATA ITEM NO.:    6

0PK SUBROUTINE CALLED WITH EVERY EVENT RECORD.
 PK SUBROUTINE NOT CALLED AT NONEVENT (ADDITIONAL OR LAGGED) DOSE TIMES.
0ERROR SUBROUTINE CALLED WITH EVERY EVENT RECORD.
1


 #TBLN:      1
 #METH: Importance Sampling assisted by MAP Estimation

 ESTIMATION STEP OMITTED:                 NO
 SHRINK INFO WITH EVALUATION (EVALSHRINK) NO
 ANALYSIS TYPE:                           POPULATION
 NUMBER OF SADDLE POINT RESET ITERATIONS:      0
 GRADIENT METHOD USED:               NOSLOW
 CONDITIONAL ESTIMATES USED:              YES
 CENTERED ETA:                            NO
 EPS-ETA INTERACTION:                     YES
 LAPLACIAN OBJ. FUNC.:                    NO
 NO. OF FUNCT. EVALS. ALLOWED:            960
 NO. OF SIG. FIGURES REQUIRED:            3
 INTERMEDIATE PRINTOUT:                   YES
 ESTIMATE OUTPUT TO MSF:                  NO
 ABORT WITH PRED EXIT CODE 1:             NO
 IND. OBJ. FUNC. VALUES SORTED:           NO
 NUMERICAL DERIVATIVE
       FILE REQUEST (NUMDER):               NONE
 MAP (ETAHAT) ESTIMATION METHOD (OPTMAP):   0
 ETA HESSIAN EVALUATION METHOD (ETADER):    0
 INITIAL ETA FOR MAP ESTIMATION (MCETA):    0
 SIGDIGITS FOR MAP ESTIMATION (SIGLO):      100
 GRADIENT SIGDIGITS OF
       FIXED EFFECTS PARAMETERS (SIGL):     100
 NOPRIOR SETTING (NOPRIOR):                 0
 NOCOV SETTING (NOCOV):                     OFF
 DERCONT SETTING (DERCONT):                 OFF
 FINAL ETA RE-EVALUATION (FNLETA):          1
 EXCLUDE NON-INFLUENTIAL (NON-INFL.) ETAS
       IN SHRINKAGE (ETASTYPE):             NO
 NON-INFL. ETA CORRECTION (NONINFETA):      0
 RAW OUTPUT FILE (FILE): covmuref_shared_impmap.ext
 EXCLUDE TITLE (NOTITLE):                   NO
 EXCLUDE COLUMN LABELS (NOLABEL):           NO
 FORMAT FOR ADDITIONAL FILES (FORMAT):      S1PE12.5
 PARAMETER ORDER FOR OUTPUTS (ORDER):       TSOL
 KNUTHSUMOFF:                               0
 INCLUDE LNTWOPI:                           NO
 INCLUDE CONSTANT TERM TO PRIOR (PRIORC):   NO
 INCLUDE CONSTANT TERM TO OMEGA (ETA) (OLNTWOPI):NO
 EM OR BAYESIAN METHOD USED:                IMPORTANCE SAMPLING ASSISTED BY MAP ESTIMATION (IMPMAP)
 MU MODELING PATTERN (MUM):
 GRADIENT/GIBBS PATTERN (GRD):
 AUTOMATIC SETTING FEATURE (AUTO):          0
 CONVERGENCE TYPE (CTYPE):                  0
 ITERATIONS (NITER):                        200
 ANNEAL SETTING (CONSTRAIN):                 1
 STARTING SEED FOR MC METHODS (SEED):       1620
 MC SAMPLES PER SUBJECT (ISAMPLE):          300
 RANDOM SAMPLING METHOD (RANMETHOD):        3U
 EXPECTATION ONLY (EONLY):                  0
 PROPOSAL DENSITY SCALING RANGE
              (ISCALE_MIN, ISCALE_MAX):     0.100000000000000       ,10.0000000000000
 SAMPLE ACCEPTANCE RATE (IACCEPT):          0.400000000000000
 LONG TAIL SAMPLE ACCEPT. RATE (IACCEPTL):   0.00000000000000
 T-DIST. PROPOSAL DENSITY (DF):             0
 NO. ITERATIONS FOR MAP (MAPITER):          1
 INTERVAL ITER. FOR MAP (MAPINTER):         0
 MAP COVARIANCE/MODE SETTING (MAPCOV):      1
 Gradient Quick Value (GRDQ):               0.00000000000000


 THE FOLLOWING LABELS ARE EQUIVALENT
 PRED=PREDI
 RES=RESI
 WRES=WRESI
 IWRS=IWRESI
 IPRD=IPREDI
 IRS=IRESI

 EM/BAYES SETUP:
 THETAS THAT ARE MU MODELED:
   1   2   3   4   5   6   7
 THETAS THAT ARE SIGMA-LIKE:
 

 MONITORING OF SEARCH:

 iteration            0  OBJ=  -1039.7168597080811 eff.=     299. Smpl.=     300. Fit.= 0.98023
 iteration           20  OBJ=  -1199.1123384142636 eff.=     120. Smpl.=     300. Fit.= 0.92821
 iteration           40  OBJ=  -1198.4526090797640 eff.=     118. Smpl.=     300. Fit.= 0.92771
 iteration           60  OBJ=  -1197.8431178345463 eff.=     117. Smpl.=     300. Fit.= 0.92964
 iteration           80  OBJ=  -1198.3984920940445 eff.=     119. Smpl.=     300. Fit.= 0.92926
 iteration          100  OBJ=  -1199.5747678397963 eff.=     122. Smpl.=     300. Fit.= 0.92866
 iteration          120  OBJ=  -1198.7822751356273 eff.=     120. Smpl.=     300. Fit.= 0.92822
 iteration          140  OBJ=  -1199.1793581034892 eff.=     120. Smpl.=     300. Fit.= 0.92886
 iteration          160  OBJ=  -1199.4511557640744 eff.=     121. Smpl.=     300. Fit.= 0.92846
 iteration          180  OBJ=  -1198.4508264199562 eff.=     119. Smpl.=     300. Fit.= 0.92932
 iteration          200  OBJ=  -1198.5899755907826 eff.=     117. Smpl.=     300. Fit.= 0.92767

 #TERM:
 OPTIMIZATION WAS NOT TESTED FOR CONVERGENCE


 ETABAR IS THE ARITHMETIC MEAN OF THE ETA-ESTIMATES,
 AND THE P-VALUE IS GIVEN FOR THE NULL HYPOTHESIS THAT THE TRUE MEAN IS 0.

 ETABAR:        -5.1796E-04  2.0561E-03 -1.2349E-03  3.0781E-04  2.2183E-03
 SE:             6.0055E-02  5.8939E-02  4.0444E-02  3.4741E-02  7.5381E-02
 N:                      30          30          30          30          30

 P VAL.:         9.9312E-01  9.7217E-01  9.7564E-01  9.9293E-01  9.7652E-01

 ETASHRINKSD(%)  1.0000E-10  2.2488E+00  2.1926E+00  2.0883E+00  2.3456E+00
 ETASHRINKVR(%)  1.0000E-10  4.4470E+00  4.3371E+00  4.1330E+00  4.6361E+00
 EBVSHRINKSD(%)  2.1126E-01  1.5015E+00  2.6323E+00  2.1125E+00  1.6531E+00
 EBVSHRINKVR(%)  4.2208E-01  2.9804E+00  5.1952E+00  4.1803E+00  3.2788E+00
 RELATIVEINF(%)  9.9566E+01  9.6833E+01  9.4621E+01  9.5799E+01  9.6530E+01
 EPSSHRINKSD(%)  2.6878E+01
 EPSSHRINKVR(%)  4.6531E+01

  
 TOTAL DATA POINTS NORMALLY DISTRIBUTED (N):          300
 N*LOG(2PI) CONSTANT TO OBJECTIVE FUNCTION:    551.36311992280355     
 OBJECTIVE FUNCTION VALUE WITHOUT CONSTANT:   -1198.5899755907826     
 OBJECTIVE FUNCTION VALUE WITH CONSTANT:      -647.22685566797907     
 REPORTED OBJECTIVE FUNCTION DOES NOT CONTAIN CONSTANT
  
 TOTAL EFFECTIVE ETAS (NIND*NETA):                           150
  
 #TERE:
 Elapsed estimation  time in seconds:    16.74
1
 
 
 
 
 
 
 
 
 
 
 
 
 
 
 
 
 
 
 
 
 ************************************************************************************************************************
 ********************                                                                                ********************
 ********************                  IMPORTANCE SAMPLING ASSISTED BY MAP ESTIMATION                ********************
 #OBJT:**************                        FINAL VALUE OF OBJECTIVE FUNCTION                       ********************
 ********************                                                                                ********************
 ************************************************************************************************************************
 





 #OBJV:********************************************         -1198.590       *********************************************
1
 ************************************************************************************************************************
 ********************                                                                                ********************
 ********************                  IMPORTANCE SAMPLING ASSISTED BY MAP ESTIMATION                ********************
 ********************                             FINAL PARAMETER ESTIMATE                           ********************
 ********************                                                                                ********************
 ************************************************************************************************************************
 


 THETA - VECTOR OF FIXED EFFECTS PARAMETERS   *********


         TH 1      TH 2      TH 3      TH 4      TH 5      TH 6      TH 7     
 
         4.94E+00  4.83E+01  9.59E+00  9.44E+01  1.25E+00  6.62E-01  5.63E-01
 


 OMEGA - COV MATRIX FOR RANDOM EFFECTS - ETAS  ********


         ETA1      ETA2      ETA3      ETA4      ETA5     
 
 ETA1
+        1.08E-01
 
 ETA2
+        0.00E+00  1.09E-01
 
 ETA3
+        0.00E+00  0.00E+00  5.13E-02
 
 ETA4
+        0.00E+00  0.00E+00  0.00E+00  3.78E-02
 
 ETA5
+        0.00E+00  0.00E+00  0.00E+00  0.00E+00  1.79E-01
 


 SIGMA - COV MATRIX FOR RANDOM EFFECTS - EPSILONS  ****


         EPS1     
 
 EPS1
+        3.75E-04
 
1


 OMEGA - CORR MATRIX FOR RANDOM EFFECTS - ETAS  *******


         ETA1      ETA2      ETA3      ETA4      ETA5     
 
 ETA1
+        3.29E-01
 
 ETA2
+        0.00E+00  3.30E-01
 
 ETA3
+        0.00E+00  0.00E+00  2.26E-01
 
 ETA4
+        0.00E+00  0.00E+00  0.00E+00  1.94E-01
 
 ETA5
+        0.00E+00  0.00E+00  0.00E+00  0.00E+00  4.23E-01
 


 SIGMA - CORR MATRIX FOR RANDOM EFFECTS - EPSILONS  ***


         EPS1     
 
 EPS1
+        1.94E-02
 
1


 #TBLN:      2
 #METH: Objective Function Evaluation by Importance Sampling

 ESTIMATION STEP OMITTED:                 NO
 SHRINK INFO WITH EVALUATION (EVALSHRINK) NO
 ANALYSIS TYPE:                           POPULATION
 NUMBER OF SADDLE POINT RESET ITERATIONS:      0
 GRADIENT METHOD USED:               NOSLOW
 CONDITIONAL ESTIMATES USED:              YES
 CENTERED ETA:                            NO
 EPS-ETA INTERACTION:                     YES
 LAPLACIAN OBJ. FUNC.:                    NO
 NO. OF FUNCT. EVALS. ALLOWED:            960
 NO. OF SIG. FIGURES REQUIRED:            3
 INTERMEDIATE PRINTOUT:                   YES
 ESTIMATE OUTPUT TO MSF:                  NO
 ABORT WITH PRED EXIT CODE 1:             NO
 IND. OBJ. FUNC. VALUES SORTED:           NO
 NUMERICAL DERIVATIVE
       FILE REQUEST (NUMDER):               NONE
 MAP (ETAHAT) ESTIMATION METHOD (OPTMAP):   0
 ETA HESSIAN EVALUATION METHOD (ETADER):    0
 INITIAL ETA FOR MAP ESTIMATION (MCETA):    0
 SIGDIGITS FOR MAP ESTIMATION (SIGLO):      100
 GRADIENT SIGDIGITS OF
       FIXED EFFECTS PARAMETERS (SIGL):     100
 NOPRIOR SETTING (NOPRIOR):                 0
 NOCOV SETTING (NOCOV):                     OFF
 DERCONT SETTING (DERCONT):                 OFF
 FINAL ETA RE-EVALUATION (FNLETA):          1
 EXCLUDE NON-INFLUENTIAL (NON-INFL.) ETAS
       IN SHRINKAGE (ETASTYPE):             NO
 NON-INFL. ETA CORRECTION (NONINFETA):      0
 RAW OUTPUT FILE (FILE): covmuref_shared_impmap.ext
 EXCLUDE TITLE (NOTITLE):                   NO
 EXCLUDE COLUMN LABELS (NOLABEL):           NO
 FORMAT FOR ADDITIONAL FILES (FORMAT):      S1PE12.5
 PARAMETER ORDER FOR OUTPUTS (ORDER):       TSOL
 KNUTHSUMOFF:                               0
 INCLUDE LNTWOPI:                           NO
 INCLUDE CONSTANT TERM TO PRIOR (PRIORC):   NO
 INCLUDE CONSTANT TERM TO OMEGA (ETA) (OLNTWOPI):NO
 EM OR BAYESIAN METHOD USED:                IMPORTANCE SAMPLING (IMP)
 MU MODELING PATTERN (MUM):
 GRADIENT/GIBBS PATTERN (GRD):
 AUTOMATIC SETTING FEATURE (AUTO):          0
 CONVERGENCE TYPE (CTYPE):                  0
 ITERATIONS (NITER):                        10
 ANNEAL SETTING (CONSTRAIN):                 1
 STARTING SEED FOR MC METHODS (SEED):       1620
 MC SAMPLES PER SUBJECT (ISAMPLE):          3000
 RANDOM SAMPLING METHOD (RANMETHOD):        3U
 EXPECTATION ONLY (EONLY):                  1
 PROPOSAL DENSITY SCALING RANGE
              (ISCALE_MIN, ISCALE_MAX):     0.100000000000000       ,10.0000000000000
 SAMPLE ACCEPTANCE RATE (IACCEPT):          0.400000000000000
 LONG TAIL SAMPLE ACCEPT. RATE (IACCEPTL):   0.00000000000000
 T-DIST. PROPOSAL DENSITY (DF):             0
 NO. ITERATIONS FOR MAP (MAPITER):          1
 INTERVAL ITER. FOR MAP (MAPINTER):         0
 MAP COVARIANCE/MODE SETTING (MAPCOV):      1
 Gradient Quick Value (GRDQ):               0.00000000000000


 THE FOLLOWING LABELS ARE EQUIVALENT
 PRED=PREDI
 RES=RESI
 WRES=WRESI
 IWRS=IWRESI
 IPRD=IPREDI
 IRS=IRESI

 EM/BAYES SETUP:
 THETAS THAT ARE MU MODELED:
   1   2   3   4   5   6   7
 THETAS THAT ARE SIGMA-LIKE:
 

 MONITORING OF SEARCH:

 iteration            0  OBJ=  -1199.0801400557650 eff.=    2994. Smpl.=    3000. Fit.= 0.98705
 iteration            1  OBJ=  -1199.9543438835678 eff.=    1218. Smpl.=    3000. Fit.= 0.93028
 iteration            2  OBJ=  -1199.5486286814260 eff.=    1160. Smpl.=    3000. Fit.= 0.92990
 iteration            3  OBJ=  -1199.5269652911379 eff.=    1187. Smpl.=    3000. Fit.= 0.93025
 iteration            4  OBJ=  -1199.4506615358082 eff.=    1214. Smpl.=    3000. Fit.= 0.93169
 iteration            5  OBJ=  -1199.7029945528361 eff.=    1189. Smpl.=    3000. Fit.= 0.93088
 iteration            6  OBJ=  -1199.4186493752791 eff.=    1201. Smpl.=    3000. Fit.= 0.93150
 iteration            7  OBJ=  -1200.3008876848967 eff.=    1208. Smpl.=    3000. Fit.= 0.93088
 iteration            8  OBJ=  -1199.4212725163463 eff.=    1210. Smpl.=    3000. Fit.= 0.93338
 iteration            9  OBJ=  -1199.7921978480294 eff.=    1197. Smpl.=    3000. Fit.= 0.93126
 iteration           10  OBJ=  -1199.3387447847465 eff.=    1180. Smpl.=    3000. Fit.= 0.93103

 #TERM:
 EXPECTATION ONLY PROCESS WAS NOT TESTED FOR CONVERGENCE


 ETABAR IS THE ARITHMETIC MEAN OF THE ETA-ESTIMATES,
 AND THE P-VALUE IS GIVEN FOR THE NULL HYPOTHESIS THAT THE TRUE MEAN IS 0.

 ETABAR:        -2.2943E-04 -5.3973E-04  1.2233E-04  4.2513E-04 -9.5611E-04
 SE:             5.9902E-02  5.9420E-02  4.0355E-02  3.4636E-02  7.5732E-02
 N:                      30          30          30          30          30

 P VAL.:         9.9694E-01  9.9275E-01  9.9758E-01  9.9021E-01  9.8993E-01

 ETASHRINKSD(%)  1.8545E-01  1.4526E+00  2.4110E+00  2.3845E+00  1.8928E+00
 ETASHRINKVR(%)  3.7055E-01  2.8841E+00  4.7638E+00  4.7121E+00  3.7498E+00
 EBVSHRINKSD(%)  1.9963E-01  1.8448E+00  2.6270E+00  2.1187E+00  1.8812E+00
 EBVSHRINKVR(%)  3.9886E-01  3.6556E+00  5.1851E+00  4.1926E+00  3.7269E+00
 RELATIVEINF(%)  9.9591E+01  9.6098E+01  9.4600E+01  9.5776E+01  9.6027E+01
 EPSSHRINKSD(%)  2.6842E+01
 EPSSHRINKVR(%)  4.6479E+01

  
 TOTAL DATA POINTS NORMALLY DISTRIBUTED (N):          300
 N*LOG(2PI) CONSTANT TO OBJECTIVE FUNCTION:    551.36311992280355     
 OBJECTIVE FUNCTION VALUE WITHOUT CONSTANT:   -1199.3387447847465     
 OBJECTIVE FUNCTION VALUE WITH CONSTANT:      -647.97562486194295     
 REPORTED OBJECTIVE FUNCTION DOES NOT CONTAIN CONSTANT
  
 TOTAL EFFECTIVE ETAS (NIND*NETA):                           150
  
 #TERE:
 Elapsed estimation  time in seconds:     5.47
1
 
 
 
 
 
 
 
 
 
 
 
 
 
 
 
 
 
 
 
 
 ************************************************************************************************************************
 ********************                                                                                ********************
 ********************               OBJECTIVE FUNCTION EVALUATION BY IMPORTANCE SAMPLING             ********************
 #OBJT:**************                        FINAL VALUE OF OBJECTIVE FUNCTION                       ********************
 ********************                                                                                ********************
 ************************************************************************************************************************
 





 #OBJV:********************************************         -1199.339       *********************************************
1
 ************************************************************************************************************************
 ********************                                                                                ********************
 ********************               OBJECTIVE FUNCTION EVALUATION BY IMPORTANCE SAMPLING             ********************
 ********************                             FINAL PARAMETER ESTIMATE                           ********************
 ********************                                                                                ********************
 ************************************************************************************************************************
 


 THETA - VECTOR OF FIXED EFFECTS PARAMETERS   *********


         TH 1      TH 2      TH 3      TH 4      TH 5      TH 6      TH 7     
 
         4.94E+00  4.83E+01  9.59E+00  9.44E+01  1.25E+00  6.62E-01  5.63E-01
 


 OMEGA - COV MATRIX FOR RANDOM EFFECTS - ETAS  ********


         ETA1      ETA2      ETA3      ETA4      ETA5     
 
 ETA1
+        1.08E-01
 
 ETA2
+        0.00E+00  1.09E-01
 
 ETA3
+        0.00E+00  0.00E+00  5.13E-02
 
 ETA4
+        0.00E+00  0.00E+00  0.00E+00  3.78E-02
 
 ETA5
+        0.00E+00  0.00E+00  0.00E+00  0.00E+00  1.79E-01
 


 SIGMA - COV MATRIX FOR RANDOM EFFECTS - EPSILONS  ****


         EPS1     
 
 EPS1
+        3.75E-04
 
1


 OMEGA - CORR MATRIX FOR RANDOM EFFECTS - ETAS  *******


         ETA1      ETA2      ETA3      ETA4      ETA5     
 
 ETA1
+        3.29E-01
 
 ETA2
+        0.00E+00  3.30E-01
 
 ETA3
+        0.00E+00  0.00E+00  2.26E-01
 
 ETA4
+        0.00E+00  0.00E+00  0.00E+00  1.94E-01
 
 ETA5
+        0.00E+00  0.00E+00  0.00E+00  0.00E+00  4.23E-01
 


 SIGMA - CORR MATRIX FOR RANDOM EFFECTS - EPSILONS  ***


         EPS1     
 
 EPS1
+        1.94E-02
 
 Elapsed postprocess time in seconds:     0.02
 Elapsed finaloutput time in seconds:     0.00
 #CPUT: Total CPU Time in Seconds,       22.151
Stop Time:
Fri Oct  2 11:08:38 PM UTC 2026
