Mon Oct  5 09:58:05 PM UTC 2026
$PROBLEM Warfarin IOV (CL) - ferx-core cross-check (issue #101)
$DATA warfarin_iov.csv IGNORE=@
$INPUT ID TIME DV EVID AMT CMT=DROP RATE MDV OCC
$SUBROUTINES ADVAN2 TRANS2
$PK
  ; Inter-occasion variability on CL via per-occasion etas sharing one variance
  OCC1 = 0
  OCC2 = 0
  IF(OCC.EQ.1) OCC1 = 1
  IF(OCC.EQ.2) OCC2 = 1
  IOVCL = OCC1*ETA(4) + OCC2*ETA(5)
  CL = THETA(1)*EXP(ETA(1) + IOVCL)
  V  = THETA(2)*EXP(ETA(2))
  KA = THETA(3)*EXP(ETA(3))
  S2 = V
$ERROR
  IPRED = F
  Y = IPRED*(1 + EPS(1))
$THETA (0, 0.2)   ; TVCL
$THETA (0, 10.0)  ; TVV
$THETA (0, 1.5)   ; TVKA
$OMEGA 0.09       ; ETA_CL  (BSV)
$OMEGA 0.04       ; ETA_V   (BSV)
$OMEGA 0.30       ; ETA_KA  (BSV)
$OMEGA BLOCK(1) 0.01   ; KAPPA_CL occasion 1
$OMEGA BLOCK(1) SAME   ; KAPPA_CL occasion 2 (same variance => IOV)
$SIGMA 0.04       ; proportional variance
$ESTIMATION METHOD=1 MAXEVAL=9999 NSIG=3 SIGL=9 PRINT=5 NOABORT
$COVARIANCE UNCONDITIONAL
; CL is per-occasion (CL = THETA(1)*EXP(ETA(1) + IOVCL)); V/KA are BSV-only.
; Emitting CL/V/KA gives the per-(ID,OCC) individual-parameter reference that
; ferx's sdtab CL column is cross-checked against (issue #238). NONMEM writes
; the POSTHOC (EBE) CL per data record, so occasion-1 and occasion-2 rows of the
; same subject carry that occasion's kappa.
$TABLE ID TIME OCC CL V KA NOPRINT ONEHEADER FILE=sdtab_iov

NM-TRAN MESSAGES
  
 WARNINGS AND ERRORS (IF ANY) FOR PROBLEM    1
             
 (WARNING  2) NM-TRAN INFERS THAT THE DATA ARE POPULATION.
  
Note: Analytical 2nd Derivatives are constructed in FSUBS but are never used.
      You may insert $ABBR DERIV2=NO after the first $PROB to save FSUBS construction and compilation time
  

License Registered to:  InsightRX
Expiration Date:    14 AUG 2027
Current Date:        5 OCT 2026
Days until program expires : 314
1NONLINEAR MIXED EFFECTS MODEL PROGRAM (NONMEM) VERSION 7.6.0 (nm760)
 ORIGINALLY DEVELOPED BY STUART BEAL, LEWIS SHEINER, AND ALISON BOECKMANN
 CURRENT DEVELOPERS ARE ROBERT BAUER, ICON DEVELOPMENT SOLUTIONS,
 AND ALISON BOECKMANN. IMPLEMENTATION, EFFICIENCY, AND STANDARDIZATION
 PERFORMED BY NOUS INFOSYSTEMS.

 PROBLEM NO.:         1
 Warfarin IOV (CL) - ferx-core cross-check (issue #101)
0DATA CHECKOUT RUN:              NO
 DATA SET LOCATED ON UNIT NO.:    2
 THIS UNIT TO BE REWOUND:        NO
 CREATE/ADD TO FDATA.csv:        YES
 NO. OF DATA RECS IN DATA SET:      240
 NO. OF DATA ITEMS IN DATA SET:   8
 ID DATA ITEM IS DATA ITEM NO.:   1
 DEP VARIABLE IS DATA ITEM NO.:   3
 MDV DATA ITEM IS DATA ITEM NO.:  7
0INDICES PASSED TO SUBROUTINE PRED:
   4   2   5   6   0   0   0   0   0   0   0
0LABELS FOR DATA ITEMS:
 ID TIME DV EVID AMT RATE MDV OCC
0(NONBLANK) LABELS FOR PRED-DEFINED ITEMS:
 CL V KA
0FORMAT FOR DATA:
 (8E8.0)

 TOT. NO. OF OBS RECS:      220
 TOT. NO. OF INDIVIDUALS:       10
0LENGTH OF THETA:   3
0DEFAULT THETA BOUNDARY TEST OMITTED:    NO
0OMEGA HAS BLOCK FORM:
  1
  0  2
  0  0  3
  0  0  0  4
  0  0  0  0  4
0DEFAULT OMEGA BOUNDARY TEST OMITTED:    NO
0SIGMA HAS SIMPLE DIAGONAL FORM WITH DIMENSION:   1
0DEFAULT SIGMA BOUNDARY TEST OMITTED:    NO
0INITIAL ESTIMATE OF THETA:
 LOWER BOUND    INITIAL EST    UPPER BOUND
  0.0000E+00     0.2000E+00     0.1000E+07
  0.0000E+00     0.1000E+02     0.1000E+07
  0.0000E+00     0.1500E+01     0.1000E+07
0INITIAL ESTIMATE OF OMEGA:
 BLOCK SET NO.   BLOCK                                                                    FIXED
        1                                                                                   NO
                  0.9000E-01
        2                                                                                   NO
                  0.4000E-01
        3                                                                                   NO
                  0.3000E+00
        4                                                                                   NO
                  0.1000E-01
0INITIAL ESTIMATE OF SIGMA:
 0.4000E-01
0COVARIANCE STEP OMITTED:        NO
 EIGENVLS. PRINTED:              NO
 SPECIAL COMPUTATION:            NO
 COMPRESSED FORMAT:              NO
 GRADIENT METHOD USED:     NOSLOW
 SIGDIGITS ETAHAT (SIGLO):                  -1
 SIGDIGITS GRADIENTS (SIGL):                -1
 EXCLUDE COV FOR FOCE (NOFCOV):              NO
 Cholesky Transposition of R Matrix (CHOLROFF):0
 KNUTHSUMOFF:                                -1
 RESUME COV ANALYSIS (RESUME):               NO
 SIR SAMPLE SIZE (SIRSAMPLE):
 NON-LINEARLY TRANSFORM THETAS DURING COV (THBND): 1
 PRECONDTIONING CYCLES (PRECOND):        0
 PRECONDTIONING TYPES (PRECONDS):        TOS
 FORCED PRECONDTIONING CYCLES (PFCOND):0
 PRECONDTIONING TYPE (PRETYPE):        0
 FORCED POS. DEFINITE SETTING DURING PRECONDITIONING: (FPOSDEF):0
 SIMPLE POS. DEFINITE SETTING: (POSDEF):-1
0TABLES STEP OMITTED:    NO
 NO. OF TABLES:           1
 SEED NUMBER (SEED):    11456
 NPDTYPE:    0
 INTERPTYPE:    0
 RANMETHOD:             3U
 MC SAMPLES (ESAMPLE):    300
 WRES SQUARE ROOT TYPE (WRESCHOL): EIGENVALUE
0-- TABLE   1 --
0RECORDS ONLY:    ALL
04 COLUMNS APPENDED:    YES
 PRINTED:                NO
 HEADER:                YES
 FILE TO BE FORWARDED:   NO
 FORMAT:                S1PE11.4
 IDFORMAT:
 LFORMAT:
 RFORMAT:
 FIXED_EFFECT_ETAS:
0USER-CHOSEN ITEMS:
 ID TIME OCC CL V KA
1DOUBLE PRECISION PREDPP VERSION 7.6.0 (nm760)

 ONE COMPARTMENT MODEL WITH FIRST-ORDER ABSORPTION (ADVAN2)
0MAXIMUM NO. OF BASIC PK PARAMETERS:   3
0BASIC PK PARAMETERS (AFTER TRANSLATION):
   ELIMINATION RATE (K) IS BASIC PK PARAMETER NO.:  1
   ABSORPTION RATE (KA) IS BASIC PK PARAMETER NO.:  3

 TRANSLATOR WILL CONVERT PARAMETERS
 CLEARANCE (CL) AND VOLUME (V) TO K (TRANS2)
0COMPARTMENT ATTRIBUTES
 COMPT. NO.   FUNCTION   INITIAL    ON/OFF      DOSE      DEFAULT    DEFAULT
                         STATUS     ALLOWED    ALLOWED    FOR DOSE   FOR OBS.
    1         DEPOT        OFF        YES        YES        YES        NO
    2         CENTRAL      ON         NO         YES        NO         YES
    3         OUTPUT       OFF        YES        NO         NO         NO
1
 ADDITIONAL PK PARAMETERS - ASSIGNMENT OF ROWS IN GG
 COMPT. NO.                             INDICES
              SCALE      BIOAVAIL.   ZERO-ORDER  ZERO-ORDER  ABSORB
                         FRACTION    RATE        DURATION    LAG
    1            *           *           *           *           *
    2            4           *           *           *           *
    3            *           -           -           -           -
             - PARAMETER IS NOT ALLOWED FOR THIS MODEL
             * PARAMETER IS NOT SUPPLIED BY PK SUBROUTINE;
               WILL DEFAULT TO ONE IF APPLICABLE
0DATA ITEM INDICES USED BY PRED ARE:
   EVENT ID DATA ITEM IS DATA ITEM NO.:      4
   TIME DATA ITEM IS DATA ITEM NO.:          2
   DOSE AMOUNT DATA ITEM IS DATA ITEM NO.:   5
   DOSE RATE DATA ITEM IS DATA ITEM NO.:     6

0PK SUBROUTINE CALLED WITH EVERY EVENT RECORD.
 PK SUBROUTINE NOT CALLED AT NONEVENT (ADDITIONAL OR LAGGED) DOSE TIMES.
0ERROR SUBROUTINE CALLED WITH EVERY EVENT RECORD.
1


 #TBLN:      1
 #METH: First Order Conditional Estimation

 ESTIMATION STEP OMITTED:                 NO
 SHRINK INFO WITH EVALUATION (EVALSHRINK) NO
 ANALYSIS TYPE:                           POPULATION
 NUMBER OF SADDLE POINT RESET ITERATIONS:      0
 GRADIENT METHOD USED:               NOSLOW
 CONDITIONAL ESTIMATES USED:              YES
 CENTERED ETA:                            NO
 EPS-ETA INTERACTION:                     NO
 LAPLACIAN OBJ. FUNC.:                    NO
 NO. OF FUNCT. EVALS. ALLOWED:            9999
 NO. OF SIG. FIGURES REQUIRED:            3
 INTERMEDIATE PRINTOUT:                   YES
 ESTIMATE OUTPUT TO MSF:                  NO
 ABORT WITH PRED EXIT CODE 1:             NO
 IND. OBJ. FUNC. VALUES SORTED:           NO
 NUMERICAL DERIVATIVE
       FILE REQUEST (NUMDER):               NONE
 MAP (ETAHAT) ESTIMATION METHOD (OPTMAP):   0
 ETA HESSIAN EVALUATION METHOD (ETADER):    0
 INITIAL ETA FOR MAP ESTIMATION (MCETA):    0
 SIGDIGITS FOR MAP ESTIMATION (SIGLO):      9
 GRADIENT SIGDIGITS OF
       FIXED EFFECTS PARAMETERS (SIGL):     9
 NOPRIOR SETTING (NOPRIOR):                 0
 NOCOV SETTING (NOCOV):                     OFF
 DERCONT SETTING (DERCONT):                 OFF
 FINAL ETA RE-EVALUATION (FNLETA):          1
 EXCLUDE NON-INFLUENTIAL (NON-INFL.) ETAS
       IN SHRINKAGE (ETASTYPE):             NO
 NON-INFL. ETA CORRECTION (NONINFETA):      0
 RAW OUTPUT FILE (FILE): wiov.ext
 EXCLUDE TITLE (NOTITLE):                   NO
 EXCLUDE COLUMN LABELS (NOLABEL):           NO
 FORMAT FOR ADDITIONAL FILES (FORMAT):      S1PE12.5
 PARAMETER ORDER FOR OUTPUTS (ORDER):       TSOL
 KNUTHSUMOFF:                               0
 INCLUDE LNTWOPI:                           NO
 INCLUDE CONSTANT TERM TO PRIOR (PRIORC):   NO
 INCLUDE CONSTANT TERM TO OMEGA (ETA) (OLNTWOPI):NO
 ADDITIONAL CONVERGENCE TEST (CTYPE=4)?:    NO
 EM OR BAYESIAN METHOD USED:                 NONE


 THE FOLLOWING LABELS ARE EQUIVALENT
 PRED=NPRED
 RES=NRES
 WRES=NWRES
 IWRS=NIWRES
 IPRD=NIPRED
 IRS=NIRES

 MONITORING OF SEARCH:


0ITERATION NO.:    0    OBJECTIVE VALUE:   332.264851647437        NO. OF FUNC. EVALS.:   6
 CUMULATIVE NO. OF FUNC. EVALS.:        6
 NPARAMETR:  2.0000E-01  1.0000E+01  1.5000E+00  9.0000E-02  4.0000E-02  3.0000E-01  1.0000E-02  4.0000E-02
 PARAMETER:  1.0000E-01  1.0000E-01  1.0000E-01  1.0000E-01  1.0000E-01  1.0000E-01  1.0000E-01  1.0000E-01
 GRADIENT:  -1.1032E+02  2.2221E+02 -5.8651E+01  5.3531E-01  2.6441E+00  6.7628E+00 -4.2666E+01 -7.0673E+00

0ITERATION NO.:    5    OBJECTIVE VALUE:   238.870425133960        NO. OF FUNC. EVALS.:  35
 CUMULATIVE NO. OF FUNC. EVALS.:       41
 NPARAMETR:  3.7227E-01  8.8883E+00  2.5454E+00  3.6292E-01  4.3778E-02  6.4574E-01  3.5805E-01  4.3463E-02
 PARAMETER:  7.2131E-01 -1.7851E-02  6.2882E-01  7.9719E-01  1.4513E-01  4.8331E-01  1.8890E+00  1.4152E-01
 GRADIENT:   3.4957E+02 -1.8207E+02  1.0805E+01 -4.0661E+00  1.2540E+01 -9.3484E+00  1.5622E+01 -9.6301E+01

0ITERATION NO.:   10    OBJECTIVE VALUE:   206.730715660291        NO. OF FUNC. EVALS.:  37
 CUMULATIVE NO. OF FUNC. EVALS.:       78
 NPARAMETR:  3.1295E-01  8.3346E+00  2.6598E+00  4.7550E-01  1.8230E-02  7.1640E-01  5.3405E-02  3.5940E-02
 PARAMETER:  5.4772E-01 -8.2172E-02  6.7277E-01  9.3228E-01 -2.9291E-01  5.3523E-01  9.3766E-01  4.6492E-02
 GRADIENT:   7.2603E+00  3.3140E+00  8.1595E+00  1.6867E+00  4.6721E+00 -9.0043E+00  4.0886E+00 -5.1154E+00

0ITERATION NO.:   15    OBJECTIVE VALUE:   205.138634049160        NO. OF FUNC. EVALS.:  35
 CUMULATIVE NO. OF FUNC. EVALS.:      113
 NPARAMETR:  3.1156E-01  8.3351E+00  2.6746E+00  4.2851E-01  1.2744E-02  1.0912E+00  4.2378E-02  3.6066E-02
 PARAMETER:  5.4328E-01 -8.2115E-02  6.7834E-01  8.8025E-01 -4.7192E-01  7.4561E-01  8.2202E-01  4.8241E-02
 GRADIENT:  -7.4842E-01  1.4154E-01  6.3617E-03 -1.3074E-01 -8.5734E-02 -2.0662E-01 -1.0205E-01 -5.0540E-02

0ITERATION NO.:   20    OBJECTIVE VALUE:   205.090577170572        NO. OF FUNC. EVALS.:  78
 CUMULATIVE NO. OF FUNC. EVALS.:      191             RESET HESSIAN, TYPE I
 NPARAMETR:  3.1542E-01  8.3816E+00  2.6452E+00  4.4679E-01  1.2520E-02  1.0778E+00  4.2592E-02  3.7041E-02
 PARAMETER:  5.5559E-01 -7.6550E-02  6.6728E-01  9.0114E-01 -4.8078E-01  7.3946E-01  8.2454E-01  6.1571E-02
 GRADIENT:   6.7186E+00  3.0368E-03  2.1426E-02  3.3798E-03 -3.2192E-03 -7.0354E-03  6.0968E-03 -2.1093E-01

0ITERATION NO.:   25    OBJECTIVE VALUE:   205.090537929660        NO. OF FUNC. EVALS.:  72
 CUMULATIVE NO. OF FUNC. EVALS.:      263
 NPARAMETR:  3.1541E-01  8.3825E+00  2.6443E+00  4.4665E-01  1.2517E-02  1.0777E+00  4.2580E-02  3.7065E-02
 PARAMETER:  5.5556E-01 -7.6441E-02  6.6694E-01  9.0099E-01 -4.8090E-01  7.3940E-01  8.2440E-01  6.1894E-02
 GRADIENT:  -4.9453E-01  4.2185E-02  8.9471E-03 -2.7201E-04  4.5914E-04  3.3953E-03 -3.1994E-04  2.0040E-02

 #TERM:
0MINIMIZATION SUCCESSFUL
 HOWEVER, PROBLEMS OCCURRED WITH THE MINIMIZATION.
 REGARD THE RESULTS OF THE ESTIMATION STEP CAREFULLY, AND ACCEPT THEM ONLY
 AFTER CHECKING THAT THE COVARIANCE STEP PRODUCES REASONABLE OUTPUT.
 NO. OF FUNCTION EVALUATIONS USED:      263
 NO. OF SIG. DIGITS IN FINAL EST.:  3.4

 ETABAR IS THE ARITHMETIC MEAN OF THE ETA-ESTIMATES,
 AND THE P-VALUE IS GIVEN FOR THE NULL HYPOTHESIS THAT THE TRUE MEAN IS 0.

 ETABAR:        -6.0808E-01  1.3386E-02 -9.9072E-01 -1.0544E-01  4.7467E-02
 SE:             7.6315E-02  3.2524E-02  7.6848E-02  4.0737E-02  3.7698E-02
 N:                      10          10          10          10          10

 P VAL.:         1.6290E-15  6.8065E-01  5.1773E-38  9.6471E-03  2.0798E-01

 ETASHRINKSD(%)  2.1101E+00  7.2950E+00  1.7368E+00  1.9327E+01  3.7816E+01
 ETASHRINKVR(%)  4.1756E+00  1.4058E+01  3.4434E+00  3.4919E+01  6.1332E+01
 EBVSHRINKSD(%)  2.3598E+00  6.9247E+00  2.2991E+00  2.7812E+01  2.7825E+01
 EBVSHRINKVR(%)  4.6639E+00  1.3370E+01  4.5454E+00  4.7889E+01  4.7908E+01
 RELATIVEINF(%)  0.0000E+00  8.6565E+01  9.5402E+01  0.0000E+00  0.0000E+00
 EPSSHRINKSD(%)  9.1002E+00
 EPSSHRINKVR(%)  1.7372E+01

  
 TOTAL DATA POINTS NORMALLY DISTRIBUTED (N):          220
 N*LOG(2PI) CONSTANT TO OBJECTIVE FUNCTION:    404.33295461005599     
 OBJECTIVE FUNCTION VALUE WITHOUT CONSTANT:    205.09053792965955     
 OBJECTIVE FUNCTION VALUE WITH CONSTANT:       609.42349253971554     
 REPORTED OBJECTIVE FUNCTION DOES NOT CONTAIN CONSTANT
  
 TOTAL EFFECTIVE ETAS (NIND*NETA):                            50
  
 #TERE:
 Elapsed estimation  time in seconds:     0.39
 Elapsed covariance  time in seconds:     0.15
 Elapsed postprocess time in seconds:     0.02
1
 
 
 
 
 
 
 
 
 
 
 
 
 
 
 
 
 
 
 
 
 ************************************************************************************************************************
 ********************                                                                                ********************
 ********************                        FIRST ORDER CONDITIONAL ESTIMATION                      ********************
 #OBJT:**************                       MINIMUM VALUE OF OBJECTIVE FUNCTION                      ********************
 ********************                                                                                ********************
 ************************************************************************************************************************
 





 #OBJV:********************************************           205.091       *********************************************
1
 ************************************************************************************************************************
 ********************                                                                                ********************
 ********************                        FIRST ORDER CONDITIONAL ESTIMATION                      ********************
 ********************                             FINAL PARAMETER ESTIMATE                           ********************
 ********************                                                                                ********************
 ************************************************************************************************************************
 


 THETA - VECTOR OF FIXED EFFECTS PARAMETERS   *********


         TH 1      TH 2      TH 3     
 
         3.15E-01  8.38E+00  2.64E+00
 


 OMEGA - COV MATRIX FOR RANDOM EFFECTS - ETAS  ********


         ETA1      ETA2      ETA3      ETA4      ETA5     
 
 ETA1
+        4.47E-01
 
 ETA2
+        0.00E+00  1.25E-02
 
 ETA3
+        0.00E+00  0.00E+00  1.08E+00
 
 ETA4
+        0.00E+00  0.00E+00  0.00E+00  4.26E-02
 
 ETA5
+        0.00E+00  0.00E+00  0.00E+00  0.00E+00  4.26E-02
 


 SIGMA - COV MATRIX FOR RANDOM EFFECTS - EPSILONS  ****


         EPS1     
 
 EPS1
+        3.71E-02
 
1


 OMEGA - CORR MATRIX FOR RANDOM EFFECTS - ETAS  *******


         ETA1      ETA2      ETA3      ETA4      ETA5     
 
 ETA1
+        6.68E-01
 
 ETA2
+        0.00E+00  1.12E-01
 
 ETA3
+        0.00E+00  0.00E+00  1.04E+00
 
 ETA4
+        0.00E+00  0.00E+00  0.00E+00  2.06E-01
 
 ETA5
+        0.00E+00  0.00E+00  0.00E+00  0.00E+00  2.06E-01
 


 SIGMA - CORR MATRIX FOR RANDOM EFFECTS - EPSILONS  ***


         EPS1     
 
 EPS1
+        1.93E-01
 
1
 ************************************************************************************************************************
 ********************                                                                                ********************
 ********************                        FIRST ORDER CONDITIONAL ESTIMATION                      ********************
 ********************                            STANDARD ERROR OF ESTIMATE                          ********************
 ********************                                                                                ********************
 ************************************************************************************************************************
 


 THETA - VECTOR OF FIXED EFFECTS PARAMETERS   *********


         TH 1      TH 2      TH 3     
 
         3.12E-02  3.47E-01  6.45E-01
 


 OMEGA - COV MATRIX FOR RANDOM EFFECTS - ETAS  ********


         ETA1      ETA2      ETA3      ETA4      ETA5     
 
 ETA1
+        1.22E-01
 
 ETA2
+       .........  5.79E-03
 
 ETA3
+       ......... .........  5.24E-01
 
 ETA4
+       ......... ......... .........  1.53E-02
 
 ETA5
+       ......... ......... ......... ......... .........
 


 SIGMA - COV MATRIX FOR RANDOM EFFECTS - EPSILONS  ****


         EPS1     
 
 EPS1
+        1.22E-02
 
1


 OMEGA - CORR MATRIX FOR RANDOM EFFECTS - ETAS  *******


         ETA1      ETA2      ETA3      ETA4      ETA5     
 
 ETA1
+        9.10E-02
 
 ETA2
+       .........  2.59E-02
 
 ETA3
+       ......... .........  2.52E-01
 
 ETA4
+       ......... ......... .........  3.70E-02
 
 ETA5
+       ......... ......... ......... ......... .........
 


 SIGMA - CORR MATRIX FOR RANDOM EFFECTS - EPSILONS  ***


         EPS1     
 
 EPS1
+        3.17E-02
 
1
 ************************************************************************************************************************
 ********************                                                                                ********************
 ********************                        FIRST ORDER CONDITIONAL ESTIMATION                      ********************
 ********************                          COVARIANCE MATRIX OF ESTIMATE                         ********************
 ********************                                                                                ********************
 ************************************************************************************************************************
 

            TH 1      TH 2      TH 3      OM11      OM12      OM13      OM14      OM15      OM22      OM23      OM24      OM25  
             OM33      OM34      OM35      OM44      OM45      OM55      SG11  
 
 TH 1
+        9.73E-04
 
 TH 2
+        3.35E-03  1.21E-01
 
 TH 3
+        4.65E-03 -1.18E-05  4.16E-01
 
 OM11
+        2.55E-03  3.00E-02  1.24E-02  1.48E-02
 
 OM12
+       ......... ......... ......... ......... .........
 
 OM13
+       ......... ......... ......... ......... ......... .........
 
 OM14
+       ......... ......... ......... ......... ......... ......... .........
 
 OM15
+       ......... ......... ......... ......... ......... ......... ......... .........
 
 OM22
+        1.61E-05 -7.44E-04  7.20E-04 -1.85E-04 ......... ......... ......... .........  3.35E-05
 
 OM23
+       ......... ......... ......... ......... ......... ......... ......... ......... ......... .........
 
 OM24
+       ......... ......... ......... ......... ......... ......... ......... ......... ......... ......... .........
 
 OM25
+       ......... ......... ......... ......... ......... ......... ......... ......... ......... ......... ......... .........
 
 OM33
+        3.36E-03  2.29E-02  3.22E-01  1.32E-02 ......... ......... ......... ......... -5.80E-05 ......... ......... .........
          2.75E-01
 
 OM34
+       ......... ......... ......... ......... ......... ......... ......... ......... ......... ......... ......... .........
         ......... .........
 
 OM35
+       ......... ......... ......... ......... ......... ......... ......... ......... ......... ......... ......... .........
         ......... ......... .........
 
 OM44
+       -1.92E-04 -3.23E-04  1.37E-03 -4.77E-04 ......... ......... ......... .........  2.55E-06 ......... ......... .........
          1.70E-03 ......... .........  2.34E-04
 
 OM45
+       ......... ......... ......... ......... ......... ......... ......... ......... ......... ......... ......... .........
         ......... ......... ......... ......... .........
 
 OM55
+       ......... ......... ......... ......... ......... ......... ......... ......... ......... ......... ......... .........
         ......... ......... ......... ......... ......... .........
 
 SG11
+        2.00E-04  1.96E-03 -9.88E-04  8.06E-04 ......... ......... ......... ......... -3.23E-05 ......... ......... .........
          4.05E-04 ......... ......... -4.64E-05 ......... .........  1.49E-04
 
1
 ************************************************************************************************************************
 ********************                                                                                ********************
 ********************                        FIRST ORDER CONDITIONAL ESTIMATION                      ********************
 ********************                          CORRELATION MATRIX OF ESTIMATE                        ********************
 ********************                                                                                ********************
 ************************************************************************************************************************
 

            TH 1      TH 2      TH 3      OM11      OM12      OM13      OM14      OM15      OM22      OM23      OM24      OM25  
             OM33      OM34      OM35      OM44      OM45      OM55      SG11  
 
 TH 1
+        3.12E-02
 
 TH 2
+        3.09E-01  3.47E-01
 
 TH 3
+        2.31E-01 -5.27E-05  6.45E-01
 
 OM11
+        6.72E-01  7.09E-01  1.58E-01  1.22E-01
 
 OM12
+       ......... ......... ......... ......... .........
 
 OM13
+       ......... ......... ......... ......... ......... .........
 
 OM14
+       ......... ......... ......... ......... ......... ......... .........
 
 OM15
+       ......... ......... ......... ......... ......... ......... ......... .........
 
 OM22
+        8.92E-02 -3.70E-01  1.93E-01 -2.62E-01 ......... ......... ......... .........  5.79E-03
 
 OM23
+       ......... ......... ......... ......... ......... ......... ......... ......... ......... .........
 
 OM24
+       ......... ......... ......... ......... ......... ......... ......... ......... ......... ......... .........
 
 OM25
+       ......... ......... ......... ......... ......... ......... ......... ......... ......... ......... ......... .........
 
 OM33
+        2.05E-01  1.26E-01  9.53E-01  2.08E-01 ......... ......... ......... ......... -1.91E-02 ......... ......... .........
          5.24E-01
 
 OM34
+       ......... ......... ......... ......... ......... ......... ......... ......... ......... ......... ......... .........
         ......... .........
 
 OM35
+       ......... ......... ......... ......... ......... ......... ......... ......... ......... ......... ......... .........
         ......... ......... .........
 
 OM44
+       -4.03E-01 -6.08E-02  1.40E-01 -2.56E-01 ......... ......... ......... .........  2.88E-02 ......... ......... .........
          2.13E-01 ......... .........  1.53E-02
 
 OM45
+       ......... ......... ......... ......... ......... ......... ......... ......... ......... ......... ......... .........
         ......... ......... ......... ......... .........
 
 OM55
+       ......... ......... ......... ......... ......... ......... ......... ......... ......... ......... ......... .........
         ......... ......... ......... ......... ......... .........
 
 SG11
+        5.25E-01  4.61E-01 -1.25E-01  5.43E-01 ......... ......... ......... ......... -4.57E-01 ......... ......... .........
          6.32E-02 ......... ......... -2.49E-01 ......... .........  1.22E-02
 
1
 ************************************************************************************************************************
 ********************                                                                                ********************
 ********************                        FIRST ORDER CONDITIONAL ESTIMATION                      ********************
 ********************                      INVERSE COVARIANCE MATRIX OF ESTIMATE                     ********************
 ********************                                                                                ********************
 ************************************************************************************************************************
 

            TH 1      TH 2      TH 3      OM11      OM12      OM13      OM14      OM15      OM22      OM23      OM24      OM25  
             OM33      OM34      OM35      OM44      OM45      OM55      SG11  
 
 TH 1
+        3.65E+03
 
 TH 2
+        4.18E+01  2.22E+01
 
 TH 3
+       -1.73E+02  1.72E+01  1.30E+02
 
 OM11
+       -4.74E+02 -5.47E+01 -5.81E+01  2.92E+02
 
 OM12
+       ......... ......... ......... ......... .........
 
 OM13
+       ......... ......... ......... ......... ......... .........
 
 OM14
+       ......... ......... ......... ......... ......... ......... .........
 
 OM15
+       ......... ......... ......... ......... ......... ......... ......... .........
 
 OM22
+       -4.53E+03 -1.46E+02 -1.62E+03  1.51E+03 ......... ......... ......... .........  7.36E+04
 
 OM23
+       ......... ......... ......... ......... ......... ......... ......... ......... ......... .........
 
 OM24
+       ......... ......... ......... ......... ......... ......... ......... ......... ......... ......... .........
 
 OM25
+       ......... ......... ......... ......... ......... ......... ......... ......... ......... ......... ......... .........
 
 OM33
+        1.79E+02 -2.01E+01 -1.54E+02  6.63E+01 ......... ......... ......... .........  1.96E+03 ......... ......... .........
          1.86E+02
 
 OM34
+       ......... ......... ......... ......... ......... ......... ......... ......... ......... ......... ......... .........
         ......... .........
 
 OM35
+       ......... ......... ......... ......... ......... ......... ......... ......... ......... ......... ......... .........
         ......... ......... .........
 
 OM44
+        8.11E+02  1.89E+01  4.10E+02 -1.28E+02 ......... ......... ......... ......... -6.84E+03 ......... ......... .........
         -5.37E+02 ......... .........  7.14E+03
 
 OM45
+       ......... ......... ......... ......... ......... ......... ......... ......... ......... ......... ......... .........
         ......... ......... ......... ......... .........
 
 OM55
+       ......... ......... ......... ......... ......... ......... ......... ......... ......... ......... ......... .........
         ......... ......... ......... ......... ......... .........
 
 SG11
+       -5.24E+03  9.11E+01  1.37E+03 -4.99E+02 ......... ......... ......... ......... -2.40E+03 ......... ......... .........
         -1.60E+03 ......... .........  4.27E+03 ......... .........  2.95E+04
 
 Elapsed finaloutput time in seconds:     0.01
 #CPUT: Total CPU Time in Seconds,        0.593
Stop Time:
Mon Oct  5 09:58:10 PM UTC 2026
