Tue Oct  6 11:51:30 AM UTC 2026
$PROBLEM #1722 non-IOV FOCE at large sigma, estimated
$DATA warfarin_iov.csv IGNORE=@
$INPUT ID TIME DV EVID AMT CMT=DROP RATE MDV OCC
$SUBROUTINES ADVAN2 TRANS2
$PK
  CL = THETA(1)*EXP(ETA(1))
  V  = THETA(2)*EXP(ETA(2))
  KA = THETA(3)*EXP(ETA(3))
  S2 = V
$ERROR
  IPRED = F
  Y = IPRED*(1 + EPS(1))
$THETA (0, 0.2) (0, 10) (0, 1.5)
$OMEGA 0.09 0.04 0.30
$SIGMA 0.04
$ESTIMATION METHOD=1 MAXEVAL=9999 NSIG=3 SIGL=9 POSTHOC PRINT=1 NOABORT
$TABLE ID TIME CWRES ETA1 ETA2 ETA3 NOPRINT ONEHEADER FORMAT=s1PE15.8 FILE=sdtab

NM-TRAN MESSAGES
  
 WARNINGS AND ERRORS (IF ANY) FOR PROBLEM    1
             
 (WARNING  2) NM-TRAN INFERS THAT THE DATA ARE POPULATION.
  
Note: Analytical 2nd Derivatives are constructed in FSUBS but are never used.
      You may insert $ABBR DERIV2=NO after the first $PROB to save FSUBS construction and compilation time
  

License Registered to:  InsightRX
Expiration Date:    14 AUG 2027
Current Date:        6 OCT 2026
Days until program expires : 313
1NONLINEAR MIXED EFFECTS MODEL PROGRAM (NONMEM) VERSION 7.6.0 (nm760)
 ORIGINALLY DEVELOPED BY STUART BEAL, LEWIS SHEINER, AND ALISON BOECKMANN
 CURRENT DEVELOPERS ARE ROBERT BAUER, ICON DEVELOPMENT SOLUTIONS,
 AND ALISON BOECKMANN. IMPLEMENTATION, EFFICIENCY, AND STANDARDIZATION
 PERFORMED BY NOUS INFOSYSTEMS.

 PROBLEM NO.:         1
 #1722 non-IOV FOCE at large sigma, estimated
0DATA CHECKOUT RUN:              NO
 DATA SET LOCATED ON UNIT NO.:    2
 THIS UNIT TO BE REWOUND:        NO
 CREATE/ADD TO FDATA.csv:        YES
 NO. OF DATA RECS IN DATA SET:      240
 NO. OF DATA ITEMS IN DATA SET:   8
 ID DATA ITEM IS DATA ITEM NO.:   1
 DEP VARIABLE IS DATA ITEM NO.:   3
 MDV DATA ITEM IS DATA ITEM NO.:  7
0INDICES PASSED TO SUBROUTINE PRED:
   4   2   5   6   0   0   0   0   0   0   0
0LABELS FOR DATA ITEMS:
 ID TIME DV EVID AMT RATE MDV OCC
0FORMAT FOR DATA:
 (8E8.0)

 TOT. NO. OF OBS RECS:      220
 TOT. NO. OF INDIVIDUALS:       10
0LENGTH OF THETA:   3
0DEFAULT THETA BOUNDARY TEST OMITTED:    NO
0OMEGA HAS SIMPLE DIAGONAL FORM WITH DIMENSION:   3
0DEFAULT OMEGA BOUNDARY TEST OMITTED:    NO
0SIGMA HAS SIMPLE DIAGONAL FORM WITH DIMENSION:   1
0DEFAULT SIGMA BOUNDARY TEST OMITTED:    NO
0INITIAL ESTIMATE OF THETA:
 LOWER BOUND    INITIAL EST    UPPER BOUND
  0.0000E+00     0.2000E+00     0.1000E+07
  0.0000E+00     0.1000E+02     0.1000E+07
  0.0000E+00     0.1500E+01     0.1000E+07
0INITIAL ESTIMATE OF OMEGA:
 0.9000E-01
 0.0000E+00   0.4000E-01
 0.0000E+00   0.0000E+00   0.3000E+00
0INITIAL ESTIMATE OF SIGMA:
 0.4000E-01
0TABLES STEP OMITTED:    NO
 NO. OF TABLES:           1
 SEED NUMBER (SEED):    11456
 NPDTYPE:    0
 INTERPTYPE:    0
 RANMETHOD:             3U
 MC SAMPLES (ESAMPLE):    300
 WRES SQUARE ROOT TYPE (WRESCHOL): EIGENVALUE
0-- TABLE   1 --
0RECORDS ONLY:    ALL
04 COLUMNS APPENDED:    YES
 PRINTED:                NO
 HEADER:                YES
 FILE TO BE FORWARDED:   NO
 FORMAT:                s1PE15.8
 IDFORMAT:
 LFORMAT:
 RFORMAT:
 FIXED_EFFECT_ETAS:
0USER-CHOSEN ITEMS:
 ID TIME CWRES ETA1 ETA2 ETA3
1DOUBLE PRECISION PREDPP VERSION 7.6.0 (nm760)

 ONE COMPARTMENT MODEL WITH FIRST-ORDER ABSORPTION (ADVAN2)
0MAXIMUM NO. OF BASIC PK PARAMETERS:   3
0BASIC PK PARAMETERS (AFTER TRANSLATION):
   ELIMINATION RATE (K) IS BASIC PK PARAMETER NO.:  1
   ABSORPTION RATE (KA) IS BASIC PK PARAMETER NO.:  3

 TRANSLATOR WILL CONVERT PARAMETERS
 CLEARANCE (CL) AND VOLUME (V) TO K (TRANS2)
0COMPARTMENT ATTRIBUTES
 COMPT. NO.   FUNCTION   INITIAL    ON/OFF      DOSE      DEFAULT    DEFAULT
                         STATUS     ALLOWED    ALLOWED    FOR DOSE   FOR OBS.
    1         DEPOT        OFF        YES        YES        YES        NO
    2         CENTRAL      ON         NO         YES        NO         YES
    3         OUTPUT       OFF        YES        NO         NO         NO
1
 ADDITIONAL PK PARAMETERS - ASSIGNMENT OF ROWS IN GG
 COMPT. NO.                             INDICES
              SCALE      BIOAVAIL.   ZERO-ORDER  ZERO-ORDER  ABSORB
                         FRACTION    RATE        DURATION    LAG
    1            *           *           *           *           *
    2            4           *           *           *           *
    3            *           -           -           -           -
             - PARAMETER IS NOT ALLOWED FOR THIS MODEL
             * PARAMETER IS NOT SUPPLIED BY PK SUBROUTINE;
               WILL DEFAULT TO ONE IF APPLICABLE
0DATA ITEM INDICES USED BY PRED ARE:
   EVENT ID DATA ITEM IS DATA ITEM NO.:      4
   TIME DATA ITEM IS DATA ITEM NO.:          2
   DOSE AMOUNT DATA ITEM IS DATA ITEM NO.:   5
   DOSE RATE DATA ITEM IS DATA ITEM NO.:     6

0PK SUBROUTINE CALLED WITH EVERY EVENT RECORD.
 PK SUBROUTINE NOT CALLED AT NONEVENT (ADDITIONAL OR LAGGED) DOSE TIMES.
0ERROR SUBROUTINE CALLED WITH EVERY EVENT RECORD.
1


 #TBLN:      1
 #METH: First Order Conditional Estimation

 ESTIMATION STEP OMITTED:                 NO
 SHRINK INFO WITH EVALUATION (EVALSHRINK) NO
 ANALYSIS TYPE:                           POPULATION
 NUMBER OF SADDLE POINT RESET ITERATIONS:      0
 GRADIENT METHOD USED:               NOSLOW
 CONDITIONAL ESTIMATES USED:              YES
 CENTERED ETA:                            NO
 EPS-ETA INTERACTION:                     NO
 LAPLACIAN OBJ. FUNC.:                    NO
 NO. OF FUNCT. EVALS. ALLOWED:            9999
 NO. OF SIG. FIGURES REQUIRED:            3
 INTERMEDIATE PRINTOUT:                   YES
 ESTIMATE OUTPUT TO MSF:                  NO
 ABORT WITH PRED EXIT CODE 1:             NO
 IND. OBJ. FUNC. VALUES SORTED:           NO
 NUMERICAL DERIVATIVE
       FILE REQUEST (NUMDER):               NONE
 MAP (ETAHAT) ESTIMATION METHOD (OPTMAP):   0
 ETA HESSIAN EVALUATION METHOD (ETADER):    0
 INITIAL ETA FOR MAP ESTIMATION (MCETA):    0
 SIGDIGITS FOR MAP ESTIMATION (SIGLO):      9
 GRADIENT SIGDIGITS OF
       FIXED EFFECTS PARAMETERS (SIGL):     9
 NOPRIOR SETTING (NOPRIOR):                 0
 NOCOV SETTING (NOCOV):                     OFF
 DERCONT SETTING (DERCONT):                 OFF
 FINAL ETA RE-EVALUATION (FNLETA):          1
 EXCLUDE NON-INFLUENTIAL (NON-INFL.) ETAS
       IN SHRINKAGE (ETASTYPE):             NO
 NON-INFL. ETA CORRECTION (NONINFETA):      0
 RAW OUTPUT FILE (FILE): nie.ext
 EXCLUDE TITLE (NOTITLE):                   NO
 EXCLUDE COLUMN LABELS (NOLABEL):           NO
 FORMAT FOR ADDITIONAL FILES (FORMAT):      S1PE12.5
 PARAMETER ORDER FOR OUTPUTS (ORDER):       TSOL
 KNUTHSUMOFF:                               0
 INCLUDE LNTWOPI:                           NO
 INCLUDE CONSTANT TERM TO PRIOR (PRIORC):   NO
 INCLUDE CONSTANT TERM TO OMEGA (ETA) (OLNTWOPI):NO
 ADDITIONAL CONVERGENCE TEST (CTYPE=4)?:    NO
 EM OR BAYESIAN METHOD USED:                 NONE


 THE FOLLOWING LABELS ARE EQUIVALENT
 PRED=NPRED
 RES=NRES
 WRES=NWRES
 IWRS=NIWRES
 IPRD=NIPRED
 IRS=NIRES

 MONITORING OF SEARCH:


0ITERATION NO.:    0    OBJECTIVE VALUE:   485.114401582387        NO. OF FUNC. EVALS.:   6
 CUMULATIVE NO. OF FUNC. EVALS.:        6
 NPARAMETR:  2.0000E-01  1.0000E+01  1.5000E+00  9.0000E-02  4.0000E-02  3.0000E-01  4.0000E-02
 PARAMETER:  1.0000E-01  1.0000E-01  1.0000E-01  1.0000E-01  1.0000E-01  1.0000E-01  1.0000E-01
 GRADIENT:   6.9574E+02 -1.9875E+02 -4.4823E+01 -1.2768E+00  1.4107E+00  6.9615E+00 -3.8310E+02

0ITERATION NO.:    1    OBJECTIVE VALUE:   409.274459912440        NO. OF FUNC. EVALS.:   7
 CUMULATIVE NO. OF FUNC. EVALS.:       13
 NPARAMETR:  1.4816E-01  1.0895E+01  1.5293E+00  9.0099E-02  3.9951E-02  2.9820E-01  5.5660E-02
 PARAMETER: -2.0000E-01  1.8570E-01  1.1933E-01  1.0055E-01  9.9392E-02  9.6998E-02  2.6519E-01
 GRADIENT:  -6.2794E+01  9.8874E+01 -1.4938E+01  3.1288E+00 -9.7769E+00  9.2094E+00  4.2700E+01

0ITERATION NO.:    2    OBJECTIVE VALUE:   400.365123126447        NO. OF FUNC. EVALS.:   8
 CUMULATIVE NO. OF FUNC. EVALS.:       21
 NPARAMETR:  1.6107E-01  9.5524E+00  1.5600E+00  8.9352E-02  4.1004E-02  2.9099E-01  4.9684E-02
 PARAMETER: -1.1649E-01  5.4210E-02  1.3919E-01  9.6390E-02  1.1239E-01  8.4751E-02  2.0840E-01
 GRADIENT:   6.1025E+01 -1.5672E+01 -7.9685E+00  5.6048E+00  7.9940E+00  6.2553E+00 -6.7677E+00

0ITERATION NO.:    3    OBJECTIVE VALUE:   399.580981479456        NO. OF FUNC. EVALS.:   7
 CUMULATIVE NO. OF FUNC. EVALS.:       28
 NPARAMETR:  1.4710E-01  8.8064E+00  1.6254E+00  8.5922E-02  4.0198E-02  2.7455E-01  4.6314E-02
 PARAMETER: -2.0718E-01 -2.7105E-02  1.8028E-01  7.6814E-02  1.0247E-01  5.5676E-02  1.7329E-01
 GRADIENT:   5.3877E-01 -5.6558E+01  5.2749E+00  2.1255E+00  1.2209E+01  3.0968E+00  3.9561E+01

0ITERATION NO.:    4    OBJECTIVE VALUE:   397.954505159966        NO. OF FUNC. EVALS.:   8
 CUMULATIVE NO. OF FUNC. EVALS.:       36
 NPARAMETR:  1.3920E-01  8.6498E+00  1.6766E+00  8.2537E-02  3.8439E-02  2.5793E-01  3.8017E-02
 PARAMETER: -2.6238E-01 -4.5052E-02  2.1130E-01  5.6717E-02  8.0094E-02  2.4455E-02  7.4572E-02
 GRADIENT:  -1.2726E-02 -4.3684E+01  3.6676E+00 -2.2189E+00  1.2421E+01  2.4983E-01  6.8464E+00

0ITERATION NO.:    5    OBJECTIVE VALUE:   397.678463583588        NO. OF FUNC. EVALS.:   7
 CUMULATIVE NO. OF FUNC. EVALS.:       43
 NPARAMETR:  1.4107E-01  8.6400E+00  1.8646E+00  8.6037E-02  2.7016E-02  2.2273E-01  3.7757E-02
 PARAMETER: -2.4908E-01 -4.6188E-02  3.1759E-01  7.7483E-02 -9.6221E-02 -4.8910E-02  7.1146E-02
 GRADIENT:   1.8061E+01 -5.9065E+01  2.1021E+01 -5.8479E-01  1.0185E+01 -8.4621E+00  5.7801E+00

0ITERATION NO.:    6    OBJECTIVE VALUE:   397.238015924480        NO. OF FUNC. EVALS.:   7
 CUMULATIVE NO. OF FUNC. EVALS.:       50
 NPARAMETR:  1.3991E-01  8.4156E+00  1.7978E+00  8.8516E-02  2.0242E-02  2.2380E-01  3.6905E-02
 PARAMETER: -2.5729E-01 -7.2497E-02  2.8107E-01  9.1685E-02 -2.4055E-01 -4.6519E-02  5.9739E-02
 GRADIENT:   2.7234E+01 -8.3524E+01  1.8232E+01 -4.9591E-01  7.9861E+00 -6.7537E+00  3.2426E+00

0ITERATION NO.:    7    OBJECTIVE VALUE:   392.803422373117        NO. OF FUNC. EVALS.:   9
 CUMULATIVE NO. OF FUNC. EVALS.:       59
 NPARAMETR:  1.4042E-01  8.6843E+00  1.5259E+00  1.0915E-01  1.2463E-02  1.6073E-01  3.8631E-02
 PARAMETER: -2.5368E-01 -4.1071E-02  1.1709E-01  1.9648E-01 -4.8306E-01 -2.1202E-01  8.2586E-02
 GRADIENT:   1.8646E+01 -2.8662E+01  2.7316E+00  3.1677E+00  4.3822E+00  1.0716E-01 -5.6390E+00

0ITERATION NO.:    8    OBJECTIVE VALUE:   392.492460639771        NO. OF FUNC. EVALS.:   7
 CUMULATIVE NO. OF FUNC. EVALS.:       66
 NPARAMETR:  1.4695E-01  8.8791E+00  1.3938E+00  6.0542E-02  9.8964E-03  1.2517E-01  4.3776E-02
 PARAMETER: -2.0823E-01 -1.8881E-02  2.6574E-02 -9.8240E-02 -5.9836E-01 -3.3706E-01  1.4510E-01
 GRADIENT:   1.1833E+01 -1.5148E+00 -4.5550E+00 -4.6918E+00  1.6035E+00  3.4274E+00 -3.2673E+00

0ITERATION NO.:    9    OBJECTIVE VALUE:   392.272108015921        NO. OF FUNC. EVALS.:   7
 CUMULATIVE NO. OF FUNC. EVALS.:       73
 NPARAMETR:  1.4666E-01  8.8660E+00  1.3237E+00  6.4002E-02  9.5935E-03  1.0212E-01  4.4333E-02
 PARAMETER: -2.1023E-01 -2.0356E-02 -2.5044E-02 -7.0445E-02 -6.1390E-01 -4.3879E-01  1.5142E-01
 GRADIENT:   1.0393E+01  2.2011E+00 -9.5015E+00 -3.6219E+00  1.4238E+00  4.2539E+00 -4.2381E+00

0ITERATION NO.:   10    OBJECTIVE VALUE:   391.634668089171        NO. OF FUNC. EVALS.:   8
 CUMULATIVE NO. OF FUNC. EVALS.:       81
 NPARAMETR:  1.4368E-01  8.8432E+00  1.3450E+00  7.8370E-02  8.3007E-03  9.6687E-02  4.2792E-02
 PARAMETER: -2.3073E-01 -2.2934E-02 -9.1063E-03  3.0819E-02 -6.8627E-01 -4.6615E-01  1.3374E-01
 GRADIENT:   4.6855E+00  7.0721E+00 -6.1422E+00 -1.1302E+00  6.8395E-01  3.1053E+00 -3.2396E+00

0ITERATION NO.:   11    OBJECTIVE VALUE:   391.277613702238        NO. OF FUNC. EVALS.:   7
 CUMULATIVE NO. OF FUNC. EVALS.:       88
 NPARAMETR:  1.4114E-01  8.7726E+00  1.3087E+00  9.0255E-02  6.9569E-03  7.1368E-02  4.2270E-02
 PARAMETER: -2.4855E-01 -3.0950E-02 -3.6425E-02  1.0142E-01 -7.7457E-01 -6.1796E-01  1.2760E-01
 GRADIENT:  -1.3802E+00  1.3695E+00 -4.0830E+00  2.5367E-01 -1.2894E-02  1.9829E+00 -6.2214E-01

0ITERATION NO.:   12    OBJECTIVE VALUE:   391.136186668322        NO. OF FUNC. EVALS.:   7
 CUMULATIVE NO. OF FUNC. EVALS.:       95
 NPARAMETR:  1.4155E-01  8.8151E+00  1.2527E+00  9.5036E-02  6.0282E-03  4.0950E-02  4.3707E-02
 PARAMETER: -2.4567E-01 -2.6123E-02 -8.0195E-02  1.2722E-01 -8.4621E-01 -8.9572E-01  1.4431E-01
 GRADIENT:  -3.2102E+00  1.0907E+01 -4.1893E+00  1.2891E+00 -1.3240E+00  9.5672E-01  9.9061E-01

0ITERATION NO.:   13    OBJECTIVE VALUE:   391.048998893153        NO. OF FUNC. EVALS.:   7
 CUMULATIVE NO. OF FUNC. EVALS.:      102
 NPARAMETR:  1.4146E-01  8.7977E+00  1.2702E+00  9.2761E-02  6.4243E-03  4.0738E-02  4.3397E-02
 PARAMETER: -2.4633E-01 -2.8099E-02 -6.6294E-02  1.1511E-01 -8.1440E-01 -8.9831E-01  1.4075E-01
 GRADIENT:  -2.8546E+00  1.8064E+00  7.0898E-01  8.3614E-01 -8.3018E-01  3.1750E-01  1.1610E+00

0ITERATION NO.:   14    OBJECTIVE VALUE:   390.954967801764        NO. OF FUNC. EVALS.:   7
 CUMULATIVE NO. OF FUNC. EVALS.:      109
 NPARAMETR:  1.4252E-01  8.7886E+00  1.2478E+00  8.4729E-02  7.7339E-03  3.3154E-02  4.4085E-02
 PARAMETER: -2.3881E-01 -2.9135E-02 -8.4064E-02  6.9826E-02 -7.2163E-01 -1.0013E+00  1.4862E-01
 GRADIENT:  -1.6804E+00 -5.9306E+00  5.5849E-01 -1.9023E-01  1.8396E-01  2.5952E-01  9.2889E-01

0ITERATION NO.:   15    OBJECTIVE VALUE:   390.920970743959        NO. OF FUNC. EVALS.:   7
 CUMULATIVE NO. OF FUNC. EVALS.:      116
 NPARAMETR:  1.4346E-01  8.8246E+00  1.2366E+00  8.2980E-02  8.0248E-03  2.7826E-02  4.4737E-02
 PARAMETER: -2.3229E-01 -2.5043E-02 -9.3061E-02  5.9395E-02 -7.0317E-01 -1.0889E+00  1.5596E-01
 GRADIENT:   1.7772E-02 -1.6652E+00 -1.0283E-03 -1.3885E-01  1.2080E-01  1.6617E-01  1.2319E-01

0ITERATION NO.:   16    OBJECTIVE VALUE:   390.914181808216        NO. OF FUNC. EVALS.:   7
 CUMULATIVE NO. OF FUNC. EVALS.:      123
 NPARAMETR:  1.4368E-01  8.8371E+00  1.2272E+00  8.3055E-02  8.0473E-03  2.4211E-02  4.5032E-02
 PARAMETER: -2.3076E-01 -2.3632E-02 -1.0070E-01  5.9849E-02 -7.0177E-01 -1.1585E+00  1.5925E-01
 GRADIENT:   9.0211E-02  5.6129E-01 -7.2647E-01 -1.6999E-02 -4.4628E-02  9.1949E-02  8.5908E-03

0ITERATION NO.:   17    OBJECTIVE VALUE:   390.913239236755        NO. OF FUNC. EVALS.:   7
 CUMULATIVE NO. OF FUNC. EVALS.:      130
 NPARAMETR:  1.4368E-01  8.8404E+00  1.2291E+00  8.3168E-02  8.0902E-03  2.3830E-02  4.5019E-02
 PARAMETER: -2.3072E-01 -2.3258E-02 -9.9150E-02  6.0525E-02 -6.9911E-01 -1.1664E+00  1.5911E-01
 GRADIENT:   1.5651E-01  5.0379E-01 -5.6357E-02  3.0985E-03 -2.1874E-02  2.1136E-02 -9.2876E-02

0ITERATION NO.:   18    OBJECTIVE VALUE:   390.913061022664        NO. OF FUNC. EVALS.:   7
 CUMULATIVE NO. OF FUNC. EVALS.:      137
 NPARAMETR:  1.4365E-01  8.8383E+00  1.2281E+00  8.3217E-02  8.1207E-03  2.3417E-02  4.5023E-02
 PARAMETER: -2.3097E-01 -2.3488E-02 -9.9981E-02  6.0822E-02 -6.9723E-01 -1.1752E+00  1.5915E-01
 GRADIENT:   1.4426E-02  6.9657E-02 -9.7698E-03  1.2403E-03  3.2087E-03  4.1397E-03 -7.8193E-03

0ITERATION NO.:   19    OBJECTIVE VALUE:   390.913058439060        NO. OF FUNC. EVALS.:   7
 CUMULATIVE NO. OF FUNC. EVALS.:      144
 NPARAMETR:  1.4364E-01  8.8379E+00  1.2280E+00  8.3230E-02  8.1173E-03  2.3348E-02  4.5022E-02
 PARAMETER: -2.3102E-01 -2.3536E-02 -1.0011E-01  6.0897E-02 -6.9744E-01 -1.1766E+00  1.5914E-01
 GRADIENT:  -4.3210E-03  7.3513E-03 -1.7033E-03  8.0487E-04  1.8998E-04  2.1228E-04 -1.3029E-03

0ITERATION NO.:   20    OBJECTIVE VALUE:   390.913058439060        NO. OF FUNC. EVALS.:  11
 CUMULATIVE NO. OF FUNC. EVALS.:      155
 NPARAMETR:  1.4364E-01  8.8379E+00  1.2280E+00  8.3230E-02  8.1173E-03  2.3348E-02  4.5022E-02
 PARAMETER: -2.3102E-01 -2.3536E-02 -1.0011E-01  6.0897E-02 -6.9744E-01 -1.1766E+00  1.5914E-01
 GRADIENT:  -3.3895E-02 -1.5101E-03 -2.7566E-03  8.0487E-04  1.8998E-04  2.1228E-04 -3.5245E-03

0ITERATION NO.:   21    OBJECTIVE VALUE:   390.913056518593        NO. OF FUNC. EVALS.:  13
 CUMULATIVE NO. OF FUNC. EVALS.:      168
 NPARAMETR:  1.4366E-01  8.8383E+00  1.2279E+00  8.3191E-02  8.1214E-03  2.3321E-02  4.5034E-02
 PARAMETER: -2.3089E-01 -2.3494E-02 -1.0015E-01  6.0663E-02 -6.9719E-01 -1.1772E+00  1.5927E-01
 GRADIENT:   5.9214E-03  4.5725E-03 -9.0609E-04  1.0625E-03  8.7330E-04  1.9781E-04  4.4000E-03

0ITERATION NO.:   22    OBJECTIVE VALUE:   390.913056518593        NO. OF FUNC. EVALS.:   8
 CUMULATIVE NO. OF FUNC. EVALS.:      176
 NPARAMETR:  1.4366E-01  8.8383E+00  1.2279E+00  8.3191E-02  8.1214E-03  2.3321E-02  4.5034E-02
 PARAMETER: -2.3089E-01 -2.3494E-02 -1.0015E-01  6.0663E-02 -6.9719E-01 -1.1772E+00  1.5927E-01
 GRADIENT:   5.9214E-03  4.5725E-03 -9.0609E-04  1.0625E-03  8.7330E-04  1.9781E-04  4.4000E-03

 #TERM:
0MINIMIZATION SUCCESSFUL
 NO. OF FUNCTION EVALUATIONS USED:      176
 NO. OF SIG. DIGITS IN FINAL EST.:  3.6

 ETABAR IS THE ARITHMETIC MEAN OF THE ETA-ESTIMATES,
 AND THE P-VALUE IS GIVEN FOR THE NULL HYPOTHESIS THAT THE TRUE MEAN IS 0.

 ETABAR:         1.4691E-01 -1.8009E-02 -5.5202E-02
 SE:             7.4713E-02  2.1532E-02  2.2811E-02
 N:                      10          10          10

 P VAL.:         4.9259E-02  4.0293E-01  1.5521E-02

 ETASHRINKSD(%)  3.5409E+00  2.1846E+01  4.0521E+01
 ETASHRINKVR(%)  6.9565E+00  3.8920E+01  6.4622E+01
 EBVSHRINKSD(%)  2.1152E+00  2.2467E+01  4.0794E+01
 EBVSHRINKVR(%)  4.1857E+00  3.9887E+01  6.4946E+01
 RELATIVEINF(%)  9.5454E+01  5.2504E+01  3.0639E+01
 EPSSHRINKSD(%)  4.4046E+00
 EPSSHRINKVR(%)  8.6152E+00

  
 TOTAL DATA POINTS NORMALLY DISTRIBUTED (N):          220
 N*LOG(2PI) CONSTANT TO OBJECTIVE FUNCTION:    404.33295461005599     
 OBJECTIVE FUNCTION VALUE WITHOUT CONSTANT:    390.91305651859278     
 OBJECTIVE FUNCTION VALUE WITH CONSTANT:       795.24601112864877     
 REPORTED OBJECTIVE FUNCTION DOES NOT CONTAIN CONSTANT
  
 TOTAL EFFECTIVE ETAS (NIND*NETA):                            30
  
 #TERE:
 Elapsed estimation  time in seconds:     0.15
 Elapsed postprocess time in seconds:     0.02
1
 
 
 
 
 
 
 
 
 
 
 
 
 
 
 
 
 
 
 
 
 ************************************************************************************************************************
 ********************                                                                                ********************
 ********************                        FIRST ORDER CONDITIONAL ESTIMATION                      ********************
 #OBJT:**************                       MINIMUM VALUE OF OBJECTIVE FUNCTION                      ********************
 ********************                                                                                ********************
 ************************************************************************************************************************
 





 #OBJV:********************************************           390.913       *********************************************
1
 ************************************************************************************************************************
 ********************                                                                                ********************
 ********************                        FIRST ORDER CONDITIONAL ESTIMATION                      ********************
 ********************                             FINAL PARAMETER ESTIMATE                           ********************
 ********************                                                                                ********************
 ************************************************************************************************************************
 


 THETA - VECTOR OF FIXED EFFECTS PARAMETERS   *********


         TH 1      TH 2      TH 3     
 
         1.44E-01  8.84E+00  1.23E+00
 


 OMEGA - COV MATRIX FOR RANDOM EFFECTS - ETAS  ********


         ETA1      ETA2      ETA3     
 
 ETA1
+        8.32E-02
 
 ETA2
+        0.00E+00  8.12E-03
 
 ETA3
+        0.00E+00  0.00E+00  2.33E-02
 


 SIGMA - COV MATRIX FOR RANDOM EFFECTS - EPSILONS  ****


         EPS1     
 
 EPS1
+        4.50E-02
 
1


 OMEGA - CORR MATRIX FOR RANDOM EFFECTS - ETAS  *******


         ETA1      ETA2      ETA3     
 
 ETA1
+        2.88E-01
 
 ETA2
+        0.00E+00  9.01E-02
 
 ETA3
+        0.00E+00  0.00E+00  1.53E-01
 


 SIGMA - CORR MATRIX FOR RANDOM EFFECTS - EPSILONS  ***


         EPS1     
 
 EPS1
+        2.12E-01
 
 Elapsed finaloutput time in seconds:     0.00
 #CPUT: Total CPU Time in Seconds,        0.200
Stop Time:
Tue Oct  6 11:51:34 AM UTC 2026
