Mon Sep 28 08:55:36 PM UTC 2026
$PROBLEM one_cpt_ig + IOV on CL and MAT, per-dose kernel (fixed at dose) -- ferx #1569 anchor
; The inverse-Gaussian counterpart of transit_iov_mtt.ctl: ferx's igd() ODE twin under IOV on
; an ABSORPTION parameter (MAT), with doses still absorbing when their occasion's successor
; begins. Each dose keeps the MAT of its own dose record; the disposition (K10) is the current
; record's (NONMEM end-of-interval, as ferx #1073). $DES superposes all four doses' Freijer &
; Post densities.
;
; The per-dose MAT is rebuilt at every record from the dose's captured OCCASION (ODn) through
; Lagrange weights in ODn = 1..3 -- see transit_iov_mtt.ctl for why an ETA-dependent kernel
; cannot simply be carried from the dose record.
;
; Data (ig_iov_mat.csv, simulate_absorption_iov_carryover_data.py): the transit_iov_mtt design
; -- 24 subjects, doses of 100 at 0/6/12/18 h, occasion 2 from the OBSERVATION record t = 8.5,
; occasion 3 from the DOSE record t = 18 -- simulated from this model. FOCEI estimate from the
; simulation truth; ferx is evaluated at NONMEM's optimum (tests/ig_iov_mat_nonmem_anchor.rs).

$INPUT ID TIME DV EVID AMT CMT MDV OCC
$DATA ig_iov_mat.csv IGNORE=@

$SUBROUTINES ADVAN13 TOL=12
$MODEL
  COMP=(CENTRAL,DEFDOSE,DEFOBS)   ; 1 = central (dose lands here; bolus suppressed by F1=0)

$PK
  TVCL  = THETA(1)
  TVV   = THETA(2)
  TVMAT = THETA(3)
  TVCV2 = THETA(4)

  ; ---- IOV on CL (current record) ----
  OCC1 = 0
  OCC2 = 0
  OCC3 = 0
  IF (OCC.EQ.1) OCC1 = 1
  IF (OCC.EQ.2) OCC2 = 1
  IF (OCC.EQ.3) OCC3 = 1
  IOVCL = OCC1*ETA(3) + OCC2*ETA(4) + OCC3*ETA(5)
  CL  = TVCL*EXP(ETA(1) + IOVCL)
  V   = TVV *EXP(ETA(2))
  K10 = CL/V

  ; ---- each occasion's MAT (IOV on MAT: ETA(6..8)) ----
  MAO1 = TVMAT*EXP(ETA(6))
  MAO2 = TVMAT*EXP(ETA(7))
  MAO3 = TVMAT*EXP(ETA(8))
  CV2  = TVCV2
  PI   = 3.14159265358979312

  ; ---- per dose: its time, amount and occasion, captured at its dose record ----------
  IF (NEWIND.NE.2) THEN
    NDS = 0
    OD1 = 1
    OD2 = 1
    OD3 = 1
    OD4 = 1
  ENDIF
  NEWD = 0
  IF (AMT.GT.0.0.AND.CMT.EQ.1) NEWD = 1
  NDS = NDS + NEWD
  IF (NEWD.EQ.1.AND.NDS.EQ.1) THEN
    TD1 = TIME
    AM1 = AMT
    OD1 = OCC
  ENDIF
  IF (NEWD.EQ.1.AND.NDS.EQ.2) THEN
    TD2 = TIME
    AM2 = AMT
    OD2 = OCC
  ENDIF
  IF (NEWD.EQ.1.AND.NDS.EQ.3) THEN
    TD3 = TIME
    AM3 = AMT
    OD3 = OCC
  ENDIF
  IF (NEWD.EQ.1.AND.NDS.EQ.4) THEN
    TD4 = TIME
    AM4 = AMT
    OD4 = OCC
  ENDIF
  ; ---- each dose's MAT from ITS occasion (Lagrange weights: 1 at ODn, 0 at the others)
  MA1 = MAO1*(2-OD1)*(3-OD1)/2 + MAO2*(OD1-1)*(3-OD1) + MAO3*(OD1-1)*(OD1-2)/2
  MA2 = MAO1*(2-OD2)*(3-OD2)/2 + MAO2*(OD2-1)*(3-OD2) + MAO3*(OD2-1)*(OD2-2)/2
  MA3 = MAO1*(2-OD3)*(3-OD3)/2 + MAO2*(OD3-1)*(3-OD3) + MAO3*(OD3-1)*(OD3-2)/2
  MA4 = MAO1*(2-OD4)*(3-OD4)/2 + MAO2*(OD4-1)*(3-OD4) + MAO3*(OD4-1)*(OD4-2)/2
  F1  = 0.0

$DES
  ; R_in = sum over arrived doses of AMn*sqrt(MAn/(2 pi CV2 tad^3))*exp(-(tad-MAn)^2/(2 CV2 MAn tad))
  RIN = 0.0
  TA1 = T - TD1
  TA2 = T - TD2
  TA3 = T - TD3
  TA4 = T - TD4
  IF (NDS.GE.1.AND.TA1.GT.0.0) RIN = RIN + AM1*SQRT(MA1/(2.0*PI*CV2*TA1**3))*EXP(-(TA1-MA1)**2/(2.0*CV2*MA1*TA1))
  IF (NDS.GE.2.AND.TA2.GT.0.0) RIN = RIN + AM2*SQRT(MA2/(2.0*PI*CV2*TA2**3))*EXP(-(TA2-MA2)**2/(2.0*CV2*MA2*TA2))
  IF (NDS.GE.3.AND.TA3.GT.0.0) RIN = RIN + AM3*SQRT(MA3/(2.0*PI*CV2*TA3**3))*EXP(-(TA3-MA3)**2/(2.0*CV2*MA3*TA3))
  IF (NDS.GE.4.AND.TA4.GT.0.0) RIN = RIN + AM4*SQRT(MA4/(2.0*PI*CV2*TA4**3))*EXP(-(TA4-MA4)**2/(2.0*CV2*MA4*TA4))
  DADT(1) = RIN - K10*A(1)

$ERROR
  IPRED = A(1)/V
  Y = IPRED*(1.0 + EPS(1))

$THETA
  (0.1,  5.0,  100)   ; 1 TVCL
  (1.0,  30.0, 500)   ; 2 TVV
  (0.05, 3.0,  24)    ; 3 TVMAT
  (0.01, 0.5,  5)     ; 4 TVCV2

$OMEGA
  0.09    ; IIV CL (ETA1)
  0.04    ; IIV V  (ETA2)

$OMEGA BLOCK(1) 0.04   ; IOV CL (ETA3), occasion 1
$OMEGA BLOCK(1) SAME   ;        (ETA4), occasion 2
$OMEGA BLOCK(1) SAME   ;        (ETA5), occasion 3
$OMEGA BLOCK(1) 0.09   ; IOV MAT (ETA6), occasion 1
$OMEGA BLOCK(1) SAME   ;         (ETA7), occasion 2
$OMEGA BLOCK(1) SAME   ;         (ETA8), occasion 3

$SIGMA
  0.01    ; proportional residual variance (0.1^2)

$ESTIMATION METHOD=1 INTER MAXEVAL=9999 PRINT=5 NOABORT FORMAT=s1PE23.16
$TABLE ID TIME DV IPRED PRED MDV OCC NOPRINT ONEHEADER FORMAT=s1PE21.13 FILE=ig_iov_mat.tab

NM-TRAN MESSAGES
  
 WARNINGS AND ERRORS (IF ANY) FOR PROBLEM    1
             
 (WARNING  2) NM-TRAN INFERS THAT THE DATA ARE POPULATION.
  
Note: Analytical 2nd Derivatives are constructed in FSUBS but are never used.
      You may insert $ABBR DERIV2=NO after the first $PROB to save FSUBS construction and compilation time
  

License Registered to:  InsightRX
Expiration Date:    14 AUG 2027
Current Date:       28 SEP 2026
Days until program expires : 321
1NONLINEAR MIXED EFFECTS MODEL PROGRAM (NONMEM) VERSION 7.6.0 (nm760)
 ORIGINALLY DEVELOPED BY STUART BEAL, LEWIS SHEINER, AND ALISON BOECKMANN
 CURRENT DEVELOPERS ARE ROBERT BAUER, ICON DEVELOPMENT SOLUTIONS,
 AND ALISON BOECKMANN. IMPLEMENTATION, EFFICIENCY, AND STANDARDIZATION
 PERFORMED BY NOUS INFOSYSTEMS.

 PROBLEM NO.:         1
 one_cpt_ig + IOV on CL and MAT, per-dose kernel (fixed at dose) -- ferx
0DATA CHECKOUT RUN:              NO
 DATA SET LOCATED ON UNIT NO.:    2
 THIS UNIT TO BE REWOUND:        NO
 CREATE/ADD TO FDATA.csv:        YES
 NO. OF DATA RECS IN DATA SET:      456
 NO. OF DATA ITEMS IN DATA SET:   8
 ID DATA ITEM IS DATA ITEM NO.:   1
 DEP VARIABLE IS DATA ITEM NO.:   3
 MDV DATA ITEM IS DATA ITEM NO.:  7
0INDICES PASSED TO SUBROUTINE PRED:
   4   2   5   0   0   0   6   0   0   0   0
0LABELS FOR DATA ITEMS:
 ID TIME DV EVID AMT CMT MDV OCC
0(NONBLANK) LABELS FOR PRED-DEFINED ITEMS:
 IPRED
0FORMAT FOR DATA:
 (8E9.0)

 TOT. NO. OF OBS RECS:      360
 TOT. NO. OF INDIVIDUALS:       24
0LENGTH OF THETA:   4
0DEFAULT THETA BOUNDARY TEST OMITTED:    NO
0OMEGA HAS BLOCK FORM:
  1
  0  2
  0  0  3
  0  0  0  3
  0  0  0  0  3
  0  0  0  0  0  4
  0  0  0  0  0  0  4
  0  0  0  0  0  0  0  4
0DEFAULT OMEGA BOUNDARY TEST OMITTED:    NO
0SIGMA HAS SIMPLE DIAGONAL FORM WITH DIMENSION:   1
0DEFAULT SIGMA BOUNDARY TEST OMITTED:    NO
0INITIAL ESTIMATE OF THETA:
 LOWER BOUND    INITIAL EST    UPPER BOUND
  0.1000E+00     0.5000E+01     0.1000E+03
  0.1000E+01     0.3000E+02     0.5000E+03
  0.5000E-01     0.3000E+01     0.2400E+02
  0.1000E-01     0.5000E+00     0.5000E+01
0INITIAL ESTIMATE OF OMEGA:
 BLOCK SET NO.   BLOCK                                                                    FIXED
        1                                                                                   NO
                  0.9000E-01
        2                                                                                   NO
                  0.4000E-01
        3                                                                                   NO
                  0.4000E-01
        4                                                                                   NO
                  0.9000E-01
0INITIAL ESTIMATE OF SIGMA:
 0.1000E-01
0TABLES STEP OMITTED:    NO
 NO. OF TABLES:           1
 SEED NUMBER (SEED):    11456
 NPDTYPE:    0
 INTERPTYPE:    0
 RANMETHOD:             3U
 MC SAMPLES (ESAMPLE):    300
 WRES SQUARE ROOT TYPE (WRESCHOL): EIGENVALUE
0-- TABLE   1 --
0RECORDS ONLY:    ALL
04 COLUMNS APPENDED:    YES
 PRINTED:                NO
 HEADER:                YES
 FILE TO BE FORWARDED:   NO
 FORMAT:                s1PE21.13
 IDFORMAT:
 LFORMAT:
 RFORMAT:
 FIXED_EFFECT_ETAS:
0USER-CHOSEN ITEMS:
 ID TIME DV IPRED MDV OCC
1DOUBLE PRECISION PREDPP VERSION 7.6.0 (nm760)

 GENERAL NONLINEAR KINETICS MODEL WITH STIFF/NONSTIFF EQUATIONS (LSODA, ADVAN13)
0MODEL SUBROUTINE USER-SUPPLIED - ID NO. 9999
0MAXIMUM NO. OF BASIC PK PARAMETERS:  16
0COMPARTMENT ATTRIBUTES
 COMPT. NO.   FUNCTION   INITIAL    ON/OFF      DOSE      DEFAULT    DEFAULT
                         STATUS     ALLOWED    ALLOWED    FOR DOSE   FOR OBS.
    1         CENTRAL      ON         YES        YES        YES        YES
    2         OUTPUT       OFF        YES        NO         NO         NO
 INITIAL (BASE) TOLERANCE SETTINGS:
 NRD (RELATIVE) VALUE(S) OF TOLERANCE:  12
 ANRD (ABSOLUTE) VALUE(S) OF TOLERANCE:  12
1
 ADDITIONAL PK PARAMETERS - ASSIGNMENT OF ROWS IN GG
 COMPT. NO.                             INDICES
              SCALE      BIOAVAIL.   ZERO-ORDER  ZERO-ORDER  ABSORB
                         FRACTION    RATE        DURATION    LAG
    1            *          17           *           *           *
    2            *           -           -           -           -
             - PARAMETER IS NOT ALLOWED FOR THIS MODEL
             * PARAMETER IS NOT SUPPLIED BY PK SUBROUTINE;
               WILL DEFAULT TO ONE IF APPLICABLE
0DATA ITEM INDICES USED BY PRED ARE:
   EVENT ID DATA ITEM IS DATA ITEM NO.:      4
   TIME DATA ITEM IS DATA ITEM NO.:          2
   DOSE AMOUNT DATA ITEM IS DATA ITEM NO.:   5
   COMPT. NO. DATA ITEM IS DATA ITEM NO.:    6

0PK SUBROUTINE CALLED WITH EVERY EVENT RECORD.
 PK SUBROUTINE NOT CALLED AT NONEVENT (ADDITIONAL OR LAGGED) DOSE TIMES.
0ERROR SUBROUTINE CALLED WITH EVERY EVENT RECORD.
0ERROR SUBROUTINE INDICATES THAT DERIVATIVES OF COMPARTMENT AMOUNTS ARE USED.
0DES SUBROUTINE USES COMPACT STORAGE MODE.
1


 #TBLN:      1
 #METH: First Order Conditional Estimation with Interaction

 ESTIMATION STEP OMITTED:                 NO
 SHRINK INFO WITH EVALUATION (EVALSHRINK) NO
 ANALYSIS TYPE:                           POPULATION
 NUMBER OF SADDLE POINT RESET ITERATIONS:      0
 GRADIENT METHOD USED:               NOSLOW
 CONDITIONAL ESTIMATES USED:              YES
 CENTERED ETA:                            NO
 EPS-ETA INTERACTION:                     YES
 LAPLACIAN OBJ. FUNC.:                    NO
 NO. OF FUNCT. EVALS. ALLOWED:            9999
 NO. OF SIG. FIGURES REQUIRED:            3
 INTERMEDIATE PRINTOUT:                   YES
 ESTIMATE OUTPUT TO MSF:                  NO
 ABORT WITH PRED EXIT CODE 1:             NO
 IND. OBJ. FUNC. VALUES SORTED:           NO
 NUMERICAL DERIVATIVE
       FILE REQUEST (NUMDER):               NONE
 MAP (ETAHAT) ESTIMATION METHOD (OPTMAP):   0
 ETA HESSIAN EVALUATION METHOD (ETADER):    0
 INITIAL ETA FOR MAP ESTIMATION (MCETA):    0
 SIGDIGITS FOR MAP ESTIMATION (SIGLO):      100
 GRADIENT SIGDIGITS OF
       FIXED EFFECTS PARAMETERS (SIGL):     100
 NOPRIOR SETTING (NOPRIOR):                 0
 NOCOV SETTING (NOCOV):                     OFF
 DERCONT SETTING (DERCONT):                 OFF
 FINAL ETA RE-EVALUATION (FNLETA):          1
 EXCLUDE NON-INFLUENTIAL (NON-INFL.) ETAS
       IN SHRINKAGE (ETASTYPE):             NO
 NON-INFL. ETA CORRECTION (NONINFETA):      0
 RAW OUTPUT FILE (FILE): ig_iov_mat.ext
 EXCLUDE TITLE (NOTITLE):                   NO
 EXCLUDE COLUMN LABELS (NOLABEL):           NO
 FORMAT FOR ADDITIONAL FILES (FORMAT):       1PE23.16
 PARAMETER ORDER FOR OUTPUTS (ORDER):       TSOL
 KNUTHSUMOFF:                               0
 INCLUDE LNTWOPI:                           NO
 INCLUDE CONSTANT TERM TO PRIOR (PRIORC):   NO
 INCLUDE CONSTANT TERM TO OMEGA (ETA) (OLNTWOPI):NO
 ADDITIONAL CONVERGENCE TEST (CTYPE=4)?:    NO
 EM OR BAYESIAN METHOD USED:                 NONE

 TOLERANCES FOR ESTIMATION/EVALUATION STEP:
 NRD (RELATIVE) VALUE(S) OF TOLERANCE:  12
 ANRD (ABSOLUTE) VALUE(S) OF TOLERANCE:  12
 TOLERANCES FOR COVARIANCE STEP:
 NRD (RELATIVE) VALUE(S) OF TOLERANCE:  12
 ANRD (ABSOLUTE) VALUE(S) OF TOLERANCE:  12
 TOLERANCES FOR TABLE/SCATTER STEP:
 NRD (RELATIVE) VALUE(S) OF TOLERANCE:  12
 ANRD (ABSOLUTE) VALUE(S) OF TOLERANCE:  12

 THE FOLLOWING LABELS ARE EQUIVALENT
 PRED=PREDI
 RES=RESI
 WRES=WRESI
 IWRS=IWRESI
 IPRD=IPREDI
 IRS=IRESI

 MONITORING OF SEARCH:


0ITERATION NO.:    0    OBJECTIVE VALUE:  -430.943431164683        NO. OF FUNC. EVALS.:   7
 CUMULATIVE NO. OF FUNC. EVALS.:        7
 NPARAMETR:  5.0000E+00  3.0000E+01  3.0000E+00  5.0000E-01  9.0000E-02  4.0000E-02  4.0000E-02  9.0000E-02  1.0000E-02
 PARAMETER:  1.0000E-01  1.0000E-01  1.0000E-01  1.0000E-01  1.0000E-01  1.0000E-01  1.0000E-01  1.0000E-01  1.0000E-01
 GRADIENT:   3.0276E+01  3.0555E+01  1.7091E+01 -4.0591E+01  1.0048E+01 -2.0918E+00  9.3879E+00  1.1750E+01  3.9143E+01

0ITERATION NO.:    5    OBJECTIVE VALUE:  -439.518687708287        NO. OF FUNC. EVALS.:  45
 CUMULATIVE NO. OF FUNC. EVALS.:       52
 NPARAMETR:  4.7505E+00  2.6270E+01  3.3751E+00  6.0939E-01  6.2615E-02  4.3539E-02  3.3565E-02  7.9939E-02  8.8854E-03
 PARAMETER:  4.5124E-02 -4.5583E-02  2.3773E-01  3.2612E-01 -8.1399E-02  1.4239E-01  1.2300E-02  4.0725E-02  4.0909E-02
 GRADIENT:   7.0394E+00  8.2843E+00 -6.8677E-01  1.0735E+01  2.0953E+00 -1.8294E+00 -2.2982E+00 -3.5237E+00  3.3329E-01

0ITERATION NO.:   10    OBJECTIVE VALUE:  -439.669718677092        NO. OF FUNC. EVALS.:  63
 CUMULATIVE NO. OF FUNC. EVALS.:      115
 NPARAMETR:  4.7392E+00  2.6063E+01  3.3809E+00  6.1212E-01  5.8280E-02  4.5699E-02  3.5762E-02  8.3457E-02  8.7859E-03
 PARAMETER:  4.2559E-02 -5.4233E-02  2.3973E-01  3.3129E-01 -1.1727E-01  1.6660E-01  4.4009E-02  6.2263E-02  3.5280E-02
 GRADIENT:   1.4227E+00  3.4112E+00 -9.4639E+00  6.6112E+00  3.1119E-01 -2.3157E-01  7.0581E-01  3.9701E-01 -1.9221E+00

0ITERATION NO.:   15    OBJECTIVE VALUE:  -439.793448716647        NO. OF FUNC. EVALS.:  82
 CUMULATIVE NO. OF FUNC. EVALS.:      197
 NPARAMETR:  4.7336E+00  2.5474E+01  3.4808E+00  6.2699E-01  5.7545E-02  4.7608E-02  3.5162E-02  8.3330E-02  8.7869E-03
 PARAMETER:  4.1308E-02 -7.9282E-02  2.7414E-01  3.5908E-01 -1.2363E-01  1.8707E-01  3.5549E-02  6.1497E-02  3.5341E-02
 GRADIENT:   4.7557E-03 -1.0930E-03  5.9680E-03 -9.5223E-03 -6.1423E-05 -8.6595E-04  1.1148E-03  1.2898E-03  3.5282E-03

0ITERATION NO.:   16    OBJECTIVE VALUE:  -439.793448716647        NO. OF FUNC. EVALS.:  10
 CUMULATIVE NO. OF FUNC. EVALS.:      207
 NPARAMETR:  4.7336E+00  2.5474E+01  3.4808E+00  6.2699E-01  5.7545E-02  4.7608E-02  3.5162E-02  8.3330E-02  8.7869E-03
 PARAMETER:  4.1308E-02 -7.9282E-02  2.7414E-01  3.5908E-01 -1.2363E-01  1.8707E-01  3.5549E-02  6.1497E-02  3.5341E-02
 GRADIENT:   4.7557E-03 -1.0930E-03  5.9680E-03 -9.5223E-03 -6.1423E-05 -8.6595E-04  1.1148E-03  1.2898E-03  3.5282E-03

 #TERM:
0MINIMIZATION SUCCESSFUL
 NO. OF FUNCTION EVALUATIONS USED:      207
 NO. OF SIG. DIGITS IN FINAL EST.:  3.7

 ETABAR IS THE ARITHMETIC MEAN OF THE ETA-ESTIMATES,
 AND THE P-VALUE IS GIVEN FOR THE NULL HYPOTHESIS THAT THE TRUE MEAN IS 0.

 ETABAR:         5.6917E-03 -2.9612E-02  2.7153E-02  4.8355E-02 -7.2031E-02  1.6746E-02 -4.0508E-02  4.1800E-02
 SE:             4.3603E-02  3.9001E-02  1.7121E-02  3.3691E-02  2.6618E-02  6.2763E-02  4.6825E-02  4.4126E-02
 N:                      24          24          24          24          24          24          24          24

 P VAL.:         8.9614E-01  4.4769E-01  1.1275E-01  1.5121E-01  6.8077E-03  7.8962E-01  3.8698E-01  3.4350E-01

 ETASHRINKSD(%)  1.0921E+01  1.1388E+01  5.2984E+01  8.2811E+00  2.0555E+01  1.0000E-10  1.9304E+01  2.3726E+01
 ETASHRINKVR(%)  2.0650E+01  2.1480E+01  7.7895E+01  1.5876E+01  3.6886E+01  1.0000E-10  3.4881E+01  4.1823E+01
 EBVSHRINKSD(%)  9.9887E+00  1.2647E+01  3.2081E+01  2.4972E+01  2.5920E+01  1.5314E+00  1.8905E+01  1.6660E+01
 EBVSHRINKVR(%)  1.8980E+01  2.3694E+01  5.3869E+01  4.3708E+01  4.5122E+01  3.0394E+00  3.4235E+01  3.0544E+01
 RELATIVEINF(%)  1.0000E-10  6.7013E+01  1.0000E-10  1.0000E-10  1.0000E-10  9.5506E+01  6.1541E+01  6.3811E+01
 EPSSHRINKSD(%)  2.0565E+01
 EPSSHRINKVR(%)  3.6902E+01

  
 TOTAL DATA POINTS NORMALLY DISTRIBUTED (N):          360
 N*LOG(2PI) CONSTANT TO OBJECTIVE FUNCTION:    661.63574390736437     
 OBJECTIVE FUNCTION VALUE WITHOUT CONSTANT:   -439.79344871664671     
 OBJECTIVE FUNCTION VALUE WITH CONSTANT:       221.84229519071766     
 REPORTED OBJECTIVE FUNCTION DOES NOT CONTAIN CONSTANT
  
 TOTAL EFFECTIVE ETAS (NIND*NETA):                           192
  
 #TERE:
 Elapsed estimation  time in seconds:    84.28
 Elapsed postprocess time in seconds:     0.75
1
 
 
 
 
 
 
 
 
 
 
 
 
 
 
 
 
 
 
 
 
 ************************************************************************************************************************
 ********************                                                                                ********************
 ********************               FIRST ORDER CONDITIONAL ESTIMATION WITH INTERACTION              ********************
 #OBJT:**************                       MINIMUM VALUE OF OBJECTIVE FUNCTION                      ********************
 ********************                                                                                ********************
 ************************************************************************************************************************
 





 #OBJV:********************************************          -439.793       *********************************************
1
 ************************************************************************************************************************
 ********************                                                                                ********************
 ********************               FIRST ORDER CONDITIONAL ESTIMATION WITH INTERACTION              ********************
 ********************                             FINAL PARAMETER ESTIMATE                           ********************
 ********************                                                                                ********************
 ************************************************************************************************************************
 


 THETA - VECTOR OF FIXED EFFECTS PARAMETERS   *********


         TH 1      TH 2      TH 3      TH 4     
 
         4.73E+00  2.55E+01  3.48E+00  6.27E-01
 


 OMEGA - COV MATRIX FOR RANDOM EFFECTS - ETAS  ********


         ETA1      ETA2      ETA3      ETA4      ETA5      ETA6      ETA7      ETA8     
 
 ETA1
+        5.75E-02
 
 ETA2
+        0.00E+00  4.76E-02
 
 ETA3
+        0.00E+00  0.00E+00  3.52E-02
 
 ETA4
+        0.00E+00  0.00E+00  0.00E+00  3.52E-02
 
 ETA5
+        0.00E+00  0.00E+00  0.00E+00  0.00E+00  3.52E-02
 
 ETA6
+        0.00E+00  0.00E+00  0.00E+00  0.00E+00  0.00E+00  8.33E-02
 
 ETA7
+        0.00E+00  0.00E+00  0.00E+00  0.00E+00  0.00E+00  0.00E+00  8.33E-02
 
 ETA8
+        0.00E+00  0.00E+00  0.00E+00  0.00E+00  0.00E+00  0.00E+00  0.00E+00  8.33E-02
 


 SIGMA - COV MATRIX FOR RANDOM EFFECTS - EPSILONS  ****


         EPS1     
 
 EPS1
+        8.79E-03
 
1


 OMEGA - CORR MATRIX FOR RANDOM EFFECTS - ETAS  *******


         ETA1      ETA2      ETA3      ETA4      ETA5      ETA6      ETA7      ETA8     
 
 ETA1
+        2.40E-01
 
 ETA2
+        0.00E+00  2.18E-01
 
 ETA3
+        0.00E+00  0.00E+00  1.88E-01
 
 ETA4
+        0.00E+00  0.00E+00  0.00E+00  1.88E-01
 
 ETA5
+        0.00E+00  0.00E+00  0.00E+00  0.00E+00  1.88E-01
 
 ETA6
+        0.00E+00  0.00E+00  0.00E+00  0.00E+00  0.00E+00  2.89E-01
 
 ETA7
+        0.00E+00  0.00E+00  0.00E+00  0.00E+00  0.00E+00  0.00E+00  2.89E-01
 
 ETA8
+        0.00E+00  0.00E+00  0.00E+00  0.00E+00  0.00E+00  0.00E+00  0.00E+00  2.89E-01
 


 SIGMA - CORR MATRIX FOR RANDOM EFFECTS - EPSILONS  ***


         EPS1     
 
 EPS1
+        9.37E-02
 
 Elapsed finaloutput time in seconds:     0.01
 #CPUT: Total CPU Time in Seconds,       85.064
Stop Time:
Mon Sep 28 08:57:06 PM UTC 2026
