Fri Jul 10 06:00:55 PM UTC 2026
$PROBLEM In-domain inverse-Gaussian absorption -- NONMEM FOCEI anchor for ferx analytic pk one_cpt_ig (#790)
$INPUT ID TIME DV AMT EVID CMT MDV
$DATA ig_indomain.csv IGNORE=@

$SUBROUTINES ADVAN13 TOL=9
$MODEL
  COMP=(DEPOT,DEFDOSE)
  COMP=(CENTRAL,DEFOBS)

$PK
  CL  = THETA(1)*EXP(ETA(1))
  V   = THETA(2)*EXP(ETA(2))
  MAT = THETA(3)
  CV2 = THETA(4)
  K20 = CL/V
  PI  = 3.14159265358979312
  IF (AMT.GT.0.0.AND.CMT.EQ.1) PODO = AMT
  IF (AMT.GT.0.0.AND.CMT.EQ.1) TDOS = TIME
  F1  = 0.0

$DES
  TAD = T - TDOS
  IF (TAD.LE.1.0E-10) TAD = 1.0E-10
  ARG = -(TAD - MAT)**2 / (2.0*CV2*MAT*TAD)
  RIN = PODO*SQRT(MAT/(2.0*PI*CV2*TAD**3))*EXP(ARG)
  DADT(1) = 0.0
  DADT(2) = RIN - K20*A(2)

$ERROR
  IPRED = A(2)/V
  Y = IPRED*(1.0 + EPS(1))

$THETA
  (0.1,  4.5,  100)   ; 1 CL
  (5.0,  45.0, 500)   ; 2 V
  (0.05, 2.5,  24)    ; 3 MAT
  (0.001,0.4,  10)    ; 4 CV2
$OMEGA
  0.09    ; IIV CL
  0.09    ; IIV V
$SIGMA
  0.0225  ; proportional residual variance
$ESTIMATION METHOD=1 INTER MAXEVAL=9999 PRINT=5 NSIG=3 SIGL=9 NOABORT
$COVARIANCE

NM-TRAN MESSAGES
  
 WARNINGS AND ERRORS (IF ANY) FOR PROBLEM    1
             
 (WARNING  2) NM-TRAN INFERS THAT THE DATA ARE POPULATION.
  
Note: Analytical 2nd Derivatives are constructed in FSUBS but are never used.
      You may insert $ABBR DERIV2=NO after the first $PROB to save FSUBS construction and compilation time
  

License Registered to: InsightRX
Expiration Date:    14 AUG 2026
Current Date:       10 JUL 2026
Days until program expires :  34
1NONLINEAR MIXED EFFECTS MODEL PROGRAM (NONMEM) VERSION 7.6.0 (nm760)
 ORIGINALLY DEVELOPED BY STUART BEAL, LEWIS SHEINER, AND ALISON BOECKMANN
 CURRENT DEVELOPERS ARE ROBERT BAUER, ICON DEVELOPMENT SOLUTIONS,
 AND ALISON BOECKMANN. IMPLEMENTATION, EFFICIENCY, AND STANDARDIZATION
 PERFORMED BY NOUS INFOSYSTEMS.

 PROBLEM NO.:         1
 In-domain inverse-Gaussian absorption -- NONMEM FOCEI anchor for ferx an
0DATA CHECKOUT RUN:              NO
 DATA SET LOCATED ON UNIT NO.:    2
 THIS UNIT TO BE REWOUND:        NO
 CREATE/ADD TO FDATA.csv:        YES
 NO. OF DATA RECS IN DATA SET:      260
 NO. OF DATA ITEMS IN DATA SET:   7
 ID DATA ITEM IS DATA ITEM NO.:   1
 DEP VARIABLE IS DATA ITEM NO.:   3
 MDV DATA ITEM IS DATA ITEM NO.:  7
0INDICES PASSED TO SUBROUTINE PRED:
   5   2   4   0   0   0   6   0   0   0   0
0LABELS FOR DATA ITEMS:
 ID TIME DV AMT EVID CMT MDV
0FORMAT FOR DATA:
 (E3.0,E5.0,E11.0,E4.0,3E2.0)

 TOT. NO. OF OBS RECS:      240
 TOT. NO. OF INDIVIDUALS:       20
0LENGTH OF THETA:   4
0DEFAULT THETA BOUNDARY TEST OMITTED:    NO
0OMEGA HAS SIMPLE DIAGONAL FORM WITH DIMENSION:   2
0DEFAULT OMEGA BOUNDARY TEST OMITTED:    NO
0SIGMA HAS SIMPLE DIAGONAL FORM WITH DIMENSION:   1
0DEFAULT SIGMA BOUNDARY TEST OMITTED:    NO
0INITIAL ESTIMATE OF THETA:
 LOWER BOUND    INITIAL EST    UPPER BOUND
  0.1000E+00     0.4500E+01     0.1000E+03
  0.5000E+01     0.4500E+02     0.5000E+03
  0.5000E-01     0.2500E+01     0.2400E+02
  0.1000E-02     0.4000E+00     0.1000E+02
0INITIAL ESTIMATE OF OMEGA:
 0.9000E-01
 0.0000E+00   0.9000E-01
0INITIAL ESTIMATE OF SIGMA:
 0.2250E-01
0COVARIANCE STEP OMITTED:        NO
 EIGENVLS. PRINTED:              NO
 SPECIAL COMPUTATION:            NO
 COMPRESSED FORMAT:              NO
 GRADIENT METHOD USED:     NOSLOW
 SIGDIGITS ETAHAT (SIGLO):                  -1
 SIGDIGITS GRADIENTS (SIGL):                -1
 EXCLUDE COV FOR FOCE (NOFCOV):              NO
 Cholesky Transposition of R Matrix (CHOLROFF):0
 KNUTHSUMOFF:                                -1
 RESUME COV ANALYSIS (RESUME):               NO
 SIR SAMPLE SIZE (SIRSAMPLE):
 NON-LINEARLY TRANSFORM THETAS DURING COV (THBND): 1
 PRECONDTIONING CYCLES (PRECOND):        0
 PRECONDTIONING TYPES (PRECONDS):        TOS
 FORCED PRECONDTIONING CYCLES (PFCOND):0
 PRECONDTIONING TYPE (PRETYPE):        0
 FORCED POS. DEFINITE SETTING DURING PRECONDITIONING: (FPOSDEF):0
 SIMPLE POS. DEFINITE SETTING: (POSDEF):-1
1DOUBLE PRECISION PREDPP VERSION 7.6.0 (nm760)

 GENERAL NONLINEAR KINETICS MODEL WITH STIFF/NONSTIFF EQUATIONS (LSODA, ADVAN13)
0MODEL SUBROUTINE USER-SUPPLIED - ID NO. 9999
0MAXIMUM NO. OF BASIC PK PARAMETERS:   6
0COMPARTMENT ATTRIBUTES
 COMPT. NO.   FUNCTION   INITIAL    ON/OFF      DOSE      DEFAULT    DEFAULT
                         STATUS     ALLOWED    ALLOWED    FOR DOSE   FOR OBS.
    1         DEPOT        ON         YES        YES        YES        NO
    2         CENTRAL      ON         YES        YES        NO         YES
    3         OUTPUT       OFF        YES        NO         NO         NO
 INITIAL (BASE) TOLERANCE SETTINGS:
 NRD (RELATIVE) VALUE(S) OF TOLERANCE:   9
 ANRD (ABSOLUTE) VALUE(S) OF TOLERANCE:  12
1
 ADDITIONAL PK PARAMETERS - ASSIGNMENT OF ROWS IN GG
 COMPT. NO.                             INDICES
              SCALE      BIOAVAIL.   ZERO-ORDER  ZERO-ORDER  ABSORB
                         FRACTION    RATE        DURATION    LAG
    1            *           7           *           *           *
    2            *           *           *           *           *
    3            *           -           -           -           -
             - PARAMETER IS NOT ALLOWED FOR THIS MODEL
             * PARAMETER IS NOT SUPPLIED BY PK SUBROUTINE;
               WILL DEFAULT TO ONE IF APPLICABLE
0DATA ITEM INDICES USED BY PRED ARE:
   EVENT ID DATA ITEM IS DATA ITEM NO.:      5
   TIME DATA ITEM IS DATA ITEM NO.:          2
   DOSE AMOUNT DATA ITEM IS DATA ITEM NO.:   4
   COMPT. NO. DATA ITEM IS DATA ITEM NO.:    6

0PK SUBROUTINE CALLED WITH EVERY EVENT RECORD.
 PK SUBROUTINE NOT CALLED AT NONEVENT (ADDITIONAL OR LAGGED) DOSE TIMES.
0ERROR SUBROUTINE CALLED WITH EVERY EVENT RECORD.
0ERROR SUBROUTINE INDICATES THAT DERIVATIVES OF COMPARTMENT AMOUNTS ARE USED.
0DES SUBROUTINE USES COMPACT STORAGE MODE.
1


 #TBLN:      1
 #METH: First Order Conditional Estimation with Interaction

 ESTIMATION STEP OMITTED:                 NO
 SHRINK INFO WITH EVALUATION (EVALSHRINK) NO
 ANALYSIS TYPE:                           POPULATION
 NUMBER OF SADDLE POINT RESET ITERATIONS:      0
 GRADIENT METHOD USED:               NOSLOW
 CONDITIONAL ESTIMATES USED:              YES
 CENTERED ETA:                            NO
 EPS-ETA INTERACTION:                     YES
 LAPLACIAN OBJ. FUNC.:                    NO
 NO. OF FUNCT. EVALS. ALLOWED:            9999
 NO. OF SIG. FIGURES REQUIRED:            3
 INTERMEDIATE PRINTOUT:                   YES
 ESTIMATE OUTPUT TO MSF:                  NO
 ABORT WITH PRED EXIT CODE 1:             NO
 IND. OBJ. FUNC. VALUES SORTED:           NO
 NUMERICAL DERIVATIVE
       FILE REQUEST (NUMDER):               NONE
 MAP (ETAHAT) ESTIMATION METHOD (OPTMAP):   0
 ETA HESSIAN EVALUATION METHOD (ETADER):    0
 INITIAL ETA FOR MAP ESTIMATION (MCETA):    0
 SIGDIGITS FOR MAP ESTIMATION (SIGLO):      9
 GRADIENT SIGDIGITS OF
       FIXED EFFECTS PARAMETERS (SIGL):     9
 NOPRIOR SETTING (NOPRIOR):                 0
 NOCOV SETTING (NOCOV):                     OFF
 DERCONT SETTING (DERCONT):                 OFF
 FINAL ETA RE-EVALUATION (FNLETA):          1
 EXCLUDE NON-INFLUENTIAL (NON-INFL.) ETAS
       IN SHRINKAGE (ETASTYPE):             NO
 NON-INFL. ETA CORRECTION (NONINFETA):      0
 RAW OUTPUT FILE (FILE): ig_fit.ext
 EXCLUDE TITLE (NOTITLE):                   NO
 EXCLUDE COLUMN LABELS (NOLABEL):           NO
 FORMAT FOR ADDITIONAL FILES (FORMAT):      S1PE12.5
 PARAMETER ORDER FOR OUTPUTS (ORDER):       TSOL
 KNUTHSUMOFF:                               0
 INCLUDE LNTWOPI:                           NO
 INCLUDE CONSTANT TERM TO PRIOR (PRIORC):   NO
 INCLUDE CONSTANT TERM TO OMEGA (ETA) (OLNTWOPI):NO
 ADDITIONAL CONVERGENCE TEST (CTYPE=4)?:    NO
 EM OR BAYESIAN METHOD USED:                 NONE

 TOLERANCES FOR ESTIMATION/EVALUATION STEP:
 NRD (RELATIVE) VALUE(S) OF TOLERANCE:   9
 ANRD (ABSOLUTE) VALUE(S) OF TOLERANCE:  12
 TOLERANCES FOR COVARIANCE STEP:
 NRD (RELATIVE) VALUE(S) OF TOLERANCE:   9
 ANRD (ABSOLUTE) VALUE(S) OF TOLERANCE:  12

 THE FOLLOWING LABELS ARE EQUIVALENT
 PRED=PREDI
 RES=RESI
 WRES=WRESI
 IWRS=IWRESI
 IPRD=IPREDI
 IRS=IRESI

 MONITORING OF SEARCH:


0ITERATION NO.:    0    OBJECTIVE VALUE:  -1119.12446087652        NO. OF FUNC. EVALS.:   7
 CUMULATIVE NO. OF FUNC. EVALS.:        7
 NPARAMETR:  4.5000E+00  4.5000E+01  2.5000E+00  4.0000E-01  9.0000E-02  9.0000E-02  2.2500E-02
 PARAMETER:  1.0000E-01  1.0000E-01  1.0000E-01  1.0000E-01  1.0000E-01  1.0000E-01  1.0000E-01
 GRADIENT:  -5.3291E+01  4.0407E+01 -1.7957E+03  2.5375E+03  1.7459E+01 -1.8390E+01 -3.3851E+02

0ITERATION NO.:    5    OBJECTIVE VALUE:  -1285.86950299130        NO. OF FUNC. EVALS.:  44
 CUMULATIVE NO. OF FUNC. EVALS.:       51
 NPARAMETR:  5.8356E+00  4.7632E+01  1.9944E+00  3.0165E-01  6.8870E-02  1.1818E-01  2.9537E-02
 PARAMETER:  3.7917E-01  1.6953E-01 -1.5436E-01 -1.9321E-01 -3.3794E-02  2.3619E-01  2.3606E-01
 GRADIENT:   4.2412E+01 -1.0632E+01 -1.5154E+03  1.3312E+03  1.5556E+01 -1.7632E+00  5.4962E+01

0ITERATION NO.:   10    OBJECTIVE VALUE:  -1303.17973184770        NO. OF FUNC. EVALS.:  42
 CUMULATIVE NO. OF FUNC. EVALS.:       93
 NPARAMETR:  5.3579E+00  4.7930E+01  1.9885E+00  2.9679E-01  3.6258E-02  1.2068E-01  2.3593E-02
 PARAMETER:  2.8715E-01  1.7716E-01 -1.5766E-01 -2.1002E-01 -3.5457E-01  2.4665E-01  1.2371E-01
 GRADIENT:   9.2436E+00 -9.8945E-01  3.1864E+02 -2.8949E+02  3.5656E+00 -9.8616E-01 -8.2943E+00

0ITERATION NO.:   15    OBJECTIVE VALUE:  -1303.63933671300        NO. OF FUNC. EVALS.:  54
 CUMULATIVE NO. OF FUNC. EVALS.:      147
 NPARAMETR:  5.3122E+00  4.8191E+01  1.9932E+00  2.9812E-01  3.2352E-02  1.2400E-01  2.4062E-02
 PARAMETER:  2.7793E-01  1.8379E-01 -1.5508E-01 -2.0537E-01 -4.1156E-01  2.6024E-01  1.3356E-01
 GRADIENT:  -3.7993E-02 -1.5717E-02  9.8050E-02 -5.7217E-01  5.5565E-03 -5.0041E-04  2.8051E-02

0ITERATION NO.:   16    OBJECTIVE VALUE:  -1303.63933671300        NO. OF FUNC. EVALS.:  10
 CUMULATIVE NO. OF FUNC. EVALS.:      157
 NPARAMETR:  5.3122E+00  4.8191E+01  1.9932E+00  2.9812E-01  3.2352E-02  1.2400E-01  2.4062E-02
 PARAMETER:  2.7793E-01  1.8379E-01 -1.5508E-01 -2.0537E-01 -4.1156E-01  2.6024E-01  1.3356E-01
 GRADIENT:  -3.7993E-02 -1.5717E-02  9.8050E-02 -5.7217E-01  5.5565E-03 -5.0041E-04  2.8051E-02

 #TERM:
0MINIMIZATION SUCCESSFUL
 NO. OF FUNCTION EVALUATIONS USED:      157
 NO. OF SIG. DIGITS IN FINAL EST.:  3.1

 ETABAR IS THE ARITHMETIC MEAN OF THE ETA-ESTIMATES,
 AND THE P-VALUE IS GIVEN FOR THE NULL HYPOTHESIS THAT THE TRUE MEAN IS 0.

 ETABAR:         1.9480E-03 -1.9106E-03
 SE:             3.8282E-02  7.7695E-02
 N:                      20          20

 P VAL.:         9.5942E-01  9.8038E-01

 ETASHRINKSD(%)  4.8121E+00  1.3253E+00
 ETASHRINKVR(%)  9.3927E+00  2.6330E+00
 EBVSHRINKSD(%)  4.7118E+00  1.1794E+00
 EBVSHRINKVR(%)  9.2016E+00  2.3449E+00
 RELATIVEINF(%)  9.0782E+01  9.7637E+01
 EPSSHRINKSD(%)  7.7879E+00
 EPSSHRINKVR(%)  1.4969E+01

  
 TOTAL DATA POINTS NORMALLY DISTRIBUTED (N):          240
 N*LOG(2PI) CONSTANT TO OBJECTIVE FUNCTION:    441.09049593824290     
 OBJECTIVE FUNCTION VALUE WITHOUT CONSTANT:   -1303.6393367130017     
 OBJECTIVE FUNCTION VALUE WITH CONSTANT:      -862.54884077475890     
 REPORTED OBJECTIVE FUNCTION DOES NOT CONTAIN CONSTANT
  
 TOTAL EFFECTIVE ETAS (NIND*NETA):                            40
  
 #TERE:
 Elapsed estimation  time in seconds:     7.50
 Elapsed covariance  time in seconds:     7.65
 Elapsed postprocess time in seconds:     0.00
1
 
 
 
 
 
 
 
 
 
 
 
 
 
 
 
 
 
 
 
 
 ************************************************************************************************************************
 ********************                                                                                ********************
 ********************               FIRST ORDER CONDITIONAL ESTIMATION WITH INTERACTION              ********************
 #OBJT:**************                       MINIMUM VALUE OF OBJECTIVE FUNCTION                      ********************
 ********************                                                                                ********************
 ************************************************************************************************************************
 





 #OBJV:********************************************         -1303.639       *********************************************
1
 ************************************************************************************************************************
 ********************                                                                                ********************
 ********************               FIRST ORDER CONDITIONAL ESTIMATION WITH INTERACTION              ********************
 ********************                             FINAL PARAMETER ESTIMATE                           ********************
 ********************                                                                                ********************
 ************************************************************************************************************************
 


 THETA - VECTOR OF FIXED EFFECTS PARAMETERS   *********


         TH 1      TH 2      TH 3      TH 4     
 
         5.31E+00  4.82E+01  1.99E+00  2.98E-01
 


 OMEGA - COV MATRIX FOR RANDOM EFFECTS - ETAS  ********


         ETA1      ETA2     
 
 ETA1
+        3.24E-02
 
 ETA2
+        0.00E+00  1.24E-01
 


 SIGMA - COV MATRIX FOR RANDOM EFFECTS - EPSILONS  ****


         EPS1     
 
 EPS1
+        2.41E-02
 
1


 OMEGA - CORR MATRIX FOR RANDOM EFFECTS - ETAS  *******


         ETA1      ETA2     
 
 ETA1
+        1.80E-01
 
 ETA2
+        0.00E+00  3.52E-01
 


 SIGMA - CORR MATRIX FOR RANDOM EFFECTS - EPSILONS  ***


         EPS1     
 
 EPS1
+        1.55E-01
 
1
 ************************************************************************************************************************
 ********************                                                                                ********************
 ********************               FIRST ORDER CONDITIONAL ESTIMATION WITH INTERACTION              ********************
 ********************                            STANDARD ERROR OF ESTIMATE                          ********************
 ********************                                                                                ********************
 ************************************************************************************************************************
 


 THETA - VECTOR OF FIXED EFFECTS PARAMETERS   *********


         TH 1      TH 2      TH 3      TH 4     
 
         2.21E-01  4.08E+00  2.44E-02  4.61E-03
 


 OMEGA - COV MATRIX FOR RANDOM EFFECTS - ETAS  ********


         ETA1      ETA2     
 
 ETA1
+        7.86E-03
 
 ETA2
+       .........  4.13E-02
 


 SIGMA - COV MATRIX FOR RANDOM EFFECTS - EPSILONS  ****


         EPS1     
 
 EPS1
+        2.45E-03
 
1


 OMEGA - CORR MATRIX FOR RANDOM EFFECTS - ETAS  *******


         ETA1      ETA2     
 
 ETA1
+        2.19E-02
 
 ETA2
+       .........  5.87E-02
 


 SIGMA - CORR MATRIX FOR RANDOM EFFECTS - EPSILONS  ***


         EPS1     
 
 EPS1
+        7.89E-03
 
1
 ************************************************************************************************************************
 ********************                                                                                ********************
 ********************               FIRST ORDER CONDITIONAL ESTIMATION WITH INTERACTION              ********************
 ********************                          COVARIANCE MATRIX OF ESTIMATE                         ********************
 ********************                                                                                ********************
 ************************************************************************************************************************
 

            TH 1      TH 2      TH 3      TH 4      OM11      OM12      OM22      SG11  
 
 TH 1
+        4.88E-02
 
 TH 2
+        1.00E-02  1.67E+01
 
 TH 3
+        1.53E-03 -4.50E-02  5.95E-04
 
 TH 4
+        2.76E-04 -7.87E-03  1.10E-04  2.13E-05
 
 OM11
+        1.87E-04 -7.40E-03 -3.30E-05 -6.18E-06  6.18E-05
 
 OM12
+       ......... ......... ......... ......... ......... .........
 
 OM22
+        3.31E-03  1.49E-02  6.47E-05  1.36E-05  8.45E-05 .........  1.71E-03
 
 SG11
+        6.21E-05  1.94E-03  4.18E-06  1.65E-06 -4.29E-06 ......... -7.68E-06  5.99E-06
 
1
 ************************************************************************************************************************
 ********************                                                                                ********************
 ********************               FIRST ORDER CONDITIONAL ESTIMATION WITH INTERACTION              ********************
 ********************                          CORRELATION MATRIX OF ESTIMATE                        ********************
 ********************                                                                                ********************
 ************************************************************************************************************************
 

            TH 1      TH 2      TH 3      TH 4      OM11      OM12      OM22      SG11  
 
 TH 1
+        2.21E-01
 
 TH 2
+        1.11E-02  4.08E+00
 
 TH 3
+        2.83E-01 -4.52E-01  2.44E-02
 
 TH 4
+        2.71E-01 -4.18E-01  9.75E-01  4.61E-03
 
 OM11
+        1.08E-01 -2.30E-01 -1.72E-01 -1.70E-01  7.86E-03
 
 OM12
+       ......... ......... ......... ......... ......... .........
 
 OM22
+        3.63E-01  8.81E-02  6.42E-02  7.15E-02  2.60E-01 .........  4.13E-02
 
 SG11
+        1.15E-01  1.94E-01  6.99E-02  1.46E-01 -2.23E-01 ......... -7.59E-02  2.45E-03
 
1
 ************************************************************************************************************************
 ********************                                                                                ********************
 ********************               FIRST ORDER CONDITIONAL ESTIMATION WITH INTERACTION              ********************
 ********************                      INVERSE COVARIANCE MATRIX OF ESTIMATE                     ********************
 ********************                                                                                ********************
 ************************************************************************************************************************
 

            TH 1      TH 2      TH 3      TH 4      OM11      OM12      OM22      SG11  
 
 TH 1
+        2.73E+01
 
 TH 2
+       -2.41E-01  9.82E-02
 
 TH 3
+       -2.03E+02  1.27E+01  4.17E+04
 
 TH 4
+        6.26E+02 -1.79E+01 -2.09E+05  1.12E+06
 
 OM11
+       -1.24E+02  1.83E+01  5.29E+03 -1.25E+04  2.25E+04
 
 OM12
+       ......... ......... ......... ......... ......... .........
 
 OM22
+       -4.37E+01 -1.73E+00  2.44E+02 -2.26E+03 -1.09E+03 .........  7.55E+02
 
 SG11
+       -3.80E+02 -2.23E+01  3.04E+04 -1.75E+05  9.82E+03 .........  1.65E+03  2.14E+05
 
 Elapsed finaloutput time in seconds:     0.01
 #CPUT: Total CPU Time in Seconds,       15.241
Stop Time:
Fri Jul 10 06:01:12 PM UTC 2026
