Mon Jul 13 05:50:32 PM UTC 2026
$PROBLEM Infusion (RATE>0) into a first-order absorption depot — reference for ferx-core #719 (gap 2)
; Anchors ferx's infusion-into-built-in-absorption support (the dose is a zero-order source
; feeding the absorption kernel, so R_in becomes the convolution R_in_inf = (F*amt/T)*[G(t)-
; G(t-T)]) against NONMEM's native ADVAN2 zero-order-into-depot behaviour: a RATE>0 dose into the
; depot fills it at a constant rate over T = AMT/RATE = 100/25 = 4 h, and first-order KA then
; carries it to central — exactly the convolution of the first-order kernel with the infusion.
; Pure evaluation at fixed thetas (MAXEVAL=0); PRED is the reference for the ferx test.
$DATA inf_first_order.csv IGNORE=@
$INPUT ID TIME DV EVID AMT CMT RATE MDV
$SUBROUTINES ADVAN2 TRANS2
$PK
  CL = THETA(1)
  V  = THETA(2)
  KA = THETA(3)
  S2 = V
$ERROR
  IPRED = F
  Y     = IPRED*(1+EPS(1))
$THETA 1.0 FIX  20.0 FIX  0.6 FIX   ; CL V KA
$OMEGA 0 FIX
$SIGMA 0.01 FIX
$ESTIMATION MAXEVAL=0 METHOD=0 POSTHOC NOABORT
$TABLE ID TIME EVID PRED IPRED NOPRINT ONEHEADER FILE=sdtab1

NM-TRAN MESSAGES
  
 WARNINGS AND ERRORS (IF ANY) FOR PROBLEM    1
             
 (WARNING  2) NM-TRAN INFERS THAT THE DATA ARE POPULATION.
             
 (WARNING  46) ETA VARIABLES ARE NOT USED, BUT DATA ARE POPULATION TYPE.

 (DATA WARNING   4) RECORD         2, DATA ITEM   3, CONTENTS:  
 THE DV DATA ITEM IS NULL, BUT THE MDV DATA ITEM IS 0 AND NO $SIMULATION
 RECORD IS PRESENT.

 (DATA WARNING   4) RECORD         3, DATA ITEM   3, CONTENTS:  
 THE DV DATA ITEM IS NULL, BUT THE MDV DATA ITEM IS 0 AND NO $SIMULATION
 RECORD IS PRESENT.

 (DATA WARNING   4) RECORD         4, DATA ITEM   3, CONTENTS:  
 THE DV DATA ITEM IS NULL, BUT THE MDV DATA ITEM IS 0 AND NO $SIMULATION
 RECORD IS PRESENT.

 (DATA WARNING   4) RECORD         5, DATA ITEM   3, CONTENTS:  
 THE DV DATA ITEM IS NULL, BUT THE MDV DATA ITEM IS 0 AND NO $SIMULATION
 RECORD IS PRESENT.

 (DATA WARNING   4) RECORD         6, DATA ITEM   3, CONTENTS:  
 THE DV DATA ITEM IS NULL, BUT THE MDV DATA ITEM IS 0 AND NO $SIMULATION
 RECORD IS PRESENT.
  
Note: Analytical 2nd Derivatives are constructed in FSUBS but are never used.
      You may insert $ABBR DERIV2=NO after the first $PROB to save FSUBS construction and compilation time
  

License Registered to: InsightRX
Expiration Date:    14 AUG 2026
Current Date:       13 JUL 2026
Days until program expires :  31
1NONLINEAR MIXED EFFECTS MODEL PROGRAM (NONMEM) VERSION 7.6.0 (nm760)
 ORIGINALLY DEVELOPED BY STUART BEAL, LEWIS SHEINER, AND ALISON BOECKMANN
 CURRENT DEVELOPERS ARE ROBERT BAUER, ICON DEVELOPMENT SOLUTIONS,
 AND ALISON BOECKMANN. IMPLEMENTATION, EFFICIENCY, AND STANDARDIZATION
 PERFORMED BY NOUS INFOSYSTEMS.

 PROBLEM NO.:         1
 Infusion (RATE>0) into a first-order absorption depot — reference for
0DATA CHECKOUT RUN:              NO
 DATA SET LOCATED ON UNIT NO.:    2
 THIS UNIT TO BE REWOUND:        NO
 CREATE/ADD TO FDATA.csv:        YES
 NO. OF DATA RECS IN DATA SET:        6
 NO. OF DATA ITEMS IN DATA SET:   8
 ID DATA ITEM IS DATA ITEM NO.:   1
 DEP VARIABLE IS DATA ITEM NO.:   3
 MDV DATA ITEM IS DATA ITEM NO.:  8
0INDICES PASSED TO SUBROUTINE PRED:
   4   2   5   7   0   0   6   0   0   0   0
0LABELS FOR DATA ITEMS:
 ID TIME DV EVID AMT CMT RATE MDV
0(NONBLANK) LABELS FOR PRED-DEFINED ITEMS:
 IPRED
0FORMAT FOR DATA:
 (8E4.0)

 TOT. NO. OF OBS RECS:        5
 TOT. NO. OF INDIVIDUALS:        1
0LENGTH OF THETA:   3
0DEFAULT THETA BOUNDARY TEST OMITTED:    NO
0OMEGA HAS SIMPLE DIAGONAL FORM WITH DIMENSION:   1
0DEFAULT OMEGA BOUNDARY TEST OMITTED:    NO
0SIGMA HAS SIMPLE DIAGONAL FORM WITH DIMENSION:   1
0DEFAULT SIGMA BOUNDARY TEST OMITTED:    NO
0INITIAL ESTIMATE OF THETA:
 LOWER BOUND    INITIAL EST    UPPER BOUND
  0.1000E+01     0.1000E+01     0.1000E+01
  0.2000E+02     0.2000E+02     0.2000E+02
  0.6000E+00     0.6000E+00     0.6000E+00
0INITIAL ESTIMATE OF OMEGA:
 0.0000E+00
0OMEGA CONSTRAINED TO BE THIS INITIAL ESTIMATE
0INITIAL ESTIMATE OF SIGMA:
 0.1000E-01
0SIGMA CONSTRAINED TO BE THIS INITIAL ESTIMATE
0TABLES STEP OMITTED:    NO
 NO. OF TABLES:           1
 SEED NUMBER (SEED):    11456
 NPDTYPE:    0
 INTERPTYPE:    0
 RANMETHOD:             3U
 MC SAMPLES (ESAMPLE):    300
 WRES SQUARE ROOT TYPE (WRESCHOL): EIGENVALUE
0-- TABLE   1 --
0RECORDS ONLY:    ALL
04 COLUMNS APPENDED:    YES
 PRINTED:                NO
 HEADER:                YES
 FILE TO BE FORWARDED:   NO
 FORMAT:                S1PE11.4
 IDFORMAT:
 LFORMAT:
 RFORMAT:
 FIXED_EFFECT_ETAS:
0USER-CHOSEN ITEMS:
 ID TIME EVID IPRED
1DOUBLE PRECISION PREDPP VERSION 7.6.0 (nm760)

 ONE COMPARTMENT MODEL WITH FIRST-ORDER ABSORPTION (ADVAN2)
0MAXIMUM NO. OF BASIC PK PARAMETERS:   3
0BASIC PK PARAMETERS (AFTER TRANSLATION):
   ELIMINATION RATE (K) IS BASIC PK PARAMETER NO.:  1
   ABSORPTION RATE (KA) IS BASIC PK PARAMETER NO.:  3

 TRANSLATOR WILL CONVERT PARAMETERS
 CLEARANCE (CL) AND VOLUME (V) TO K (TRANS2)
0COMPARTMENT ATTRIBUTES
 COMPT. NO.   FUNCTION   INITIAL    ON/OFF      DOSE      DEFAULT    DEFAULT
                         STATUS     ALLOWED    ALLOWED    FOR DOSE   FOR OBS.
    1         DEPOT        OFF        YES        YES        YES        NO
    2         CENTRAL      ON         NO         YES        NO         YES
    3         OUTPUT       OFF        YES        NO         NO         NO
1
 ADDITIONAL PK PARAMETERS - ASSIGNMENT OF ROWS IN GG
 COMPT. NO.                             INDICES
              SCALE      BIOAVAIL.   ZERO-ORDER  ZERO-ORDER  ABSORB
                         FRACTION    RATE        DURATION    LAG
    1            *           *           *           *           *
    2            4           *           *           *           *
    3            *           -           -           -           -
             - PARAMETER IS NOT ALLOWED FOR THIS MODEL
             * PARAMETER IS NOT SUPPLIED BY PK SUBROUTINE;
               WILL DEFAULT TO ONE IF APPLICABLE
0DATA ITEM INDICES USED BY PRED ARE:
   EVENT ID DATA ITEM IS DATA ITEM NO.:      4
   TIME DATA ITEM IS DATA ITEM NO.:          2
   DOSE AMOUNT DATA ITEM IS DATA ITEM NO.:   5
   DOSE RATE DATA ITEM IS DATA ITEM NO.:     7
   COMPT. NO. DATA ITEM IS DATA ITEM NO.:    6

0PK SUBROUTINE CALLED WITH EVERY EVENT RECORD.
 PK SUBROUTINE NOT CALLED AT NONEVENT (ADDITIONAL OR LAGGED) DOSE TIMES.
0ERROR SUBROUTINE CALLED WITH EVERY EVENT RECORD.
1


 #TBLN:      1
 #METH: First Order (Evaluation)

 ESTIMATION STEP OMITTED:                 YES
 SHRINK INFO WITH EVALUATION (EVALSHRINK) NO
 ANALYSIS TYPE:                           POPULATION
 POP. ETAS OBTAINED POST HOC:             YES

 THE FOLLOWING LABELS ARE EQUIVALENT
 PRED=NPRED
 RES=NRES
 WRES=NWRES
 IWRS=NIWRES
 IPRD=NIPRED
 IRS=NIRES

 Elapsed evaluation time in seconds:     0.00
 Elapsed postprocess time in seconds:     0.03
1
 
 
 
 
 
 
 
 
 
 
 
 
 
 
 
 
 
 
 
 
 ************************************************************************************************************************
 ********************                                                                                ********************
 ********************                             FIRST ORDER (EVALUATION)                           ********************
 #OBJT:**************                       MINIMUM VALUE OF OBJECTIVE FUNCTION                      ********************
 ********************                                                                                ********************
 ************************************************************************************************************************
 





 #OBJV:********************************************           481.987       *********************************************
1
 ************************************************************************************************************************
 ********************                                                                                ********************
 ********************                             FIRST ORDER (EVALUATION)                           ********************
 ********************                             FINAL PARAMETER ESTIMATE                           ********************
 ********************                                                                                ********************
 ************************************************************************************************************************
 


 THETA - VECTOR OF FIXED EFFECTS PARAMETERS   *********


         TH 1      TH 2      TH 3     
 
         1.00E+00  2.00E+01  6.00E-01
 


 OMEGA - COV MATRIX FOR RANDOM EFFECTS - ETAS  ********


         ETA1     
 
 ETA1
+        0.00E+00
 


 SIGMA - COV MATRIX FOR RANDOM EFFECTS - EPSILONS  ****


         EPS1     
 
 EPS1
+        1.00E-02
 
1


 OMEGA - CORR MATRIX FOR RANDOM EFFECTS - ETAS  *******


         ETA1     
 
 ETA1
+        0.00E+00
 


 SIGMA - CORR MATRIX FOR RANDOM EFFECTS - EPSILONS  ***


         EPS1     
 
 EPS1
+        1.00E-01
 
 Elapsed finaloutput time in seconds:     0.00
 #CPUT: Total CPU Time in Seconds,        0.050
Stop Time:
Mon Jul 13 05:50:39 PM UTC 2026
