Tue Sep  1 01:30:34 PM UTC 2026
$PROBLEM Lagged zero-order absorption -- NONMEM anchor for ferx zero_order(dur=DUR, lag=LAG) [#1171]
; ferx:   d/dt(central) = zero_order(dur=DUR, lag=LAG) - CL/V*central ;  y = central/V
; NONMEM: ADVAN13 $DES carries elimination only; the zero-order input is NONMEM's own
;         duration-modeled dose (RATE=-2 in the data + D1=DUR) shifted by ALAG1=LAG.
;         Unlike the PODO/F1=0 trick in mixed_zero_first.ctl, this superposes MULTIPLE
;         doses correctly -- required here, because the second dose's window must open
;         while drug from the first is still present.
;
; This is the single-lag (lag_cmt = 0) case, the only member of the per-route-lag family
; NONMEM can express: ALAGn is per-compartment, so a route lag COMPOSED with a
; compartment lag needs two compartments and stops being the same object (see the note
; in tests/dose_form_lag_nonmem_anchor.rs).
;
; MAXEVAL=0 POSTHOC at fixed THETA: the target of this anchor is the per-record IPRED
; column, not the OFV. ferx's OFV path (compute_predictions_with_tv) is already correct;
; the defect is in the sdtab IPRED path (compute_predictions_with_states), so an
; OFV-only anchor would pass vacuously in both directions.

$INPUT ID TIME DV AMT RATE EVID CMT MDV
$DATA lagged_zo_nm.csv IGNORE=@

$SUBROUTINES ADVAN13 TOL=9
$MODEL
  COMP=(CENTRAL,DEFDOSE,DEFOBS)

$PK
  CL  = THETA(1)*EXP(ETA(1))
  V   = THETA(2)*EXP(ETA(2))
  DUR = THETA(3)
  LAG = THETA(4)
  D1    = DUR
  ALAG1 = LAG
  K10   = CL/V

$DES
  DADT(1) = -K10*A(1)

$ERROR
  IPRED = A(1)/V
  Y = IPRED*(1.0 + EPS(1))

$THETA
  5.0  FIX   ; 1 CL  (L/h)
  50.0 FIX   ; 2 V   (L)
  2.0  FIX   ; 3 DUR (h)  zero-order input duration
  1.5  FIX   ; 4 LAG (h)  zero-order route lag

$OMEGA
  0.09   ; IIV CL
  0.04   ; IIV V

$SIGMA
  0.0225 ; proportional residual variance (0.15^2)

$ESTIMATION METHOD=1 INTER MAXEVAL=0 POSTHOC PRINT=1 NOABORT
$TABLE ID TIME DV PRED IPRED CWRES ETA1 ETA2 MDV NOPRINT ONEHEADER FILE=lagged_zo.tab

NM-TRAN MESSAGES
  
 WARNINGS AND ERRORS (IF ANY) FOR PROBLEM    1
             
 (WARNING  2) NM-TRAN INFERS THAT THE DATA ARE POPULATION.
  
Note: Analytical 2nd Derivatives are constructed in FSUBS but are never used.
      You may insert $ABBR DERIV2=NO after the first $PROB to save FSUBS construction and compilation time
  

License Registered to:  InsightRX
Expiration Date:    14 AUG 2027
Current Date:        1 SEP 2026
Days until program expires : 348
1NONLINEAR MIXED EFFECTS MODEL PROGRAM (NONMEM) VERSION 7.6.0 (nm760)
 ORIGINALLY DEVELOPED BY STUART BEAL, LEWIS SHEINER, AND ALISON BOECKMANN
 CURRENT DEVELOPERS ARE ROBERT BAUER, ICON DEVELOPMENT SOLUTIONS,
 AND ALISON BOECKMANN. IMPLEMENTATION, EFFICIENCY, AND STANDARDIZATION
 PERFORMED BY NOUS INFOSYSTEMS.

 PROBLEM NO.:         1
 Lagged zero-order absorption -- NONMEM anchor for ferx zero_order(dur=DU
0DATA CHECKOUT RUN:              NO
 DATA SET LOCATED ON UNIT NO.:    2
 THIS UNIT TO BE REWOUND:        NO
 CREATE/ADD TO FDATA.csv:        YES
 NO. OF DATA RECS IN DATA SET:      144
 NO. OF DATA ITEMS IN DATA SET:   8
 ID DATA ITEM IS DATA ITEM NO.:   1
 DEP VARIABLE IS DATA ITEM NO.:   3
 MDV DATA ITEM IS DATA ITEM NO.:  8
0INDICES PASSED TO SUBROUTINE PRED:
   6   2   4   5   0   0   7   0   0   0   0
0LABELS FOR DATA ITEMS:
 ID TIME DV AMT RATE EVID CMT MDV
0(NONBLANK) LABELS FOR PRED-DEFINED ITEMS:
 IPRED
0FORMAT FOR DATA:
 (8E9.0)

 TOT. NO. OF OBS RECS:      120
 TOT. NO. OF INDIVIDUALS:       12
0LENGTH OF THETA:   4
0DEFAULT THETA BOUNDARY TEST OMITTED:    NO
0OMEGA HAS SIMPLE DIAGONAL FORM WITH DIMENSION:   2
0DEFAULT OMEGA BOUNDARY TEST OMITTED:    NO
0SIGMA HAS SIMPLE DIAGONAL FORM WITH DIMENSION:   1
0DEFAULT SIGMA BOUNDARY TEST OMITTED:    NO
0INITIAL ESTIMATE OF THETA:
 LOWER BOUND    INITIAL EST    UPPER BOUND
  0.5000E+01     0.5000E+01     0.5000E+01
  0.5000E+02     0.5000E+02     0.5000E+02
  0.2000E+01     0.2000E+01     0.2000E+01
  0.1500E+01     0.1500E+01     0.1500E+01
0INITIAL ESTIMATE OF OMEGA:
 0.9000E-01
 0.0000E+00   0.4000E-01
0INITIAL ESTIMATE OF SIGMA:
 0.2250E-01
0TABLES STEP OMITTED:    NO
 NO. OF TABLES:           1
 SEED NUMBER (SEED):    11456
 NPDTYPE:    0
 INTERPTYPE:    0
 RANMETHOD:             3U
 MC SAMPLES (ESAMPLE):    300
 WRES SQUARE ROOT TYPE (WRESCHOL): EIGENVALUE
0-- TABLE   1 --
0RECORDS ONLY:    ALL
04 COLUMNS APPENDED:    YES
 PRINTED:                NO
 HEADER:                YES
 FILE TO BE FORWARDED:   NO
 FORMAT:                S1PE11.4
 IDFORMAT:
 LFORMAT:
 RFORMAT:
 FIXED_EFFECT_ETAS:
0USER-CHOSEN ITEMS:
 ID TIME DV IPRED CWRES ETA1 ETA2 MDV
1DOUBLE PRECISION PREDPP VERSION 7.6.0 (nm760)

 GENERAL NONLINEAR KINETICS MODEL WITH STIFF/NONSTIFF EQUATIONS (LSODA, ADVAN13)
0MODEL SUBROUTINE USER-SUPPLIED - ID NO. 9999
0MAXIMUM NO. OF BASIC PK PARAMETERS:   1
0COMPARTMENT ATTRIBUTES
 COMPT. NO.   FUNCTION   INITIAL    ON/OFF      DOSE      DEFAULT    DEFAULT
                         STATUS     ALLOWED    ALLOWED    FOR DOSE   FOR OBS.
    1         CENTRAL      ON         YES        YES        YES        YES
    2         OUTPUT       OFF        YES        NO         NO         NO
 INITIAL (BASE) TOLERANCE SETTINGS:
 NRD (RELATIVE) VALUE(S) OF TOLERANCE:   9
 ANRD (ABSOLUTE) VALUE(S) OF TOLERANCE:  12
1
 ADDITIONAL PK PARAMETERS - ASSIGNMENT OF ROWS IN GG
 COMPT. NO.                             INDICES
              SCALE      BIOAVAIL.   ZERO-ORDER  ZERO-ORDER  ABSORB
                         FRACTION    RATE        DURATION    LAG
    1            *           *           *           2           3
    2            *           -           -           -           -
             - PARAMETER IS NOT ALLOWED FOR THIS MODEL
             * PARAMETER IS NOT SUPPLIED BY PK SUBROUTINE;
               WILL DEFAULT TO ONE IF APPLICABLE
0DATA ITEM INDICES USED BY PRED ARE:
   EVENT ID DATA ITEM IS DATA ITEM NO.:      6
   TIME DATA ITEM IS DATA ITEM NO.:          2
   DOSE AMOUNT DATA ITEM IS DATA ITEM NO.:   4
   DOSE RATE DATA ITEM IS DATA ITEM NO.:     5
   COMPT. NO. DATA ITEM IS DATA ITEM NO.:    7

0PK SUBROUTINE CALLED WITH EVERY EVENT RECORD.
 PK SUBROUTINE NOT CALLED AT NONEVENT (ADDITIONAL OR LAGGED) DOSE TIMES.
0ERROR SUBROUTINE CALLED WITH EVERY EVENT RECORD.
0ERROR SUBROUTINE INDICATES THAT DERIVATIVES OF COMPARTMENT AMOUNTS ARE USED.
0DES SUBROUTINE USES COMPACT STORAGE MODE.
1


 #TBLN:      1
 #METH: First Order Conditional Estimation with Interaction (Evaluation)

 ESTIMATION STEP OMITTED:                 YES
 SHRINK INFO WITH EVALUATION (EVALSHRINK) NO
 ANALYSIS TYPE:                           POPULATION
 CONDITIONAL ESTIMATES USED:              YES
 CENTERED ETA:                            NO
 EPS-ETA INTERACTION:                     YES
 LAPLACIAN OBJ. FUNC.:                    NO
 NUMERICAL DERIVATIVE
       FILE REQUEST (NUMDER):               NONE
 MAP (ETAHAT) ESTIMATION METHOD (OPTMAP):   0
 ETA HESSIAN EVALUATION METHOD (ETADER):    0
 INITIAL ETA FOR MAP ESTIMATION (MCETA):    0
 SIGDIGITS FOR MAP ESTIMATION (SIGLO):      100
 GRADIENT SIGDIGITS OF
       FIXED EFFECTS PARAMETERS (SIGL):     100
 NOPRIOR SETTING (NOPRIOR):                 0
 NOCOV SETTING (NOCOV):                     OFF
 DERCONT SETTING (DERCONT):                 OFF
 FINAL ETA RE-EVALUATION (FNLETA):          1
 EXCLUDE NON-INFLUENTIAL (NON-INFL.) ETAS
       IN SHRINKAGE (ETASTYPE):             NO
 NON-INFL. ETA CORRECTION (NONINFETA):      0
 RAW OUTPUT FILE (FILE): lagged_zo.ext
 EXCLUDE TITLE (NOTITLE):                   NO
 EXCLUDE COLUMN LABELS (NOLABEL):           NO
 FORMAT FOR ADDITIONAL FILES (FORMAT):      S1PE12.5
 PARAMETER ORDER FOR OUTPUTS (ORDER):       TSOL
 KNUTHSUMOFF:                               0
 INCLUDE LNTWOPI:                           NO
 INCLUDE CONSTANT TERM TO PRIOR (PRIORC):   NO
 INCLUDE CONSTANT TERM TO OMEGA (ETA) (OLNTWOPI):NO
 ADDITIONAL CONVERGENCE TEST (CTYPE=4)?:    NO
 EM OR BAYESIAN METHOD USED:                 NONE

 TOLERANCES FOR ESTIMATION/EVALUATION STEP:
 NRD (RELATIVE) VALUE(S) OF TOLERANCE:   9
 ANRD (ABSOLUTE) VALUE(S) OF TOLERANCE:  12
 TOLERANCES FOR COVARIANCE STEP:
 NRD (RELATIVE) VALUE(S) OF TOLERANCE:   9
 ANRD (ABSOLUTE) VALUE(S) OF TOLERANCE:  12
 TOLERANCES FOR TABLE/SCATTER STEP:
 NRD (RELATIVE) VALUE(S) OF TOLERANCE:   9
 ANRD (ABSOLUTE) VALUE(S) OF TOLERANCE:  12

 THE FOLLOWING LABELS ARE EQUIVALENT
 PRED=PREDI
 RES=RESI
 WRES=WRESI
 IWRS=IWRESI
 IPRD=IPREDI
 IRS=IRESI

 Elapsed evaluation time in seconds:     0.06
 Elapsed postprocess time in seconds:     0.08
1
 
 
 
 
 
 
 
 
 
 
 
 
 
 
 
 
 
 
 
 
 ************************************************************************************************************************
 ********************                                                                                ********************
 ********************         FIRST ORDER CONDITIONAL ESTIMATION WITH INTERACTION (EVALUATION)       ********************
 #OBJT:**************                       MINIMUM VALUE OF OBJECTIVE FUNCTION                      ********************
 ********************                                                                                ********************
 ************************************************************************************************************************
 





 #OBJV:********************************************          -264.651       *********************************************
1
 ************************************************************************************************************************
 ********************                                                                                ********************
 ********************         FIRST ORDER CONDITIONAL ESTIMATION WITH INTERACTION (EVALUATION)       ********************
 ********************                             FINAL PARAMETER ESTIMATE                           ********************
 ********************                                                                                ********************
 ************************************************************************************************************************
 


 THETA - VECTOR OF FIXED EFFECTS PARAMETERS   *********


         TH 1      TH 2      TH 3      TH 4     
 
         5.00E+00  5.00E+01  2.00E+00  1.50E+00
 


 OMEGA - COV MATRIX FOR RANDOM EFFECTS - ETAS  ********


         ETA1      ETA2     
 
 ETA1
+        9.00E-02
 
 ETA2
+        0.00E+00  4.00E-02
 


 SIGMA - COV MATRIX FOR RANDOM EFFECTS - EPSILONS  ****


         EPS1     
 
 EPS1
+        2.25E-02
 
1


 OMEGA - CORR MATRIX FOR RANDOM EFFECTS - ETAS  *******


         ETA1      ETA2     
 
 ETA1
+        3.00E-01
 
 ETA2
+        0.00E+00  2.00E-01
 


 SIGMA - CORR MATRIX FOR RANDOM EFFECTS - EPSILONS  ***


         EPS1     
 
 EPS1
+        1.50E-01
 
 Elapsed finaloutput time in seconds:     0.02
 #CPUT: Total CPU Time in Seconds,        0.172
Stop Time:
Tue Sep  1 01:30:37 PM UTC 2026
