Fri Oct  9 11:27:14 AM UTC 2026
$PROBLEM Level block read by a TTE-only subject -- anchor for #1797
; A `theta PLACEBO[STUDY, contrast = ref]` block read by the hazard of a joint PK-TTE
; model, on data with two subjects that carry NO Gaussian observation: 98 (STUDY=1) and
; 99 (STUDY=3), one exact event each at t = 7. Before #1797 ferx indexed every such
; subject at level 1, so 99's hazard read STUDY=1's theta.
;
; NONMEM has no level-index object: $PK reads the record's own STUDY, so its value IS the
; closed form `H0 = TVH0 * exp(PLACEBO[own STUDY])`. That is the reference here.
;
; Compared object: per-subject OBJ from the .phi vs 2 x ferx `individual_nll`. $OMEGA 0
; FIX and no omega on the ferx side, so both sides are evaluated at eta = 0 and ferx's
; individual_nll carries no 1/2 ln(omega) constant. The ferx<->NONMEM per-subject constant
; for a proportional-error PK record and an exact TTE event was measured to be zero on
; pktte_tdep (#1166).
;
; Non-degeneracy: 98 and 99 straddle the fix -- 98 reads level 1 either way (the
; control), 99 reads level 3 only after it. Their hazards differ by e^1.
;
; MAXEVAL=0 POSTHOC, every THETA FIX at the values ferx evaluates.

$INPUT ID TIME DV EVID AMT CMT MDV STUDY
$DATA level_no_gaussian.csv IGNORE=@

$SUBROUTINES ADVAN13 TOL=9
$MODEL
  COMP=(CENTRAL,DEFDOSE)
  COMP=(CHZ)

$PK
  CL  = THETA(1)*EXP(ETA(1))
  V   = THETA(2)
  ; contrast = ref: STUDY=1 is the reference level, fixed at 0.
  PLC = 0
  IF (STUDY.EQ.2) PLC = THETA(4)
  IF (STUDY.EQ.3) PLC = THETA(5)
  H0  = THETA(3)*EXP(PLC)
  K10 = CL/V

$DES
  DADT(1) = -K10*A(1)
  DADT(2) =  H0

$ERROR
  IPRED = A(1)/V
  CHZ   = A(2)
  SUR   = EXP(-CHZ)
  F_FLAG = 0
  IF (CMT.EQ.2) F_FLAG = 1
  Y = IPRED*(1.0 + EPS(1))
  IF (CMT.EQ.2.AND.DV.EQ.1) Y = SUR*H0
  IF (CMT.EQ.2.AND.DV.EQ.0) Y = SUR

$THETA
  1.00 FIX   ; 1 TVCL (L/h)
  20.0 FIX   ; 2 TVV  (L)
  0.05 FIX   ; 3 TVH0 baseline hazard
  0.50 FIX   ; 4 PLACEBO[STUDY=2]
  1.00 FIX   ; 5 PLACEBO[STUDY=3]

$OMEGA
  0 FIX      ; IIV CL -- zeroed so both sides are compared at eta = 0

$SIGMA
  0.01       ; proportional residual variance (0.10^2)

$ESTIMATION METHOD=1 LAPLACE INTER NUMERICAL SLOW MAXEVAL=0 POSTHOC PRINT=1 NOABORT
            FORMAT=s1PE23.16
$TABLE ID TIME CMT DV IPRED CHZ H0 STUDY MDV NOPRINT ONEHEADER NOAPPEND
       FORMAT=s1PE15.8 FILE=level_no_gaussian.tab

NM-TRAN MESSAGES
  
 WARNINGS AND ERRORS (IF ANY) FOR PROBLEM    1
             
 (WARNING  2) NM-TRAN INFERS THAT THE DATA ARE POPULATION.
  
Note: Analytical 2nd Derivatives are constructed in FSUBS but are never used.
      You may insert $ABBR DERIV2=NO after the first $PROB to save FSUBS construction and compilation time
  

License Registered to:  InsightRX
Expiration Date:    14 AUG 2027
Current Date:        9 OCT 2026
Days until program expires : 310
1NONLINEAR MIXED EFFECTS MODEL PROGRAM (NONMEM) VERSION 7.6.0 (nm760)
 ORIGINALLY DEVELOPED BY STUART BEAL, LEWIS SHEINER, AND ALISON BOECKMANN
 CURRENT DEVELOPERS ARE ROBERT BAUER, ICON DEVELOPMENT SOLUTIONS,
 AND ALISON BOECKMANN. IMPLEMENTATION, EFFICIENCY, AND STANDARDIZATION
 PERFORMED BY NOUS INFOSYSTEMS.

 PROBLEM NO.:         1
 Level block read by a TTE-only subject -- anchor for #1797
0DATA CHECKOUT RUN:              NO
 DATA SET LOCATED ON UNIT NO.:    2
 THIS UNIT TO BE REWOUND:        NO
 CREATE/ADD TO FDATA.csv:        YES
 NO. OF DATA RECS IN DATA SET:       34
 NO. OF DATA ITEMS IN DATA SET:   8
 ID DATA ITEM IS DATA ITEM NO.:   1
 DEP VARIABLE IS DATA ITEM NO.:   3
 MDV DATA ITEM IS DATA ITEM NO.:  7
0INDICES PASSED TO SUBROUTINE PRED:
   4   2   5   0   0   0   6   0   0   0   0
0LABELS FOR DATA ITEMS:
 ID TIME DV EVID AMT CMT MDV STUDY
0(NONBLANK) LABELS FOR PRED-DEFINED ITEMS:
 H0 IPRED CHZ
0FORMAT FOR DATA:
 (8E4.0)

 TOT. NO. OF OBS RECS:       26
 TOT. NO. OF INDIVIDUALS:        8
0LENGTH OF THETA:   5
0DEFAULT THETA BOUNDARY TEST OMITTED:    NO
0OMEGA HAS SIMPLE DIAGONAL FORM WITH DIMENSION:   1
0DEFAULT OMEGA BOUNDARY TEST OMITTED:    NO
0SIGMA HAS SIMPLE DIAGONAL FORM WITH DIMENSION:   1
0DEFAULT SIGMA BOUNDARY TEST OMITTED:    NO
0INITIAL ESTIMATE OF THETA:
 LOWER BOUND    INITIAL EST    UPPER BOUND
  0.1000E+01     0.1000E+01     0.1000E+01
  0.2000E+02     0.2000E+02     0.2000E+02
  0.5000E-01     0.5000E-01     0.5000E-01
  0.5000E+00     0.5000E+00     0.5000E+00
  0.1000E+01     0.1000E+01     0.1000E+01
0INITIAL ESTIMATE OF OMEGA:
 0.0000E+00
0OMEGA CONSTRAINED TO BE THIS INITIAL ESTIMATE
0INITIAL ESTIMATE OF SIGMA:
 0.1000E-01
0TABLES STEP OMITTED:    NO
 NO. OF TABLES:           1
 SEED NUMBER (SEED):    11456
 NPDTYPE:    0
 INTERPTYPE:    0
 RANMETHOD:             3U
 MC SAMPLES (ESAMPLE):    300
 WRES SQUARE ROOT TYPE (WRESCHOL): EIGENVALUE
0-- TABLE   1 --
0RECORDS ONLY:    ALL
04 COLUMNS APPENDED:    NO
 PRINTED:                NO
 HEADER:                YES
 FILE TO BE FORWARDED:   NO
 FORMAT:                s1PE15.8
 IDFORMAT:
 LFORMAT:
 RFORMAT:
 FIXED_EFFECT_ETAS:
0USER-CHOSEN ITEMS:
 ID TIME CMT DV IPRED CHZ H0 STUDY MDV
1DOUBLE PRECISION PREDPP VERSION 7.6.0 (nm760)

 GENERAL NONLINEAR KINETICS MODEL WITH STIFF/NONSTIFF EQUATIONS (LSODA, ADVAN13)
0MODEL SUBROUTINE USER-SUPPLIED - ID NO. 9999
0MAXIMUM NO. OF BASIC PK PARAMETERS:   2
0COMPARTMENT ATTRIBUTES
 COMPT. NO.   FUNCTION   INITIAL    ON/OFF      DOSE      DEFAULT    DEFAULT
                         STATUS     ALLOWED    ALLOWED    FOR DOSE   FOR OBS.
    1         CENTRAL      ON         YES        YES        YES        YES
    2         CHZ          ON         YES        YES        NO         NO
    3         OUTPUT       OFF        YES        NO         NO         NO
 INITIAL (BASE) TOLERANCE SETTINGS:
 NRD (RELATIVE) VALUE(S) OF TOLERANCE:   9
 ANRD (ABSOLUTE) VALUE(S) OF TOLERANCE:  12
1
 ADDITIONAL PK PARAMETERS - ASSIGNMENT OF ROWS IN GG
 COMPT. NO.                             INDICES
              SCALE      BIOAVAIL.   ZERO-ORDER  ZERO-ORDER  ABSORB
                         FRACTION    RATE        DURATION    LAG
    1            *           *           *           *           *
    2            *           *           *           *           *
    3            *           -           -           -           -
             - PARAMETER IS NOT ALLOWED FOR THIS MODEL
             * PARAMETER IS NOT SUPPLIED BY PK SUBROUTINE;
               WILL DEFAULT TO ONE IF APPLICABLE
0DATA ITEM INDICES USED BY PRED ARE:
   EVENT ID DATA ITEM IS DATA ITEM NO.:      4
   TIME DATA ITEM IS DATA ITEM NO.:          2
   DOSE AMOUNT DATA ITEM IS DATA ITEM NO.:   5
   COMPT. NO. DATA ITEM IS DATA ITEM NO.:    6

0PK SUBROUTINE CALLED WITH EVERY EVENT RECORD.
 PK SUBROUTINE NOT CALLED AT NONEVENT (ADDITIONAL OR LAGGED) DOSE TIMES.
0ERROR SUBROUTINE CALLED WITH EVERY EVENT RECORD.
0ERROR SUBROUTINE INDICATES THAT DERIVATIVES OF COMPARTMENT AMOUNTS ARE USED.
0DES SUBROUTINE USES COMPACT STORAGE MODE.
1


 #TBLN:      1
 #METH: Laplacian Conditional Estimation with Interaction (Evaluation)

 ESTIMATION STEP OMITTED:                 YES
 SHRINK INFO WITH EVALUATION (EVALSHRINK) NO
 ANALYSIS TYPE:                           POPULATION
 CONDITIONAL ESTIMATES USED:              YES
 CENTERED ETA:                            NO
 EPS-ETA INTERACTION:                     YES
 LAPLACIAN OBJ. FUNC.:                    YES
 NUMERICAL 2ND DERIVATIVES:               YES
 NUMERICAL DERIVATIVE
       FILE REQUEST (NUMDER):               NONE
 MAP (ETAHAT) ESTIMATION METHOD (OPTMAP):   0
 ETA HESSIAN EVALUATION METHOD (ETADER):    0
 INITIAL ETA FOR MAP ESTIMATION (MCETA):    0
 SIGDIGITS FOR MAP ESTIMATION (SIGLO):      100
 GRADIENT SIGDIGITS OF
       FIXED EFFECTS PARAMETERS (SIGL):     100
 NOPRIOR SETTING (NOPRIOR):                 0
 NOCOV SETTING (NOCOV):                     OFF
 DERCONT SETTING (DERCONT):                 OFF
 FINAL ETA RE-EVALUATION (FNLETA):          1
 EXCLUDE NON-INFLUENTIAL (NON-INFL.) ETAS
       IN SHRINKAGE (ETASTYPE):             NO
 NON-INFL. ETA CORRECTION (NONINFETA):      0
 RAW OUTPUT FILE (FILE): level_no_gaussian.ext
 EXCLUDE TITLE (NOTITLE):                   NO
 EXCLUDE COLUMN LABELS (NOLABEL):           NO
 FORMAT FOR ADDITIONAL FILES (FORMAT):       1PE23.16
 PARAMETER ORDER FOR OUTPUTS (ORDER):       TSOL
 KNUTHSUMOFF:                               0
 INCLUDE LNTWOPI:                           NO
 INCLUDE CONSTANT TERM TO PRIOR (PRIORC):   NO
 INCLUDE CONSTANT TERM TO OMEGA (ETA) (OLNTWOPI):NO
 ADDITIONAL CONVERGENCE TEST (CTYPE=4)?:    NO
 EM OR BAYESIAN METHOD USED:                 NONE

 TOLERANCES FOR ESTIMATION/EVALUATION STEP:
 NRD (RELATIVE) VALUE(S) OF TOLERANCE:   9
 ANRD (ABSOLUTE) VALUE(S) OF TOLERANCE:  12
 TOLERANCES FOR COVARIANCE STEP:
 NRD (RELATIVE) VALUE(S) OF TOLERANCE:   9
 ANRD (ABSOLUTE) VALUE(S) OF TOLERANCE:  12
 TOLERANCES FOR TABLE/SCATTER STEP:
 NRD (RELATIVE) VALUE(S) OF TOLERANCE:   9
 ANRD (ABSOLUTE) VALUE(S) OF TOLERANCE:  12

 THE FOLLOWING LABELS ARE EQUIVALENT
 PRED=PREDI
 RES=RESI
 WRES=WRESI
 IWRS=IWRESI
 IPRD=IPREDI
 IRS=IRESI

 Elapsed evaluation time in seconds:     0.02
 Elapsed postprocess time in seconds:     0.00
1
 
 
 
 
 
 
 
 
 
 
 
 
 
 
 
 
 
 
 
 
 ************************************************************************************************************************
 ********************                                                                                ********************
 ********************          LAPLACIAN CONDITIONAL ESTIMATION WITH INTERACTION (EVALUATION)        ********************
 #OBJT:**************                       MINIMUM VALUE OF OBJECTIVE FUNCTION                      ********************
 ********************                                                                                ********************
 ************************************************************************************************************************
 





 #OBJV:********************************************            50.593       *********************************************
1
 ************************************************************************************************************************
 ********************                                                                                ********************
 ********************          LAPLACIAN CONDITIONAL ESTIMATION WITH INTERACTION (EVALUATION)        ********************
 ********************                             FINAL PARAMETER ESTIMATE                           ********************
 ********************                                                                                ********************
 ************************************************************************************************************************
 


 THETA - VECTOR OF FIXED EFFECTS PARAMETERS   *********


         TH 1      TH 2      TH 3      TH 4      TH 5     
 
         1.00E+00  2.00E+01  5.00E-02  5.00E-01  1.00E+00
 


 OMEGA - COV MATRIX FOR RANDOM EFFECTS - ETAS  ********


         ETA1     
 
 ETA1
+        0.00E+00
 


 SIGMA - COV MATRIX FOR RANDOM EFFECTS - EPSILONS  ****


         EPS1     
 
 EPS1
+        1.00E-02
 
1


 OMEGA - CORR MATRIX FOR RANDOM EFFECTS - ETAS  *******


         ETA1     
 
 ETA1
+        0.00E+00
 


 SIGMA - CORR MATRIX FOR RANDOM EFFECTS - EPSILONS  ***


         EPS1     
 
 EPS1
+        1.00E-01
 
 Elapsed finaloutput time in seconds:     0.00
 #CPUT: Total CPU Time in Seconds,        0.059
Stop Time:
Fri Oct  9 11:27:19 AM UTC 2026
