Thu Jul 16 09:22:25 AM UTC 2026
$PROBLEM Per-route absorption lag -- NONMEM anchor for ferx FR1*first_order(ka=KA1)+FR2*first_order(ka=KA2, lag=LAG2)
; Reference fit for ferx's PER-ROUTE absorption lag: two first-order (Bateman)
; pathways feeding a 1-cpt central, split by a dose fraction FR1 / (1-FR1), where the
; second (delayed-release) pathway carries its OWN onset lag LAG2. Mirrors
; examples/per_route_lag_absorption.ferx and the parallel anchor
; (nonmem_anchor/parallel_first_order.ctl) -- same $DES + F1=0 + PODO trick, with the
; DR pathway's TAD shifted by LAG2 (its input switches on only after t = TDOS + LAG2).
;
; The dataset per_route_lag_oral.csv is simulated FROM this model
; (nonmem_anchor/simulate_per_route_lag_data.py, same truths), so this is a matched
; (well-specified) fit: ferx and NONMEM should agree on OFV/THETA AND both recover the
; data-generating values.
;
; Label symmetry is broken by the per-route lag itself: pathway 1 (lag 0) and
; pathway 2 (lag LAG2 > 0) are no longer exchangeable. The KA1 > KA2 bounds are kept
; for a clean fast-IR / slow-DR reading; use the same convention in the ferx fit.

$INPUT ID TIME DV AMT EVID CMT MDV
$DATA per_route_lag_oral.csv IGNORE=@

$SUBROUTINES ADVAN13 TOL=9
$MODEL
  COMP=(DEPOT,DEFDOSE)     ; 1 = inert dose carrier (F1=0); first-order sum feeds central
  COMP=(CENTRAL,DEFOBS)    ; 2 = central (amount; concentration = A(2)/V)

$PK
  CL   = THETA(1)*EXP(ETA(1))
  V    = THETA(2)*EXP(ETA(2))
  FR1  = THETA(3)          ; fraction of dose through the immediate-release pathway
  KA1  = THETA(4)          ; IR-pathway absorption rate (1/h)
  KA2  = THETA(5)          ; DR-pathway absorption rate (1/h)
  LAG2 = THETA(6)          ; DR-pathway onset lag (h) -- the per-route lag

  FR2  = 1.0 - FR1
  K20  = CL/V

  ; PODO (last oral dose amount) and TDOS (its time) captured at the dose record;
  ; NONMEM carries them forward for $DES to read.
  IF (AMT.GT.0.0.AND.CMT.EQ.1) PODO = AMT
  IF (AMT.GT.0.0.AND.CMT.EQ.1) TDOS = TIME
  ; F1=0: no bolus; PODO drives the two first-order inputs in $DES (each pathway's
  ; integral R_in = FRi*dose, so the total delivered is the dose).
  F1   = 0.0

$DES
  ; Time after the most recent dose (TDOS captured in $PK); = T here (dose at t=0).
  TAD  = T - TDOS
  IF (TAD.LE.1.0E-10) TAD = 1.0E-10
  ; IR pathway: first-order input from the dose, no lag.
  FO1  = FR1*PODO*KA1*EXP(-KA1*TAD)
  ; DR pathway: first-order input shifted by the per-route lag LAG2 -- switches on
  ; only after TAD > LAG2, then decays from its own onset.
  TAD2 = TAD - LAG2
  FO2  = 0.0
  IF (TAD2.GT.0.0) FO2 = FR2*PODO*KA2*EXP(-KA2*TAD2)
  RIN  = FO1 + FO2               ; per-route-lag input rate (IR now + DR after LAG2)
  DADT(1) = 0.0                  ; depot is an inert dose carrier
  DADT(2) = RIN - K20*A(2)       ; dual first-order input straight into central

$ERROR
  IPRED = A(2)/V                 ; central concentration (mg/L)
  Y = IPRED*(1.0 + EPS(1))       ; proportional residual error

$THETA
  (0.1,   5.0,  100)   ; 1 CL    (L/h)
  (5.0,   50.0, 500)   ; 2 V     (L)
  (0.001, 0.5,  0.999) ; 3 FR1         IR-pathway fraction
  (0.3,   1.2,  24)    ; 4 KA1   (1/h) IR pathway (bounded > KA2)
  (0.05,  0.8,  1.1)   ; 5 KA2   (1/h) DR pathway
  (0.001, 3.0,  12)    ; 6 LAG2  (h)   DR-pathway per-route lag

$OMEGA
  0.09    ; IIV CL
  0.09    ; IIV V

$SIGMA
  0.0225  ; proportional residual variance (0.15^2)

$ESTIMATION METHOD=1 INTER MAXEVAL=9999 PRINT=5 NOABORT
$COVARIANCE
$TABLE ID TIME DV IPRED CWRES MDV NOPRINT ONEHEADER FILE=per_route_lag.tab

NM-TRAN MESSAGES
  
 WARNINGS AND ERRORS (IF ANY) FOR PROBLEM    1
             
 (WARNING  2) NM-TRAN INFERS THAT THE DATA ARE POPULATION.
  
Note: Analytical 2nd Derivatives are constructed in FSUBS but are never used.
      You may insert $ABBR DERIV2=NO after the first $PROB to save FSUBS construction and compilation time
  

License Registered to: InsightRX
Expiration Date:    14 AUG 2026
Current Date:       16 JUL 2026
  **** WARNING!!! Days until program expires :  28 ****
  **** CONTACT idssoftware@iconplc.com FOR RENEWAL ****
1NONLINEAR MIXED EFFECTS MODEL PROGRAM (NONMEM) VERSION 7.6.0 (nm760)
 ORIGINALLY DEVELOPED BY STUART BEAL, LEWIS SHEINER, AND ALISON BOECKMANN
 CURRENT DEVELOPERS ARE ROBERT BAUER, ICON DEVELOPMENT SOLUTIONS,
 AND ALISON BOECKMANN. IMPLEMENTATION, EFFICIENCY, AND STANDARDIZATION
 PERFORMED BY NOUS INFOSYSTEMS.

 PROBLEM NO.:         1
 Per-route absorption lag -- NONMEM anchor for ferx FR1*first_order(ka=KA
0DATA CHECKOUT RUN:              NO
 DATA SET LOCATED ON UNIT NO.:    2
 THIS UNIT TO BE REWOUND:        NO
 CREATE/ADD TO FDATA.csv:        YES
 NO. OF DATA RECS IN DATA SET:      320
 NO. OF DATA ITEMS IN DATA SET:   7
 ID DATA ITEM IS DATA ITEM NO.:   1
 DEP VARIABLE IS DATA ITEM NO.:   3
 MDV DATA ITEM IS DATA ITEM NO.:  7
0INDICES PASSED TO SUBROUTINE PRED:
   5   2   4   0   0   0   6   0   0   0   0
0LABELS FOR DATA ITEMS:
 ID TIME DV AMT EVID CMT MDV
0(NONBLANK) LABELS FOR PRED-DEFINED ITEMS:
 IPRED
0FORMAT FOR DATA:
 (7E10.0)

 TOT. NO. OF OBS RECS:      300
 TOT. NO. OF INDIVIDUALS:       20
0LENGTH OF THETA:   6
0DEFAULT THETA BOUNDARY TEST OMITTED:    NO
0OMEGA HAS SIMPLE DIAGONAL FORM WITH DIMENSION:   2
0DEFAULT OMEGA BOUNDARY TEST OMITTED:    NO
0SIGMA HAS SIMPLE DIAGONAL FORM WITH DIMENSION:   1
0DEFAULT SIGMA BOUNDARY TEST OMITTED:    NO
0INITIAL ESTIMATE OF THETA:
 LOWER BOUND    INITIAL EST    UPPER BOUND
  0.1000E+00     0.5000E+01     0.1000E+03
  0.5000E+01     0.5000E+02     0.5000E+03
  0.1000E-02     0.5000E+00     0.9990E+00
  0.3000E+00     0.1200E+01     0.2400E+02
  0.5000E-01     0.8000E+00     0.1100E+01
  0.1000E-02     0.3000E+01     0.1200E+02
0INITIAL ESTIMATE OF OMEGA:
 0.9000E-01
 0.0000E+00   0.9000E-01
0INITIAL ESTIMATE OF SIGMA:
 0.2250E-01
0COVARIANCE STEP OMITTED:        NO
 EIGENVLS. PRINTED:              NO
 SPECIAL COMPUTATION:            NO
 COMPRESSED FORMAT:              NO
 GRADIENT METHOD USED:     NOSLOW
 SIGDIGITS ETAHAT (SIGLO):                  -1
 SIGDIGITS GRADIENTS (SIGL):                -1
 EXCLUDE COV FOR FOCE (NOFCOV):              NO
 Cholesky Transposition of R Matrix (CHOLROFF):0
 KNUTHSUMOFF:                                -1
 RESUME COV ANALYSIS (RESUME):               NO
 SIR SAMPLE SIZE (SIRSAMPLE):
 NON-LINEARLY TRANSFORM THETAS DURING COV (THBND): 1
 PRECONDTIONING CYCLES (PRECOND):        0
 PRECONDTIONING TYPES (PRECONDS):        TOS
 FORCED PRECONDTIONING CYCLES (PFCOND):0
 PRECONDTIONING TYPE (PRETYPE):        0
 FORCED POS. DEFINITE SETTING DURING PRECONDITIONING: (FPOSDEF):0
 SIMPLE POS. DEFINITE SETTING: (POSDEF):-1
0TABLES STEP OMITTED:    NO
 NO. OF TABLES:           1
 SEED NUMBER (SEED):    11456
 NPDTYPE:    0
 INTERPTYPE:    0
 RANMETHOD:             3U
 MC SAMPLES (ESAMPLE):    300
 WRES SQUARE ROOT TYPE (WRESCHOL): EIGENVALUE
0-- TABLE   1 --
0RECORDS ONLY:    ALL
04 COLUMNS APPENDED:    YES
 PRINTED:                NO
 HEADER:                YES
 FILE TO BE FORWARDED:   NO
 FORMAT:                S1PE11.4
 IDFORMAT:
 LFORMAT:
 RFORMAT:
 FIXED_EFFECT_ETAS:
0USER-CHOSEN ITEMS:
 ID TIME DV IPRED CWRES MDV
1DOUBLE PRECISION PREDPP VERSION 7.6.0 (nm760)

 GENERAL NONLINEAR KINETICS MODEL WITH STIFF/NONSTIFF EQUATIONS (LSODA, ADVAN13)
0MODEL SUBROUTINE USER-SUPPLIED - ID NO. 9999
0MAXIMUM NO. OF BASIC PK PARAMETERS:   8
0COMPARTMENT ATTRIBUTES
 COMPT. NO.   FUNCTION   INITIAL    ON/OFF      DOSE      DEFAULT    DEFAULT
                         STATUS     ALLOWED    ALLOWED    FOR DOSE   FOR OBS.
    1         DEPOT        ON         YES        YES        YES        NO
    2         CENTRAL      ON         YES        YES        NO         YES
    3         OUTPUT       OFF        YES        NO         NO         NO
 INITIAL (BASE) TOLERANCE SETTINGS:
 NRD (RELATIVE) VALUE(S) OF TOLERANCE:   9
 ANRD (ABSOLUTE) VALUE(S) OF TOLERANCE:  12
1
 ADDITIONAL PK PARAMETERS - ASSIGNMENT OF ROWS IN GG
 COMPT. NO.                             INDICES
              SCALE      BIOAVAIL.   ZERO-ORDER  ZERO-ORDER  ABSORB
                         FRACTION    RATE        DURATION    LAG
    1            *           9           *           *           *
    2            *           *           *           *           *
    3            *           -           -           -           -
             - PARAMETER IS NOT ALLOWED FOR THIS MODEL
             * PARAMETER IS NOT SUPPLIED BY PK SUBROUTINE;
               WILL DEFAULT TO ONE IF APPLICABLE
0DATA ITEM INDICES USED BY PRED ARE:
   EVENT ID DATA ITEM IS DATA ITEM NO.:      5
   TIME DATA ITEM IS DATA ITEM NO.:          2
   DOSE AMOUNT DATA ITEM IS DATA ITEM NO.:   4
   COMPT. NO. DATA ITEM IS DATA ITEM NO.:    6

0PK SUBROUTINE CALLED WITH EVERY EVENT RECORD.
 PK SUBROUTINE NOT CALLED AT NONEVENT (ADDITIONAL OR LAGGED) DOSE TIMES.
0ERROR SUBROUTINE CALLED WITH EVERY EVENT RECORD.
0ERROR SUBROUTINE INDICATES THAT DERIVATIVES OF COMPARTMENT AMOUNTS ARE USED.
0DES SUBROUTINE USES COMPACT STORAGE MODE.
1


 #TBLN:      1
 #METH: First Order Conditional Estimation with Interaction

 ESTIMATION STEP OMITTED:                 NO
 SHRINK INFO WITH EVALUATION (EVALSHRINK) NO
 ANALYSIS TYPE:                           POPULATION
 NUMBER OF SADDLE POINT RESET ITERATIONS:      0
 GRADIENT METHOD USED:               NOSLOW
 CONDITIONAL ESTIMATES USED:              YES
 CENTERED ETA:                            NO
 EPS-ETA INTERACTION:                     YES
 LAPLACIAN OBJ. FUNC.:                    NO
 NO. OF FUNCT. EVALS. ALLOWED:            9999
 NO. OF SIG. FIGURES REQUIRED:            3
 INTERMEDIATE PRINTOUT:                   YES
 ESTIMATE OUTPUT TO MSF:                  NO
 ABORT WITH PRED EXIT CODE 1:             NO
 IND. OBJ. FUNC. VALUES SORTED:           NO
 NUMERICAL DERIVATIVE
       FILE REQUEST (NUMDER):               NONE
 MAP (ETAHAT) ESTIMATION METHOD (OPTMAP):   0
 ETA HESSIAN EVALUATION METHOD (ETADER):    0
 INITIAL ETA FOR MAP ESTIMATION (MCETA):    0
 SIGDIGITS FOR MAP ESTIMATION (SIGLO):      100
 GRADIENT SIGDIGITS OF
       FIXED EFFECTS PARAMETERS (SIGL):     100
 NOPRIOR SETTING (NOPRIOR):                 0
 NOCOV SETTING (NOCOV):                     OFF
 DERCONT SETTING (DERCONT):                 OFF
 FINAL ETA RE-EVALUATION (FNLETA):          1
 EXCLUDE NON-INFLUENTIAL (NON-INFL.) ETAS
       IN SHRINKAGE (ETASTYPE):             NO
 NON-INFL. ETA CORRECTION (NONINFETA):      0
 RAW OUTPUT FILE (FILE): per_route_lag.ext
 EXCLUDE TITLE (NOTITLE):                   NO
 EXCLUDE COLUMN LABELS (NOLABEL):           NO
 FORMAT FOR ADDITIONAL FILES (FORMAT):      S1PE12.5
 PARAMETER ORDER FOR OUTPUTS (ORDER):       TSOL
 KNUTHSUMOFF:                               0
 INCLUDE LNTWOPI:                           NO
 INCLUDE CONSTANT TERM TO PRIOR (PRIORC):   NO
 INCLUDE CONSTANT TERM TO OMEGA (ETA) (OLNTWOPI):NO
 ADDITIONAL CONVERGENCE TEST (CTYPE=4)?:    NO
 EM OR BAYESIAN METHOD USED:                 NONE

 TOLERANCES FOR ESTIMATION/EVALUATION STEP:
 NRD (RELATIVE) VALUE(S) OF TOLERANCE:   9
 ANRD (ABSOLUTE) VALUE(S) OF TOLERANCE:  12
 TOLERANCES FOR COVARIANCE STEP:
 NRD (RELATIVE) VALUE(S) OF TOLERANCE:   9
 ANRD (ABSOLUTE) VALUE(S) OF TOLERANCE:  12
 TOLERANCES FOR TABLE/SCATTER STEP:
 NRD (RELATIVE) VALUE(S) OF TOLERANCE:   9
 ANRD (ABSOLUTE) VALUE(S) OF TOLERANCE:  12

 THE FOLLOWING LABELS ARE EQUIVALENT
 PRED=PREDI
 RES=RESI
 WRES=WRESI
 IWRS=IWRESI
 IPRD=IPREDI
 IRS=IRESI

 MONITORING OF SEARCH:


0ITERATION NO.:    0    OBJECTIVE VALUE:  -872.699718946706        NO. OF FUNC. EVALS.:   9
 CUMULATIVE NO. OF FUNC. EVALS.:        9
 NPARAMETR:  5.0000E+00  5.0000E+01  5.0000E-01  1.2000E+00  8.0000E-01  3.0000E+00  9.0000E-02  9.0000E-02  2.2500E-02
 PARAMETER:  1.0000E-01  1.0000E-01  1.0000E-01  1.0000E-01  1.0000E-01  1.0000E-01  1.0000E-01  1.0000E-01  1.0000E-01
 GRADIENT:   2.1663E+01  4.9769E+00 -1.7242E+01 -5.7210E+01  7.7091E+00 -2.7463E+02  7.9746E+00 -2.4145E+01 -2.6053E+01

0ITERATION NO.:    5    OBJECTIVE VALUE:  -880.207240849540        NO. OF FUNC. EVALS.:  54
 CUMULATIVE NO. OF FUNC. EVALS.:       63
 NPARAMETR:  4.4557E+00  4.8125E+01  4.9282E-01  1.2215E+00  8.0279E-01  3.0717E+00  7.1538E-02  1.6284E-01  2.1607E-02
 PARAMETER: -2.3461E-02  5.3286E-02  7.1230E-02  1.2454E-01  1.1308E-01  1.3162E-01 -1.4790E-02  3.9649E-01  7.9744E-02
 GRADIENT:  -2.8442E+01 -1.0053E+00 -3.1432E+01 -1.6401E+01  1.8666E+00  6.3069E+00  5.9269E-01  3.5299E+00 -3.5109E+01

0ITERATION NO.:   10    OBJECTIVE VALUE:  -882.127541874705        NO. OF FUNC. EVALS.:  54
 CUMULATIVE NO. OF FUNC. EVALS.:      117
 NPARAMETR:  4.7017E+00  4.9203E+01  5.0318E-01  1.2242E+00  8.5331E-01  3.0819E+00  6.5986E-02  1.5395E-01  2.2965E-02
 PARAMETER:  3.4053E-02  8.0356E-02  1.1274E-01  1.2756E-01  3.6429E-01  1.3608E-01 -5.5184E-02  3.6840E-01  1.1024E-01
 GRADIENT:  -2.7082E+00 -7.8676E-01 -1.8215E+00  7.7677E-01  1.5612E+00  1.2298E+01 -8.8769E-01  1.5232E+00 -4.1882E+00

0ITERATION NO.:   15    OBJECTIVE VALUE:  -882.355089842265        NO. OF FUNC. EVALS.:  53
 CUMULATIVE NO. OF FUNC. EVALS.:      170
 NPARAMETR:  4.7320E+00  4.9083E+01  5.0053E-01  1.2207E+00  8.1127E-01  3.0734E+00  6.7033E-02  1.4813E-01  2.3148E-02
 PARAMETER:  4.0943E-02  7.7380E-02  1.0214E-01  1.2365E-01  1.5322E-01  1.3235E-01 -4.7313E-02  3.4916E-01  1.1419E-01
 GRADIENT:   8.1654E-02  6.4972E-02 -8.6626E-02 -1.9864E-01  7.3657E-02 -9.1189E-01 -3.8030E-02  4.4506E-02  6.9006E-02

0ITERATION NO.:   20    OBJECTIVE VALUE:  -882.356749246130        NO. OF FUNC. EVALS.: 115
 CUMULATIVE NO. OF FUNC. EVALS.:      285
 NPARAMETR:  4.7399E+00  4.9203E+01  5.0068E-01  1.2206E+00  8.1138E-01  3.0737E+00  6.7085E-02  1.4797E-01  2.3152E-02
 PARAMETER:  4.2714E-02  8.0369E-02  1.0272E-01  1.2353E-01  1.5375E-01  1.3251E-01 -4.6928E-02  3.4862E-01  1.1428E-01
 GRADIENT:   1.2117E-01 -7.9692E-02 -4.5919E-02 -5.9061E-02  1.0400E-02 -2.2280E-01 -5.4076E-03  4.1735E-03  1.4719E-02

0ITERATION NO.:   23    OBJECTIVE VALUE:  -882.356826319290        NO. OF FUNC. EVALS.:  67
 CUMULATIVE NO. OF FUNC. EVALS.:      352
 NPARAMETR:  4.7392E+00  4.9233E+01  5.0072E-01  1.2206E+00  8.1143E-01  3.0738E+00  6.7103E-02  1.4798E-01  2.3151E-02
 PARAMETER:  4.2569E-02  8.1119E-02  1.0278E-01  1.2356E-01  1.5395E-01  1.3252E-01 -4.6786E-02  3.4857E-01  1.1426E-01
 GRADIENT:   2.4278E-02  2.1408E-01 -1.6547E-01 -1.1166E-01 -1.1414E-01 -6.9049E-03  7.0390E-02 -5.6410E-02  2.6395E-02
 NUMSIGDIG:         3.7         3.3         2.3         3.2         3.6         5.3         3.4         3.0         3.7

 #TERM:
0MINIMIZATION TERMINATED
 DUE TO ROUNDING ERRORS (ERROR=134)
 NO. OF FUNCTION EVALUATIONS USED:      352
 NO. OF SIG. DIGITS IN FINAL EST.:  2.3

 ETABAR IS THE ARITHMETIC MEAN OF THE ETA-ESTIMATES,
 AND THE P-VALUE IS GIVEN FOR THE NULL HYPOTHESIS THAT THE TRUE MEAN IS 0.

 ETABAR:         3.4296E-03 -2.3433E-03
 SE:             5.5952E-02  8.5202E-02
 N:                      20          20

 P VAL.:         9.5112E-01  9.7806E-01

 ETASHRINKSD(%)  3.3961E+00  9.3963E-01
 ETASHRINKVR(%)  6.6768E+00  1.8704E+00
 EBVSHRINKSD(%)  3.0618E+00  7.9280E-01
 EBVSHRINKVR(%)  6.0298E+00  1.5793E+00
 RELATIVEINF(%)  9.3970E+01  9.8421E+01
 EPSSHRINKSD(%)  6.3036E+00
 EPSSHRINKVR(%)  1.2210E+01

  
 TOTAL DATA POINTS NORMALLY DISTRIBUTED (N):          300
 N*LOG(2PI) CONSTANT TO OBJECTIVE FUNCTION:    551.36311992280355     
 OBJECTIVE FUNCTION VALUE WITHOUT CONSTANT:   -882.35682631929046     
 OBJECTIVE FUNCTION VALUE WITH CONSTANT:      -330.99370639648691     
 REPORTED OBJECTIVE FUNCTION DOES NOT CONTAIN CONSTANT
  
 TOTAL EFFECTIVE ETAS (NIND*NETA):                            40
  
 #TERE:
 Elapsed estimation  time in seconds:    19.29
 Elapsed postprocess time in seconds:     0.18
1
 
 
 
 
 
 
 
 
 
 
 
 
 
 
 
 
 
 
 
 
 ************************************************************************************************************************
 ********************                                                                                ********************
 ********************               FIRST ORDER CONDITIONAL ESTIMATION WITH INTERACTION              ********************
 #OBJT:**************                       MINIMUM VALUE OF OBJECTIVE FUNCTION                      ********************
 ********************                                                                                ********************
 ************************************************************************************************************************
 





 #OBJV:********************************************          -882.357       *********************************************
1
 ************************************************************************************************************************
 ********************                                                                                ********************
 ********************               FIRST ORDER CONDITIONAL ESTIMATION WITH INTERACTION              ********************
 ********************                             FINAL PARAMETER ESTIMATE                           ********************
 ********************                                                                                ********************
 ************************************************************************************************************************
 


 THETA - VECTOR OF FIXED EFFECTS PARAMETERS   *********


         TH 1      TH 2      TH 3      TH 4      TH 5      TH 6     
 
         4.74E+00  4.92E+01  5.01E-01  1.22E+00  8.11E-01  3.07E+00
 


 OMEGA - COV MATRIX FOR RANDOM EFFECTS - ETAS  ********


         ETA1      ETA2     
 
 ETA1
+        6.71E-02
 
 ETA2
+        0.00E+00  1.48E-01
 


 SIGMA - COV MATRIX FOR RANDOM EFFECTS - EPSILONS  ****


         EPS1     
 
 EPS1
+        2.32E-02
 
1


 OMEGA - CORR MATRIX FOR RANDOM EFFECTS - ETAS  *******


         ETA1      ETA2     
 
 ETA1
+        2.59E-01
 
 ETA2
+        0.00E+00  3.85E-01
 


 SIGMA - CORR MATRIX FOR RANDOM EFFECTS - EPSILONS  ***


         EPS1     
 
 EPS1
+        1.52E-01
 
 Elapsed finaloutput time in seconds:     0.02
 #CPUT: Total CPU Time in Seconds,       19.490
Stop Time:
Thu Jul 16 09:22:51 AM UTC 2026
