Wed Sep  2 03:44:58 PM UTC 2026
$PROBLEM Joint PK-TTE, TIME-DEPENDENT hazard -- anchor for #1166
; Anchor for the #1166 fix: a Gompertz-in-time x exposure hazard on a FULLY AUTONOMOUS PK
; block. Nothing committed exercises that combination -- `grep 'hazard *=.*TIME'` over
; src/ tests/ examples/ docs/ is empty -- and the identity trick `* (1.0 + 0.0*TIME)` proves
; ROUTING only: a mishandled model time inside the shared solve's segment integration would
; be invisible to it. Here TIME is LIVE in the hazard.
;
; Twin: `pktte_eta0.ctl` in ~/NONMEMruns/pktte-engine-split/ is this stream with GAM = 0.
; The two differ by exp(GAM*t) on the integrand, so the committed GAM=0 CHZ column is the
; one-variable comparator for "the time term is live".
;
; Compared objects:
;   (i)  A(3) at every TTE record vs BOTH ferx arms, with per-arm bounds.
;   (ii) per-subject OBJ from the .phi vs 2 x ferx `individual_nll` on arm A. Sound because
;        the ferx<->NONMEM per-subject constant was measured to be ZERO on the GAM=0 run
;        (2*nll == OBJ, no n*log(2pi)); run ferx at ode_reltol 1e-9 / abstol 1e-11 or the
;        ~1e-3 tolerance noise at ferx's defaults swamps the comparison.
;
; Single dose at t=0 per subject, so T == TIME == TAD == TAFD here: this stream anchors the
; VALUE of a time-reading hazard, not which spelling of time was read. The spellings are
; separated by the parser unit tests, not by this run.
;
; MAXEVAL=0 POSTHOC, every THETA FIX at the values ferx evaluates, OMEGA 0 FIX so ferx and
; NONMEM are compared at the same point (eta = 0).

$INPUT ID TIME DV EVID AMT CMT RATE MDV
$DATA pktte.csv IGNORE=@

$SUBROUTINES ADVAN13 TOL=9
$MODEL
  COMP=(DEPOT,DEFDOSE)
  COMP=(CENTRAL)
  COMP=(CHZ)

$PK
  CL   = THETA(1)*EXP(ETA(1))
  V    = THETA(2)
  KA   = THETA(3)
  H0   = THETA(4)
  BETA = THETA(5)
  GAM  = THETA(6)
  K20  = CL/V

$DES
  CONCD   = A(2)/V
  DADT(1) = -KA*A(1)
  DADT(2) =  KA*A(1) - K20*A(2)
  ; Gompertz baseline in T x exposure. The PK block above stays autonomous.
  DADT(3) =  H0*EXP(GAM*T)*EXP(BETA*CONCD)

$ERROR
  CONC = A(2)/V
  ; T is not available in $ERROR; TIME is the same quantity at a data record.
  HAZ  = H0*EXP(GAM*TIME)*EXP(BETA*CONC)
  CHZ  = A(3)
  SUR  = EXP(-CHZ)
  IPRED = CONC
  F_FLAG = 0
  IF (CMT.EQ.3) F_FLAG = 1
  ; Single-level IFs only: NM-TRAN error 326 rejects a random variable assigned inside a
  ; NESTED if-structure, so the CMT/DV test is folded into one condition per branch.
  Y = IPRED*(1.0 + EPS(1))
  IF (CMT.EQ.3.AND.DV.EQ.1) Y = SUR*HAZ
  IF (CMT.EQ.3.AND.DV.EQ.0) Y = SUR

$THETA
  1.00 FIX   ; 1 CL   (L/h)
  10.0 FIX   ; 2 V    (L)
  1.00 FIX   ; 3 KA   (1/h)
  0.02 FIX   ; 4 H0   baseline hazard
  0.50 FIX   ; 5 BETA concentration effect on log-hazard
  0.15 FIX   ; 6 GAM  Gompertz rate -- exp(GAM*t) spans 1.01x to 3.49x over the TTE
             ;        record range (t = 0.07 .. 8.32 h), so the time term is live at
             ;        every record rather than only at the late ones.

$OMEGA
  0 FIX      ; IIV CL -- zeroed so ferx and NONMEM are compared at the SAME point (eta=0)

$SIGMA
  0.01       ; proportional residual variance (0.10^2)

$ESTIMATION METHOD=1 LAPLACE INTER NUMERICAL SLOW MAXEVAL=0 POSTHOC PRINT=1 NOABORT
; FORMAT=s1PE15.8: the 5-s.f. default cost #1187 a false bound, and the arm-A/arm-B
; accuracy spread this anchor has to resolve is ~1e-9 vs ~3e-6.
$TABLE ID TIME CMT DV IPRED CHZ HAZ ETA1 MDV NOPRINT ONEHEADER NOAPPEND
       FORMAT=s1PE15.8 FILE=pktte_tdep.tab

NM-TRAN MESSAGES
  
 WARNINGS AND ERRORS (IF ANY) FOR PROBLEM    1
             
 (WARNING  2) NM-TRAN INFERS THAT THE DATA ARE POPULATION.
  
Note: Analytical 2nd Derivatives are constructed in FSUBS but are never used.
      You may insert $ABBR DERIV2=NO after the first $PROB to save FSUBS construction and compilation time
  

License Registered to:  InsightRX
Expiration Date:    14 AUG 2027
Current Date:        2 SEP 2026
Days until program expires : 347
1NONLINEAR MIXED EFFECTS MODEL PROGRAM (NONMEM) VERSION 7.6.0 (nm760)
 ORIGINALLY DEVELOPED BY STUART BEAL, LEWIS SHEINER, AND ALISON BOECKMANN
 CURRENT DEVELOPERS ARE ROBERT BAUER, ICON DEVELOPMENT SOLUTIONS,
 AND ALISON BOECKMANN. IMPLEMENTATION, EFFICIENCY, AND STANDARDIZATION
 PERFORMED BY NOUS INFOSYSTEMS.

 PROBLEM NO.:         1
 Joint PK-TTE, TIME-DEPENDENT hazard -- anchor for #1166
0DATA CHECKOUT RUN:              NO
 DATA SET LOCATED ON UNIT NO.:    2
 THIS UNIT TO BE REWOUND:        NO
 CREATE/ADD TO FDATA.csv:        YES
 NO. OF DATA RECS IN DATA SET:      400
 NO. OF DATA ITEMS IN DATA SET:   8
 ID DATA ITEM IS DATA ITEM NO.:   1
 DEP VARIABLE IS DATA ITEM NO.:   3
 MDV DATA ITEM IS DATA ITEM NO.:  8
0INDICES PASSED TO SUBROUTINE PRED:
   4   2   5   7   0   0   6   0   0   0   0
0LABELS FOR DATA ITEMS:
 ID TIME DV EVID AMT CMT RATE MDV
0(NONBLANK) LABELS FOR PRED-DEFINED ITEMS:
 HAZ CHZ IPRED
0FORMAT FOR DATA:
 (8E7.0)

 TOT. NO. OF OBS RECS:      360
 TOT. NO. OF INDIVIDUALS:       40
0LENGTH OF THETA:   6
0DEFAULT THETA BOUNDARY TEST OMITTED:    NO
0OMEGA HAS SIMPLE DIAGONAL FORM WITH DIMENSION:   1
0DEFAULT OMEGA BOUNDARY TEST OMITTED:    NO
0SIGMA HAS SIMPLE DIAGONAL FORM WITH DIMENSION:   1
0DEFAULT SIGMA BOUNDARY TEST OMITTED:    NO
0INITIAL ESTIMATE OF THETA:
 LOWER BOUND    INITIAL EST    UPPER BOUND
  0.1000E+01     0.1000E+01     0.1000E+01
  0.1000E+02     0.1000E+02     0.1000E+02
  0.1000E+01     0.1000E+01     0.1000E+01
  0.2000E-01     0.2000E-01     0.2000E-01
  0.5000E+00     0.5000E+00     0.5000E+00
  0.1500E+00     0.1500E+00     0.1500E+00
0INITIAL ESTIMATE OF OMEGA:
 0.0000E+00
0OMEGA CONSTRAINED TO BE THIS INITIAL ESTIMATE
0INITIAL ESTIMATE OF SIGMA:
 0.1000E-01
0TABLES STEP OMITTED:    NO
 NO. OF TABLES:           1
 SEED NUMBER (SEED):    11456
 NPDTYPE:    0
 INTERPTYPE:    0
 RANMETHOD:             3U
 MC SAMPLES (ESAMPLE):    300
 WRES SQUARE ROOT TYPE (WRESCHOL): EIGENVALUE
0-- TABLE   1 --
0RECORDS ONLY:    ALL
04 COLUMNS APPENDED:    NO
 PRINTED:                NO
 HEADER:                YES
 FILE TO BE FORWARDED:   NO
 FORMAT:                s1PE15.8
 IDFORMAT:
 LFORMAT:
 RFORMAT:
 FIXED_EFFECT_ETAS:
0USER-CHOSEN ITEMS:
 ID TIME CMT DV IPRED CHZ HAZ ETA1 MDV
1DOUBLE PRECISION PREDPP VERSION 7.6.0 (nm760)

 GENERAL NONLINEAR KINETICS MODEL WITH STIFF/NONSTIFF EQUATIONS (LSODA, ADVAN13)
0MODEL SUBROUTINE USER-SUPPLIED - ID NO. 9999
0MAXIMUM NO. OF BASIC PK PARAMETERS:   6
0COMPARTMENT ATTRIBUTES
 COMPT. NO.   FUNCTION   INITIAL    ON/OFF      DOSE      DEFAULT    DEFAULT
                         STATUS     ALLOWED    ALLOWED    FOR DOSE   FOR OBS.
    1         DEPOT        ON         YES        YES        YES        NO
    2         CENTRAL      ON         YES        YES        NO         YES
    3         CHZ          ON         YES        YES        NO         NO
    4         OUTPUT       OFF        YES        NO         NO         NO
 INITIAL (BASE) TOLERANCE SETTINGS:
 NRD (RELATIVE) VALUE(S) OF TOLERANCE:   9
 ANRD (ABSOLUTE) VALUE(S) OF TOLERANCE:  12
1
 ADDITIONAL PK PARAMETERS - ASSIGNMENT OF ROWS IN GG
 COMPT. NO.                             INDICES
              SCALE      BIOAVAIL.   ZERO-ORDER  ZERO-ORDER  ABSORB
                         FRACTION    RATE        DURATION    LAG
    1            *           *           *           *           *
    2            *           *           *           *           *
    3            *           *           *           *           *
    4            *           -           -           -           -
             - PARAMETER IS NOT ALLOWED FOR THIS MODEL
             * PARAMETER IS NOT SUPPLIED BY PK SUBROUTINE;
               WILL DEFAULT TO ONE IF APPLICABLE
0DATA ITEM INDICES USED BY PRED ARE:
   EVENT ID DATA ITEM IS DATA ITEM NO.:      4
   TIME DATA ITEM IS DATA ITEM NO.:          2
   DOSE AMOUNT DATA ITEM IS DATA ITEM NO.:   5
   DOSE RATE DATA ITEM IS DATA ITEM NO.:     7
   COMPT. NO. DATA ITEM IS DATA ITEM NO.:    6

0PK SUBROUTINE CALLED WITH EVERY EVENT RECORD.
 PK SUBROUTINE NOT CALLED AT NONEVENT (ADDITIONAL OR LAGGED) DOSE TIMES.
0ERROR SUBROUTINE CALLED WITH EVERY EVENT RECORD.
0ERROR SUBROUTINE INDICATES THAT DERIVATIVES OF COMPARTMENT AMOUNTS ARE USED.
0DES SUBROUTINE USES COMPACT STORAGE MODE.
1


 #TBLN:      1
 #METH: Laplacian Conditional Estimation with Interaction (Evaluation)

 ESTIMATION STEP OMITTED:                 YES
 SHRINK INFO WITH EVALUATION (EVALSHRINK) NO
 ANALYSIS TYPE:                           POPULATION
 CONDITIONAL ESTIMATES USED:              YES
 CENTERED ETA:                            NO
 EPS-ETA INTERACTION:                     YES
 LAPLACIAN OBJ. FUNC.:                    YES
 NUMERICAL 2ND DERIVATIVES:               YES
 NUMERICAL DERIVATIVE
       FILE REQUEST (NUMDER):               NONE
 MAP (ETAHAT) ESTIMATION METHOD (OPTMAP):   0
 ETA HESSIAN EVALUATION METHOD (ETADER):    0
 INITIAL ETA FOR MAP ESTIMATION (MCETA):    0
 SIGDIGITS FOR MAP ESTIMATION (SIGLO):      100
 GRADIENT SIGDIGITS OF
       FIXED EFFECTS PARAMETERS (SIGL):     100
 NOPRIOR SETTING (NOPRIOR):                 0
 NOCOV SETTING (NOCOV):                     OFF
 DERCONT SETTING (DERCONT):                 OFF
 FINAL ETA RE-EVALUATION (FNLETA):          1
 EXCLUDE NON-INFLUENTIAL (NON-INFL.) ETAS
       IN SHRINKAGE (ETASTYPE):             NO
 NON-INFL. ETA CORRECTION (NONINFETA):      0
 RAW OUTPUT FILE (FILE): pktte_tdep.ext
 EXCLUDE TITLE (NOTITLE):                   NO
 EXCLUDE COLUMN LABELS (NOLABEL):           NO
 FORMAT FOR ADDITIONAL FILES (FORMAT):      S1PE12.5
 PARAMETER ORDER FOR OUTPUTS (ORDER):       TSOL
 KNUTHSUMOFF:                               0
 INCLUDE LNTWOPI:                           NO
 INCLUDE CONSTANT TERM TO PRIOR (PRIORC):   NO
 INCLUDE CONSTANT TERM TO OMEGA (ETA) (OLNTWOPI):NO
 ADDITIONAL CONVERGENCE TEST (CTYPE=4)?:    NO
 EM OR BAYESIAN METHOD USED:                 NONE

 TOLERANCES FOR ESTIMATION/EVALUATION STEP:
 NRD (RELATIVE) VALUE(S) OF TOLERANCE:   9
 ANRD (ABSOLUTE) VALUE(S) OF TOLERANCE:  12
 TOLERANCES FOR COVARIANCE STEP:
 NRD (RELATIVE) VALUE(S) OF TOLERANCE:   9
 ANRD (ABSOLUTE) VALUE(S) OF TOLERANCE:  12
 TOLERANCES FOR TABLE/SCATTER STEP:
 NRD (RELATIVE) VALUE(S) OF TOLERANCE:   9
 ANRD (ABSOLUTE) VALUE(S) OF TOLERANCE:  12

 THE FOLLOWING LABELS ARE EQUIVALENT
 PRED=PREDI
 RES=RESI
 WRES=WRESI
 IWRS=IWRESI
 IPRD=IPREDI
 IRS=IRESI

 Elapsed evaluation time in seconds:     0.01
 Elapsed postprocess time in seconds:     0.02
1
 
 
 
 
 
 
 
 
 
 
 
 
 
 
 
 
 
 
 
 
 ************************************************************************************************************************
 ********************                                                                                ********************
 ********************          LAPLACIAN CONDITIONAL ESTIMATION WITH INTERACTION (EVALUATION)        ********************
 #OBJT:**************                       MINIMUM VALUE OF OBJECTIVE FUNCTION                      ********************
 ********************                                                                                ********************
 ************************************************************************************************************************
 





 #OBJV:********************************************          1912.025       *********************************************
1
 ************************************************************************************************************************
 ********************                                                                                ********************
 ********************          LAPLACIAN CONDITIONAL ESTIMATION WITH INTERACTION (EVALUATION)        ********************
 ********************                             FINAL PARAMETER ESTIMATE                           ********************
 ********************                                                                                ********************
 ************************************************************************************************************************
 


 THETA - VECTOR OF FIXED EFFECTS PARAMETERS   *********


         TH 1      TH 2      TH 3      TH 4      TH 5      TH 6     
 
         1.00E+00  1.00E+01  1.00E+00  2.00E-02  5.00E-01  1.50E-01
 


 OMEGA - COV MATRIX FOR RANDOM EFFECTS - ETAS  ********


         ETA1     
 
 ETA1
+        0.00E+00
 


 SIGMA - COV MATRIX FOR RANDOM EFFECTS - EPSILONS  ****


         EPS1     
 
 EPS1
+        1.00E-02
 
1


 OMEGA - CORR MATRIX FOR RANDOM EFFECTS - ETAS  *******


         ETA1     
 
 ETA1
+        0.00E+00
 


 SIGMA - CORR MATRIX FOR RANDOM EFFECTS - EPSILONS  ***


         EPS1     
 
 EPS1
+        1.00E-01
 
 Elapsed finaloutput time in seconds:     0.03
 #CPUT: Total CPU Time in Seconds,        0.072
Stop Time:
Wed Sep  2 03:45:05 PM UTC 2026
