Fri Aug 28 07:40:44 PM UTC 2026
$PROBLEM #1070 TAD-dependent DES x estimated lagtime with IIV -- two doses
; Multi-dose companion to runA. Two doses (t=0, t=12), each arriving at
; t_dose+ALAG1, so time-after-dose switches anchor at the SECOND arrival --
; strictly inside a record-to-record interval, and carrying an eta.
;
; NONMEM has no TAD builtin in $DES, so the anchor is carried explicitly. Dose
; times are fixed and known for this dataset, so TDOS is derived directly from T
; and MTIME(1) exists only to place an integration break exactly at the second
; arrival (the point where TDOS jumps).
;
; MTIME(1) is set UNCONDITIONALLY. Two earlier constructions were measured wrong
; against an independent RK4 reference (runBdet/truth.py, OMEGA 0 FIX so IPRED is
; a pure function) and are kept in runBdet/ as det_B*.ctl:
;   - TDP/TDN + MPAST(1) with MTIME set at every record: 40% IPRED error.
;   - the same with MTIME set only inside IF(EVID.EQ.1): NM WARNING 3, MTIME is
;     zero whenever the condition fails, and the run does not execute at all.
; This construction reproduces the reference to table precision (3.3e-5).
;
$INPUT ID TIME DV MDV EVID AMT CMT WT
$DATA tad_lag_B.csv IGNORE=@
;
; WT carries a FIXED-at-zero exponent: (WT/70)**THETA(5) with THETA(5)=0 FIX is
; exactly 1, so WT has no effect on any prediction. It is present only because
; ferx routes a subject to its event-driven predictor when a covariate column
; actually varies within the subject, and the plain (dense) predictor currently
; returns NaN for a TAD-reading RHS under a lagtime (ferx #1110). Because the
; exponent is zero, every per-event covariate snapshot is identical, so this
; anchor does not exercise the time-varying-covariate snapshot convention and
; cannot be invalidated by ferx #1073's change to where the timeline breaks.
$SUBROUTINES ADVAN13 TOL=9
$MODEL COMP=(CENTRAL,DEFDOSE)
$PK
  CL    = THETA(1)*(WT/70)**THETA(5)*EXP(ETA(1))
  V     = THETA(2)
  ALAG1 = THETA(4)*EXP(ETA(2))
  MTIME(1) = 12.0 + ALAG1
  MTDIFF   = 1
$DES
  TDOS = ALAG1
  IF (T.GE.12.0+ALAG1) TDOS = 12.0 + ALAG1
  TADX = T - TDOS
  DADT(1) = -(CL/V)*A(1)*(1.0 + THETA(3)*TADX)
$ERROR
  IPRED = A(1)/V
  Y     = IPRED*(1.0 + EPS(1))
$THETA
 (0.001, 1.0)   ; TVCL
 (0.001, 20.0)  ; TVV
 (0.0,   0.3)   ; THETA_TAD
 (0.001, 0.5)   ; TVLAG
 (0.0 FIX)      ; WT exponent -- zero, see header
$OMEGA
 0.09   ; ETA_CL
 0.02   ; ETA_LAG
$SIGMA
 0.01   ; proportional, variance
$ESTIMATION METHOD=1 INTERACTION MAXEVAL=0 POSTHOC PRINT=1
$TABLE ID TIME IPRED CWRES NOPRINT ONEHEADER FILE=tad_lag_B.tab

NM-TRAN MESSAGES
  
 WARNINGS AND ERRORS (IF ANY) FOR PROBLEM    1
             
 (WARNING  2) NM-TRAN INFERS THAT THE DATA ARE POPULATION.
  
Note: Analytical 2nd Derivatives are constructed in FSUBS but are never used.
      You may insert $ABBR DERIV2=NO after the first $PROB to save FSUBS construction and compilation time
  

License Registered to:  InsightRX
Expiration Date:    14 AUG 2027
Current Date:       28 AUG 2026
Days until program expires : 351
1NONLINEAR MIXED EFFECTS MODEL PROGRAM (NONMEM) VERSION 7.6.0 (nm760)
 ORIGINALLY DEVELOPED BY STUART BEAL, LEWIS SHEINER, AND ALISON BOECKMANN
 CURRENT DEVELOPERS ARE ROBERT BAUER, ICON DEVELOPMENT SOLUTIONS,
 AND ALISON BOECKMANN. IMPLEMENTATION, EFFICIENCY, AND STANDARDIZATION
 PERFORMED BY NOUS INFOSYSTEMS.

 PROBLEM NO.:         1
 #1070 TAD-dependent DES x estimated lagtime with IIV -- two doses
0DATA CHECKOUT RUN:              NO
 DATA SET LOCATED ON UNIT NO.:    2
 THIS UNIT TO BE REWOUND:        NO
 CREATE/ADD TO FDATA.csv:        YES
 NO. OF DATA RECS IN DATA SET:      180
 NO. OF DATA ITEMS IN DATA SET:   8
 ID DATA ITEM IS DATA ITEM NO.:   1
 DEP VARIABLE IS DATA ITEM NO.:   3
 MDV DATA ITEM IS DATA ITEM NO.:  4
0INDICES PASSED TO SUBROUTINE PRED:
   5   2   6   0   0   0   7   0   0   0   0
0LABELS FOR DATA ITEMS:
 ID TIME DV MDV EVID AMT CMT WT
0(NONBLANK) LABELS FOR PRED-DEFINED ITEMS:
 IPRED
0FORMAT FOR DATA:
 (8E9.0)

 TOT. NO. OF OBS RECS:      156
 TOT. NO. OF INDIVIDUALS:       12
0LENGTH OF THETA:   5
0DEFAULT THETA BOUNDARY TEST OMITTED:    NO
0OMEGA HAS SIMPLE DIAGONAL FORM WITH DIMENSION:   2
0DEFAULT OMEGA BOUNDARY TEST OMITTED:    NO
0SIGMA HAS SIMPLE DIAGONAL FORM WITH DIMENSION:   1
0DEFAULT SIGMA BOUNDARY TEST OMITTED:    NO
0INITIAL ESTIMATE OF THETA:
 LOWER BOUND    INITIAL EST    UPPER BOUND
  0.1000E-02     0.1000E+01     0.1000E+07
  0.1000E-02     0.2000E+02     0.1000E+07
  0.0000E+00     0.3000E+00     0.1000E+07
  0.1000E-02     0.5000E+00     0.1000E+07
  0.0000E+00     0.0000E+00     0.0000E+00
0INITIAL ESTIMATE OF OMEGA:
 0.9000E-01
 0.0000E+00   0.2000E-01
0INITIAL ESTIMATE OF SIGMA:
 0.1000E-01
0TABLES STEP OMITTED:    NO
 NO. OF TABLES:           1
 SEED NUMBER (SEED):    11456
 NPDTYPE:    0
 INTERPTYPE:    0
 RANMETHOD:             3U
 MC SAMPLES (ESAMPLE):    300
 WRES SQUARE ROOT TYPE (WRESCHOL): EIGENVALUE
0-- TABLE   1 --
0RECORDS ONLY:    ALL
04 COLUMNS APPENDED:    YES
 PRINTED:                NO
 HEADER:                YES
 FILE TO BE FORWARDED:   NO
 FORMAT:                S1PE11.4
 IDFORMAT:
 LFORMAT:
 RFORMAT:
 FIXED_EFFECT_ETAS:
0USER-CHOSEN ITEMS:
 ID TIME IPRED CWRES
1DOUBLE PRECISION PREDPP VERSION 7.6.0 (nm760)

 GENERAL NONLINEAR KINETICS MODEL WITH STIFF/NONSTIFF EQUATIONS (LSODA, ADVAN13)
0MODEL SUBROUTINE USER-SUPPLIED - ID NO. 9999
0MAXIMUM NO. OF BASIC PK PARAMETERS:   3
0COMPARTMENT ATTRIBUTES
 COMPT. NO.   FUNCTION   INITIAL    ON/OFF      DOSE      DEFAULT    DEFAULT
                         STATUS     ALLOWED    ALLOWED    FOR DOSE   FOR OBS.
    1         CENTRAL      ON         YES        YES        YES        YES
    2         OUTPUT       OFF        YES        NO         NO         NO
 INITIAL (BASE) TOLERANCE SETTINGS:
 NRD (RELATIVE) VALUE(S) OF TOLERANCE:   9
 ANRD (ABSOLUTE) VALUE(S) OF TOLERANCE:  12
1
 ADDITIONAL PK PARAMETERS - ASSIGNMENT OF ROWS IN GG
 COMPT. NO.                             INDICES
              SCALE      BIOAVAIL.   ZERO-ORDER  ZERO-ORDER  ABSORB
                         FRACTION    RATE        DURATION    LAG
    1            *           *           *           *           4
    2            *           -           -           -           -
             - PARAMETER IS NOT ALLOWED FOR THIS MODEL
             * PARAMETER IS NOT SUPPLIED BY PK SUBROUTINE;
               WILL DEFAULT TO ONE IF APPLICABLE
0FIRST MODEL TIME PARAMETER ASSIGNED TO ROW NO.:  5
 LAST  MODEL TIME PARAMETER ASSIGNED TO ROW NO.:  5
0DATA ITEM INDICES USED BY PRED ARE:
   EVENT ID DATA ITEM IS DATA ITEM NO.:      5
   TIME DATA ITEM IS DATA ITEM NO.:          2
   DOSE AMOUNT DATA ITEM IS DATA ITEM NO.:   6
   COMPT. NO. DATA ITEM IS DATA ITEM NO.:    7

0PK SUBROUTINE CALLED WITH EVERY EVENT RECORD.
 PK SUBROUTINE CALLED AT NONEVENT (ADDITIONAL AND LAGGED) DOSE TIMES AND AT MODEL TIMES.

0ERROR SUBROUTINE CALLED WITH EVERY EVENT RECORD.
0ERROR SUBROUTINE INDICATES THAT DERIVATIVES OF COMPARTMENT AMOUNTS ARE USED.
0DES SUBROUTINE USES COMPACT STORAGE MODE.
1


 #TBLN:      1
 #METH: First Order Conditional Estimation with Interaction (Evaluation)

 ESTIMATION STEP OMITTED:                 YES
 SHRINK INFO WITH EVALUATION (EVALSHRINK) NO
 ANALYSIS TYPE:                           POPULATION
 CONDITIONAL ESTIMATES USED:              YES
 CENTERED ETA:                            NO
 EPS-ETA INTERACTION:                     YES
 LAPLACIAN OBJ. FUNC.:                    NO
 NUMERICAL DERIVATIVE
       FILE REQUEST (NUMDER):               NONE
 MAP (ETAHAT) ESTIMATION METHOD (OPTMAP):   0
 ETA HESSIAN EVALUATION METHOD (ETADER):    0
 INITIAL ETA FOR MAP ESTIMATION (MCETA):    0
 SIGDIGITS FOR MAP ESTIMATION (SIGLO):      100
 GRADIENT SIGDIGITS OF
       FIXED EFFECTS PARAMETERS (SIGL):     100
 NOPRIOR SETTING (NOPRIOR):                 0
 NOCOV SETTING (NOCOV):                     OFF
 DERCONT SETTING (DERCONT):                 OFF
 FINAL ETA RE-EVALUATION (FNLETA):          1
 EXCLUDE NON-INFLUENTIAL (NON-INFL.) ETAS
       IN SHRINKAGE (ETASTYPE):             NO
 NON-INFL. ETA CORRECTION (NONINFETA):      0
 RAW OUTPUT FILE (FILE): tad_lag_B.ext
 EXCLUDE TITLE (NOTITLE):                   NO
 EXCLUDE COLUMN LABELS (NOLABEL):           NO
 FORMAT FOR ADDITIONAL FILES (FORMAT):      S1PE12.5
 PARAMETER ORDER FOR OUTPUTS (ORDER):       TSOL
 KNUTHSUMOFF:                               0
 INCLUDE LNTWOPI:                           NO
 INCLUDE CONSTANT TERM TO PRIOR (PRIORC):   NO
 INCLUDE CONSTANT TERM TO OMEGA (ETA) (OLNTWOPI):NO
 ADDITIONAL CONVERGENCE TEST (CTYPE=4)?:    NO
 EM OR BAYESIAN METHOD USED:                 NONE

 TOLERANCES FOR ESTIMATION/EVALUATION STEP:
 NRD (RELATIVE) VALUE(S) OF TOLERANCE:   9
 ANRD (ABSOLUTE) VALUE(S) OF TOLERANCE:  12
 TOLERANCES FOR COVARIANCE STEP:
 NRD (RELATIVE) VALUE(S) OF TOLERANCE:   9
 ANRD (ABSOLUTE) VALUE(S) OF TOLERANCE:  12
 TOLERANCES FOR TABLE/SCATTER STEP:
 NRD (RELATIVE) VALUE(S) OF TOLERANCE:   9
 ANRD (ABSOLUTE) VALUE(S) OF TOLERANCE:  12

 THE FOLLOWING LABELS ARE EQUIVALENT
 PRED=PREDI
 RES=RESI
 WRES=WRESI
 IWRS=IWRESI
 IPRD=IPREDI
 IRS=IRESI

 Elapsed evaluation time in seconds:     0.07
 Elapsed postprocess time in seconds:     0.08
1
 
 
 
 
 
 
 
 
 
 
 
 
 
 
 
 
 
 
 
 
 ************************************************************************************************************************
 ********************                                                                                ********************
 ********************         FIRST ORDER CONDITIONAL ESTIMATION WITH INTERACTION (EVALUATION)       ********************
 #OBJT:**************                       MINIMUM VALUE OF OBJECTIVE FUNCTION                      ********************
 ********************                                                                                ********************
 ************************************************************************************************************************
 





 #OBJV:********************************************          -169.317       *********************************************
1
 ************************************************************************************************************************
 ********************                                                                                ********************
 ********************         FIRST ORDER CONDITIONAL ESTIMATION WITH INTERACTION (EVALUATION)       ********************
 ********************                             FINAL PARAMETER ESTIMATE                           ********************
 ********************                                                                                ********************
 ************************************************************************************************************************
 


 THETA - VECTOR OF FIXED EFFECTS PARAMETERS   *********


         TH 1      TH 2      TH 3      TH 4      TH 5     
 
         1.00E+00  2.00E+01  3.00E-01  5.00E-01  0.00E+00
 


 OMEGA - COV MATRIX FOR RANDOM EFFECTS - ETAS  ********


         ETA1      ETA2     
 
 ETA1
+        9.00E-02
 
 ETA2
+        0.00E+00  2.00E-02
 


 SIGMA - COV MATRIX FOR RANDOM EFFECTS - EPSILONS  ****


         EPS1     
 
 EPS1
+        1.00E-02
 
1


 OMEGA - CORR MATRIX FOR RANDOM EFFECTS - ETAS  *******


         ETA1      ETA2     
 
 ETA1
+        3.00E-01
 
 ETA2
+        0.00E+00  1.41E-01
 


 SIGMA - CORR MATRIX FOR RANDOM EFFECTS - EPSILONS  ***


         EPS1     
 
 EPS1
+        1.00E-01
 
 Elapsed finaloutput time in seconds:     0.01
 #CPUT: Total CPU Time in Seconds,        0.204
Stop Time:
Fri Aug 28 07:40:52 PM UTC 2026
