Sun Jul 12 06:01:51 PM UTC 2026
$PROBLEM one_cpt_transit + IOV on CL -- NONMEM anchor for ferx analytic transit under IOV [#719]
; Reference fit for ferx's analytic `pk one_cpt_transit(cl,v,n,mtt)` under inter-occasion
; variability (IOV on CL). `one_cpt_transit` is transit-density-directly-into-central (a single
; disposition compartment; its ferx ODE twin is `d/dt(central) = transit(n,mtt) - (CL/V)*central`),
; so this is ONE compartment: F1=0 suppresses the depot bolus and the Savic density is delivered
; as R_in in $DES. IOV on CL is one ETA per occasion (OCC 1/2/3), sharing one IOV variance via
; $OMEGA BLOCK SAME. Data (nonmem_anchor/transit_iov.csv) is one dose per occasion, three
; occasions 24 h apart with near-complete washout, so the $DES single-dose R_in (PODO/TDOS)
; equals ferx's dose superposition. Fit this, then fit ferx on the SAME csv and compare OFV +
; THETA/OMEGA (generator: tests/gen_transit_iov_anchor.rs prints the ferx side).

$INPUT ID TIME DV EVID AMT CMT MDV OCC
$DATA transit_iov.csv IGNORE=@

$SUBROUTINES ADVAN13 TOL=9
$MODEL
  COMP=(CENTRAL,DEFDOSE,DEFOBS)   ; 1 = central (dose lands here; bolus suppressed by F1=0)

$PK
  TVCL  = THETA(1)
  TVV   = THETA(2)
  TVMTT = THETA(3)
  TVN   = THETA(4)

  ; ---- IOV on CL: one ETA per occasion, one shared IOV variance (BLOCK SAME) ----
  OCC1 = 0
  OCC2 = 0
  OCC3 = 0
  IF (OCC.EQ.1) OCC1 = 1
  IF (OCC.EQ.2) OCC2 = 1
  IF (OCC.EQ.3) OCC3 = 1
  IOVCL = OCC1*ETA(2) + OCC2*ETA(3) + OCC3*ETA(4)

  CL  = TVCL*EXP(IOVCL)
  V   = TVV *EXP(ETA(1))
  MTT = TVMTT
  NN  = TVN

  KTR = (NN + 1.0)/MTT
  K10 = CL/V

  ; ---- ln Gamma(NN+1) via Lanczos g=7, n=9 -------------------------------------
  ; Byte-for-byte the coefficients in ferx src/stats/special.rs::ln_gamma, so the gamma
  ; special-function is NOT a source of ferx-vs-NONMEM discrepancy. x = NN+1, x' = NN.
  XX  = NN
  AA  = 0.99999999999980993
  AA  = AA + 676.5203681218851      / (XX + 1.0)
  AA  = AA - 1259.1392167224028     / (XX + 2.0)
  AA  = AA + 771.32342877765313     / (XX + 3.0)
  AA  = AA - 176.61502916214059     / (XX + 4.0)
  AA  = AA + 12.507343278686905     / (XX + 5.0)
  AA  = AA - 0.13857109526572012    / (XX + 6.0)
  AA  = AA + 9.9843695780195716E-06 / (XX + 7.0)
  AA  = AA + 1.5056327351493116E-07 / (XX + 8.0)
  TG  = XX + 7.5
  LNG = 0.91893853320467274 + (XX + 0.5)*LOG(TG) - TG + LOG(AA)   ; = ln Gamma(NN+1)

  ; ---- dose routing: feed transit(), not a bolus -------------------------------
  IF (AMT.GT.0.0.AND.CMT.EQ.1) PODO = AMT
  IF (AMT.GT.0.0.AND.CMT.EQ.1) TDOS = TIME
  F1  = 0.0

$DES
  TAD = T - TDOS
  IF (TAD.LE.1.0E-10) TAD = 1.0E-10
  ; R_in(tad) = PODO * KTR*(KTR*tad)^NN * exp(-KTR*tad) / Gamma(NN+1), log-domain.
  LNR = LOG(PODO) + LOG(KTR) + NN*LOG(KTR*TAD) - KTR*TAD - LNG
  RIN = EXP(LNR)
  DADT(1) = RIN - K10*A(1)

$ERROR
  IPRED = A(1)/V
  Y = IPRED*(1.0 + EPS(1))

$THETA
  (0.1,  9.0,  100)   ; 1 TVCL
  (1.0,  30.0, 500)   ; 2 TVV
  (0.05, 1.0,  24)    ; 3 TVMTT   KTR=(N+1)/MTT
  (0.1,  3.0,  30)    ; 4 TVN     transit compartments (continuous)

$OMEGA
  0.09    ; IIV V (ETA1)

$OMEGA BLOCK(1) 0.04   ; IOV CL (ETA2), occasion 1
$OMEGA BLOCK(1) SAME   ;              occasion 2 (same variance)
$OMEGA BLOCK(1) SAME   ;              occasion 3 (same variance)

$SIGMA
  0.01    ; proportional residual variance (0.1^2)

$ESTIMATION METHOD=1 INTER MAXEVAL=9999 PRINT=5 NOABORT
$COVARIANCE
$TABLE ID TIME DV IPRED CWRES MDV OCC NOPRINT ONEHEADER FILE=transit_iov.tab

NM-TRAN MESSAGES
  
 WARNINGS AND ERRORS (IF ANY) FOR PROBLEM    1
             
 (WARNING  2) NM-TRAN INFERS THAT THE DATA ARE POPULATION.
  
Note: Analytical 2nd Derivatives are constructed in FSUBS but are never used.
      You may insert $ABBR DERIV2=NO after the first $PROB to save FSUBS construction and compilation time
  

License Registered to: InsightRX
Expiration Date:    14 AUG 2026
Current Date:       12 JUL 2026
Days until program expires :  32
1NONLINEAR MIXED EFFECTS MODEL PROGRAM (NONMEM) VERSION 7.6.0 (nm760)
 ORIGINALLY DEVELOPED BY STUART BEAL, LEWIS SHEINER, AND ALISON BOECKMANN
 CURRENT DEVELOPERS ARE ROBERT BAUER, ICON DEVELOPMENT SOLUTIONS,
 AND ALISON BOECKMANN. IMPLEMENTATION, EFFICIENCY, AND STANDARDIZATION
 PERFORMED BY NOUS INFOSYSTEMS.

 PROBLEM NO.:         1
 one_cpt_transit + IOV on CL -- NONMEM anchor for ferx analytic transit u
0DATA CHECKOUT RUN:              NO
 DATA SET LOCATED ON UNIT NO.:    2
 THIS UNIT TO BE REWOUND:        NO
 CREATE/ADD TO FDATA.csv:        YES
 NO. OF DATA RECS IN DATA SET:      504
 NO. OF DATA ITEMS IN DATA SET:   8
 ID DATA ITEM IS DATA ITEM NO.:   1
 DEP VARIABLE IS DATA ITEM NO.:   3
 MDV DATA ITEM IS DATA ITEM NO.:  7
0INDICES PASSED TO SUBROUTINE PRED:
   4   2   5   0   0   0   6   0   0   0   0
0LABELS FOR DATA ITEMS:
 ID TIME DV EVID AMT CMT MDV OCC
0(NONBLANK) LABELS FOR PRED-DEFINED ITEMS:
 IPRED
0FORMAT FOR DATA:
 (8E9.0)

 TOT. NO. OF OBS RECS:      432
 TOT. NO. OF INDIVIDUALS:       24
0LENGTH OF THETA:   4
0DEFAULT THETA BOUNDARY TEST OMITTED:    NO
0OMEGA HAS BLOCK FORM:
  1
  0  2
  0  0  2
  0  0  0  2
0DEFAULT OMEGA BOUNDARY TEST OMITTED:    NO
0SIGMA HAS SIMPLE DIAGONAL FORM WITH DIMENSION:   1
0DEFAULT SIGMA BOUNDARY TEST OMITTED:    NO
0INITIAL ESTIMATE OF THETA:
 LOWER BOUND    INITIAL EST    UPPER BOUND
  0.1000E+00     0.9000E+01     0.1000E+03
  0.1000E+01     0.3000E+02     0.5000E+03
  0.5000E-01     0.1000E+01     0.2400E+02
  0.1000E+00     0.3000E+01     0.3000E+02
0INITIAL ESTIMATE OF OMEGA:
 BLOCK SET NO.   BLOCK                                                                    FIXED
        1                                                                                   NO
                  0.9000E-01
        2                                                                                   NO
                  0.4000E-01
0INITIAL ESTIMATE OF SIGMA:
 0.1000E-01
0COVARIANCE STEP OMITTED:        NO
 EIGENVLS. PRINTED:              NO
 SPECIAL COMPUTATION:            NO
 COMPRESSED FORMAT:              NO
 GRADIENT METHOD USED:     NOSLOW
 SIGDIGITS ETAHAT (SIGLO):                  -1
 SIGDIGITS GRADIENTS (SIGL):                -1
 EXCLUDE COV FOR FOCE (NOFCOV):              NO
 Cholesky Transposition of R Matrix (CHOLROFF):0
 KNUTHSUMOFF:                                -1
 RESUME COV ANALYSIS (RESUME):               NO
 SIR SAMPLE SIZE (SIRSAMPLE):
 NON-LINEARLY TRANSFORM THETAS DURING COV (THBND): 1
 PRECONDTIONING CYCLES (PRECOND):        0
 PRECONDTIONING TYPES (PRECONDS):        TOS
 FORCED PRECONDTIONING CYCLES (PFCOND):0
 PRECONDTIONING TYPE (PRETYPE):        0
 FORCED POS. DEFINITE SETTING DURING PRECONDITIONING: (FPOSDEF):0
 SIMPLE POS. DEFINITE SETTING: (POSDEF):-1
0TABLES STEP OMITTED:    NO
 NO. OF TABLES:           1
 SEED NUMBER (SEED):    11456
 NPDTYPE:    0
 INTERPTYPE:    0
 RANMETHOD:             3U
 MC SAMPLES (ESAMPLE):    300
 WRES SQUARE ROOT TYPE (WRESCHOL): EIGENVALUE
0-- TABLE   1 --
0RECORDS ONLY:    ALL
04 COLUMNS APPENDED:    YES
 PRINTED:                NO
 HEADER:                YES
 FILE TO BE FORWARDED:   NO
 FORMAT:                S1PE11.4
 IDFORMAT:
 LFORMAT:
 RFORMAT:
 FIXED_EFFECT_ETAS:
0USER-CHOSEN ITEMS:
 ID TIME DV IPRED CWRES MDV OCC
1DOUBLE PRECISION PREDPP VERSION 7.6.0 (nm760)

 GENERAL NONLINEAR KINETICS MODEL WITH STIFF/NONSTIFF EQUATIONS (LSODA, ADVAN13)
0MODEL SUBROUTINE USER-SUPPLIED - ID NO. 9999
0MAXIMUM NO. OF BASIC PK PARAMETERS:   6
0COMPARTMENT ATTRIBUTES
 COMPT. NO.   FUNCTION   INITIAL    ON/OFF      DOSE      DEFAULT    DEFAULT
                         STATUS     ALLOWED    ALLOWED    FOR DOSE   FOR OBS.
    1         CENTRAL      ON         YES        YES        YES        YES
    2         OUTPUT       OFF        YES        NO         NO         NO
 INITIAL (BASE) TOLERANCE SETTINGS:
 NRD (RELATIVE) VALUE(S) OF TOLERANCE:   9
 ANRD (ABSOLUTE) VALUE(S) OF TOLERANCE:  12
1
 ADDITIONAL PK PARAMETERS - ASSIGNMENT OF ROWS IN GG
 COMPT. NO.                             INDICES
              SCALE      BIOAVAIL.   ZERO-ORDER  ZERO-ORDER  ABSORB
                         FRACTION    RATE        DURATION    LAG
    1            *           7           *           *           *
    2            *           -           -           -           -
             - PARAMETER IS NOT ALLOWED FOR THIS MODEL
             * PARAMETER IS NOT SUPPLIED BY PK SUBROUTINE;
               WILL DEFAULT TO ONE IF APPLICABLE
0DATA ITEM INDICES USED BY PRED ARE:
   EVENT ID DATA ITEM IS DATA ITEM NO.:      4
   TIME DATA ITEM IS DATA ITEM NO.:          2
   DOSE AMOUNT DATA ITEM IS DATA ITEM NO.:   5
   COMPT. NO. DATA ITEM IS DATA ITEM NO.:    6

0PK SUBROUTINE CALLED WITH EVERY EVENT RECORD.
 PK SUBROUTINE NOT CALLED AT NONEVENT (ADDITIONAL OR LAGGED) DOSE TIMES.
0ERROR SUBROUTINE CALLED WITH EVERY EVENT RECORD.
0ERROR SUBROUTINE INDICATES THAT DERIVATIVES OF COMPARTMENT AMOUNTS ARE USED.
0DES SUBROUTINE USES COMPACT STORAGE MODE.
1


 #TBLN:      1
 #METH: First Order Conditional Estimation with Interaction

 ESTIMATION STEP OMITTED:                 NO
 SHRINK INFO WITH EVALUATION (EVALSHRINK) NO
 ANALYSIS TYPE:                           POPULATION
 NUMBER OF SADDLE POINT RESET ITERATIONS:      0
 GRADIENT METHOD USED:               NOSLOW
 CONDITIONAL ESTIMATES USED:              YES
 CENTERED ETA:                            NO
 EPS-ETA INTERACTION:                     YES
 LAPLACIAN OBJ. FUNC.:                    NO
 NO. OF FUNCT. EVALS. ALLOWED:            9999
 NO. OF SIG. FIGURES REQUIRED:            3
 INTERMEDIATE PRINTOUT:                   YES
 ESTIMATE OUTPUT TO MSF:                  NO
 ABORT WITH PRED EXIT CODE 1:             NO
 IND. OBJ. FUNC. VALUES SORTED:           NO
 NUMERICAL DERIVATIVE
       FILE REQUEST (NUMDER):               NONE
 MAP (ETAHAT) ESTIMATION METHOD (OPTMAP):   0
 ETA HESSIAN EVALUATION METHOD (ETADER):    0
 INITIAL ETA FOR MAP ESTIMATION (MCETA):    0
 SIGDIGITS FOR MAP ESTIMATION (SIGLO):      100
 GRADIENT SIGDIGITS OF
       FIXED EFFECTS PARAMETERS (SIGL):     100
 NOPRIOR SETTING (NOPRIOR):                 0
 NOCOV SETTING (NOCOV):                     OFF
 DERCONT SETTING (DERCONT):                 OFF
 FINAL ETA RE-EVALUATION (FNLETA):          1
 EXCLUDE NON-INFLUENTIAL (NON-INFL.) ETAS
       IN SHRINKAGE (ETASTYPE):             NO
 NON-INFL. ETA CORRECTION (NONINFETA):      0
 RAW OUTPUT FILE (FILE): transit_iov.ext
 EXCLUDE TITLE (NOTITLE):                   NO
 EXCLUDE COLUMN LABELS (NOLABEL):           NO
 FORMAT FOR ADDITIONAL FILES (FORMAT):      S1PE12.5
 PARAMETER ORDER FOR OUTPUTS (ORDER):       TSOL
 KNUTHSUMOFF:                               0
 INCLUDE LNTWOPI:                           NO
 INCLUDE CONSTANT TERM TO PRIOR (PRIORC):   NO
 INCLUDE CONSTANT TERM TO OMEGA (ETA) (OLNTWOPI):NO
 ADDITIONAL CONVERGENCE TEST (CTYPE=4)?:    NO
 EM OR BAYESIAN METHOD USED:                 NONE

 TOLERANCES FOR ESTIMATION/EVALUATION STEP:
 NRD (RELATIVE) VALUE(S) OF TOLERANCE:   9
 ANRD (ABSOLUTE) VALUE(S) OF TOLERANCE:  12
 TOLERANCES FOR COVARIANCE STEP:
 NRD (RELATIVE) VALUE(S) OF TOLERANCE:   9
 ANRD (ABSOLUTE) VALUE(S) OF TOLERANCE:  12
 TOLERANCES FOR TABLE/SCATTER STEP:
 NRD (RELATIVE) VALUE(S) OF TOLERANCE:   9
 ANRD (ABSOLUTE) VALUE(S) OF TOLERANCE:  12

 THE FOLLOWING LABELS ARE EQUIVALENT
 PRED=PREDI
 RES=RESI
 WRES=WRESI
 IWRS=IWRESI
 IPRD=IPREDI
 IRS=IRESI

 MONITORING OF SEARCH:


0ITERATION NO.:    0    OBJECTIVE VALUE:  -1363.57935619924        NO. OF FUNC. EVALS.:   7
 CUMULATIVE NO. OF FUNC. EVALS.:        7
 NPARAMETR:  9.0000E+00  3.0000E+01  1.0000E+00  3.0000E+00  9.0000E-02  4.0000E-02  1.0000E-02
 PARAMETER:  1.0000E-01  1.0000E-01  1.0000E-01  1.0000E-01  1.0000E-01  1.0000E-01  1.0000E-01
 GRADIENT:  -9.2929E+01  4.2824E+01  6.1676E+02  4.1108E+02 -1.7003E+01 -4.4027E+01 -4.4110E+01

0ITERATION NO.:    5    OBJECTIVE VALUE:  -1370.92141467194        NO. OF FUNC. EVALS.:  44
 CUMULATIVE NO. OF FUNC. EVALS.:       51
 NPARAMETR:  9.2658E+00  2.6699E+01  1.0108E+00  2.9684E+00  1.0228E-01  5.5485E-02  1.0400E-02
 PARAMETER:  1.3235E-01 -2.7828E-02  1.1181E-01  8.7874E-02  1.6393E-01  2.6362E-01  1.1960E-01
 GRADIENT:  -4.1293E+01 -5.0714E+00  4.9624E+02  3.1447E+02 -6.5714E+00 -6.5970E+00 -4.3523E+00

0ITERATION NO.:   10    OBJECTIVE VALUE:  -1374.25423133584        NO. OF FUNC. EVALS.:  43
 CUMULATIVE NO. OF FUNC. EVALS.:       94
 NPARAMETR:  9.2178E+00  2.7797E+01  9.9423E-01  2.9917E+00  1.1285E-01  5.9977E-02  1.0461E-02
 PARAMETER:  1.2658E-01  1.6307E-02  9.3653E-02  9.6810E-02  2.1313E-01  3.0254E-01  1.2255E-01
 GRADIENT:  -8.8492E-01 -6.8321E-02 -2.1634E+00 -4.9233E-01 -4.6849E-01 -6.1269E-01 -1.3751E+00

0ITERATION NO.:   15    OBJECTIVE VALUE:  -1374.26919658340        NO. OF FUNC. EVALS.:  66
 CUMULATIVE NO. OF FUNC. EVALS.:      160
 NPARAMETR:  9.2367E+00  2.7928E+01  9.9511E-01  2.9893E+00  1.1400E-01  6.0242E-02  1.0481E-02
 PARAMETER:  1.2885E-01  2.1470E-02  9.4628E-02  9.5907E-02  2.1820E-01  3.0474E-01  1.2348E-01
 GRADIENT:  -1.7558E-02 -4.2257E-03  1.5627E-01  7.6587E-02 -2.1389E-04 -4.7975E-04 -5.4896E-03

0ITERATION NO.:   19    OBJECTIVE VALUE:  -1374.26920524262        NO. OF FUNC. EVALS.:  68
 CUMULATIVE NO. OF FUNC. EVALS.:      228
 NPARAMETR:  9.2366E+00  2.7922E+01  9.9511E-01  2.9893E+00  1.1400E-01  6.0243E-02  1.0481E-02
 PARAMETER:  1.2885E-01  2.1149E-02  9.4628E-02  9.5907E-02  2.1820E-01  3.0474E-01  1.2347E-01
 GRADIENT:   1.3427E-01 -3.7316E-01 -1.5436E-01  5.9305E-03  6.5592E-02 -5.3447E-02  1.1140E-01
 NUMSIGDIG:         3.0         2.0         4.5         5.7         3.6         3.6         3.5

 #TERM:
0MINIMIZATION TERMINATED
 DUE TO ROUNDING ERRORS (ERROR=134)
 NO. OF FUNCTION EVALUATIONS USED:      228
 NO. OF SIG. DIGITS IN FINAL EST.:  2.0

 ETABAR IS THE ARITHMETIC MEAN OF THE ETA-ESTIMATES,
 AND THE P-VALUE IS GIVEN FOR THE NULL HYPOTHESIS THAT THE TRUE MEAN IS 0.

 ETABAR:        -3.0012E-03 -2.5047E-03  3.0188E-02  2.9625E-04
 SE:             6.9046E-02  4.3381E-02  4.6163E-02  4.1518E-02
 N:                      24          24          24          24

 P VAL.:         9.6533E-01  9.5396E-01  5.1316E-01  9.9431E-01

 ETASHRINKSD(%)  1.0000E-10  1.3407E+01  7.0418E+00  1.7131E+01
 ETASHRINKVR(%)  1.0000E-10  2.5017E+01  1.3588E+01  3.1327E+01
 EBVSHRINKSD(%)  4.8177E-01  1.5185E+01  1.2025E+01  1.2184E+01
 EBVSHRINKVR(%)  9.6123E-01  2.8064E+01  2.2605E+01  2.2884E+01
 RELATIVEINF(%)  9.8980E+01  7.1846E+01  7.7320E+01  7.7031E+01
 EPSSHRINKSD(%)  9.4614E+00
 EPSSHRINKVR(%)  1.8028E+01

  
 TOTAL DATA POINTS NORMALLY DISTRIBUTED (N):          432
 N*LOG(2PI) CONSTANT TO OBJECTIVE FUNCTION:    793.96289268883720     
 OBJECTIVE FUNCTION VALUE WITHOUT CONSTANT:   -1374.2692052426248     
 OBJECTIVE FUNCTION VALUE WITH CONSTANT:      -580.30631255378762     
 REPORTED OBJECTIVE FUNCTION DOES NOT CONTAIN CONSTANT
  
 TOTAL EFFECTIVE ETAS (NIND*NETA):                            96
  
 #TERE:
 Elapsed estimation  time in seconds:    57.17
 Elapsed postprocess time in seconds:     0.50
1
 
 
 
 
 
 
 
 
 
 
 
 
 
 
 
 
 
 
 
 
 ************************************************************************************************************************
 ********************                                                                                ********************
 ********************               FIRST ORDER CONDITIONAL ESTIMATION WITH INTERACTION              ********************
 #OBJT:**************                       MINIMUM VALUE OF OBJECTIVE FUNCTION                      ********************
 ********************                                                                                ********************
 ************************************************************************************************************************
 





 #OBJV:********************************************         -1374.269       *********************************************
1
 ************************************************************************************************************************
 ********************                                                                                ********************
 ********************               FIRST ORDER CONDITIONAL ESTIMATION WITH INTERACTION              ********************
 ********************                             FINAL PARAMETER ESTIMATE                           ********************
 ********************                                                                                ********************
 ************************************************************************************************************************
 


 THETA - VECTOR OF FIXED EFFECTS PARAMETERS   *********


         TH 1      TH 2      TH 3      TH 4     
 
         9.24E+00  2.79E+01  9.95E-01  2.99E+00
 


 OMEGA - COV MATRIX FOR RANDOM EFFECTS - ETAS  ********


         ETA1      ETA2      ETA3      ETA4     
 
 ETA1
+        1.14E-01
 
 ETA2
+        0.00E+00  6.02E-02
 
 ETA3
+        0.00E+00  0.00E+00  6.02E-02
 
 ETA4
+        0.00E+00  0.00E+00  0.00E+00  6.02E-02
 


 SIGMA - COV MATRIX FOR RANDOM EFFECTS - EPSILONS  ****


         EPS1     
 
 EPS1
+        1.05E-02
 
1


 OMEGA - CORR MATRIX FOR RANDOM EFFECTS - ETAS  *******


         ETA1      ETA2      ETA3      ETA4     
 
 ETA1
+        3.38E-01
 
 ETA2
+        0.00E+00  2.45E-01
 
 ETA3
+        0.00E+00  0.00E+00  2.45E-01
 
 ETA4
+        0.00E+00  0.00E+00  0.00E+00  2.45E-01
 


 SIGMA - CORR MATRIX FOR RANDOM EFFECTS - EPSILONS  ***


         EPS1     
 
 EPS1
+        1.02E-01
 
 Elapsed finaloutput time in seconds:     0.02
 #CPUT: Total CPU Time in Seconds,       57.438
Stop Time:
Sun Jul 12 06:03:00 PM UTC 2026
