Sun Jul 12 07:21:29 PM UTC 2026
$PROBLEM one_cpt_transit (N=3) + lagtime + F + MULTIPLE doses -- NONMEM anchor for ferx [#719]
; Reference fit for ferx's `one_cpt_transit(..., lagtime=LAG, f=FB)`. Because a lagtime/F mapping
; is present, ferx routes each subject to its `transit()` ODE twin (#735); this control is the
; NONMEM cross-check for that twin path under an estimated absorption lag, a fixed bioavailability,
; and multiple overlapping doses.
;
; Same EXPLICIT INTEGER-N transit chain as transit_multidose_cov.ctl (n=3 -> 4 transit
; compartments 1..4 + central 5, every transfer rate ktr=(n+1)/MTT), so multi-dose superposition
; is NONMEM-native. Lag and bioavailability are the compartment-1 dose attributes ALAG1 / F1 --
; both NONMEM-native, so there is NO hand-coded $DES time shift (which choked LSODA in the
; first_order_alag experiment; a native ALAG1 restarts the integrator cleanly at the lagged dose).
;
;   * ALAG1 (THETA5) -- estimated absorption lagtime; delays every dose into compartment 1.
;   * F1 (THETA6)    -- bioavailability, FIXed to 0.70. F is structurally non-identifiable on
;                       single-route oral data (only CL/F, V/F are), so both engines FIX it; the
;                       anchor verifies ferx APPLIES F (scales the absorbed amount) identically to
;                       NONMEM, not that it estimates it.
;   * CL = TVCL*(WT/70)**0.75  -- a fixed allometric covariate that composes on the twin path.
;
; Dose CMT 1 (matches ferx). Obs CMT 5 here; the ferx copy (data/transit_multidose_lag_f.csv)
; re-keys obs to CMT 1 (ferx's single disposition compartment). Data simulated FROM ferx
; (tests/gen_transit_multidose_lag_f_anchor.rs), so NONMEM also recovers the truths.

$INPUT ID TIME DV EVID AMT CMT MDV WT
$DATA transit_multidose_lag_f.csv IGNORE=@

$SUBROUTINES ADVAN13 TOL=9
$MODEL
  COMP=(TR1,DEFDOSE)   ; 1 = first transit compartment (dose lands here; ALAG1/F1 apply)
  COMP=(TR2)           ; 2
  COMP=(TR3)           ; 3
  COMP=(TR4)           ; 4 = (n+1)th transit compartment; its outflow feeds central
  COMP=(CENTRAL,DEFOBS); 5 = central (observed)

$PK
  TVCL  = THETA(1)
  TVV   = THETA(2)
  TVMTT = THETA(3)
  NN    = THETA(4)      ; transit count n, FIXed = 3

  CL  = TVCL*(WT/70.0)**0.75*EXP(ETA(1))
  V   = TVV*EXP(ETA(2))
  MTT = TVMTT

  KTR = (NN + 1.0)/MTT
  K10 = CL/V

  ALAG1 = THETA(5)      ; absorption lagtime (estimated), delays the dose into compartment 1
  F1    = THETA(6)      ; bioavailability (FIX 0.70); scales the dose into compartment 1

$DES
  DADT(1) = -KTR*A(1)
  DADT(2) =  KTR*A(1) - KTR*A(2)
  DADT(3) =  KTR*A(2) - KTR*A(3)
  DADT(4) =  KTR*A(3) - KTR*A(4)
  DADT(5) =  KTR*A(4) - K10*A(5)

$ERROR
  IPRED = A(5)/V
  Y = IPRED*(1.0 + EPS(1))

$THETA
  (0.1,  9.0,  100)    ; 1 TVCL
  (1.0,  60.0, 500)    ; 2 TVV
  (0.05, 3.0,  24)     ; 3 TVMTT
  3 FIX                ; 4 NN   (integer transit count -> explicit 4-transit chain)
  (0.001, 0.5, 3.0)    ; 5 ALAG1  absorption lagtime (estimated)
  0.7 FIX              ; 6 F1     bioavailability (non-identifiable single-route oral -> fixed)

$OMEGA
  0.09    ; IIV CL (ETA1)
  0.09    ; IIV V  (ETA2)

$SIGMA
  0.01    ; proportional residual variance (0.1^2)

$ESTIMATION METHOD=1 INTER MAXEVAL=9999 PRINT=5 NOABORT
$COVARIANCE
$TABLE ID TIME DV IPRED CWRES MDV WT NOPRINT ONEHEADER FILE=transit_multidose_lag_f.tab

NM-TRAN MESSAGES
  
 WARNINGS AND ERRORS (IF ANY) FOR PROBLEM    1
             
 (WARNING  2) NM-TRAN INFERS THAT THE DATA ARE POPULATION.
  
Note: Analytical 2nd Derivatives are constructed in FSUBS but are never used.
      You may insert $ABBR DERIV2=NO after the first $PROB to save FSUBS construction and compilation time
  

License Registered to: InsightRX
Expiration Date:    14 AUG 2026
Current Date:       12 JUL 2026
Days until program expires :  32
1NONLINEAR MIXED EFFECTS MODEL PROGRAM (NONMEM) VERSION 7.6.0 (nm760)
 ORIGINALLY DEVELOPED BY STUART BEAL, LEWIS SHEINER, AND ALISON BOECKMANN
 CURRENT DEVELOPERS ARE ROBERT BAUER, ICON DEVELOPMENT SOLUTIONS,
 AND ALISON BOECKMANN. IMPLEMENTATION, EFFICIENCY, AND STANDARDIZATION
 PERFORMED BY NOUS INFOSYSTEMS.

 PROBLEM NO.:         1
 one_cpt_transit (N=3) + lagtime + F + MULTIPLE doses -- NONMEM anchor fo
0DATA CHECKOUT RUN:              NO
 DATA SET LOCATED ON UNIT NO.:    2
 THIS UNIT TO BE REWOUND:        NO
 CREATE/ADD TO FDATA.csv:        YES
 NO. OF DATA RECS IN DATA SET:      720
 NO. OF DATA ITEMS IN DATA SET:   8
 ID DATA ITEM IS DATA ITEM NO.:   1
 DEP VARIABLE IS DATA ITEM NO.:   3
 MDV DATA ITEM IS DATA ITEM NO.:  7
0INDICES PASSED TO SUBROUTINE PRED:
   4   2   5   0   0   0   6   0   0   0   0
0LABELS FOR DATA ITEMS:
 ID TIME DV EVID AMT CMT MDV WT
0(NONBLANK) LABELS FOR PRED-DEFINED ITEMS:
 IPRED
0FORMAT FOR DATA:
 (8E9.0)

 TOT. NO. OF OBS RECS:      600
 TOT. NO. OF INDIVIDUALS:       24
0LENGTH OF THETA:   6
0DEFAULT THETA BOUNDARY TEST OMITTED:    NO
0OMEGA HAS SIMPLE DIAGONAL FORM WITH DIMENSION:   2
0DEFAULT OMEGA BOUNDARY TEST OMITTED:    NO
0SIGMA HAS SIMPLE DIAGONAL FORM WITH DIMENSION:   1
0DEFAULT SIGMA BOUNDARY TEST OMITTED:    NO
0INITIAL ESTIMATE OF THETA:
 LOWER BOUND    INITIAL EST    UPPER BOUND
  0.1000E+00     0.9000E+01     0.1000E+03
  0.1000E+01     0.6000E+02     0.5000E+03
  0.5000E-01     0.3000E+01     0.2400E+02
  0.3000E+01     0.3000E+01     0.3000E+01
  0.1000E-02     0.5000E+00     0.3000E+01
  0.7000E+00     0.7000E+00     0.7000E+00
0INITIAL ESTIMATE OF OMEGA:
 0.9000E-01
 0.0000E+00   0.9000E-01
0INITIAL ESTIMATE OF SIGMA:
 0.1000E-01
0COVARIANCE STEP OMITTED:        NO
 EIGENVLS. PRINTED:              NO
 SPECIAL COMPUTATION:            NO
 COMPRESSED FORMAT:              NO
 GRADIENT METHOD USED:     NOSLOW
 SIGDIGITS ETAHAT (SIGLO):                  -1
 SIGDIGITS GRADIENTS (SIGL):                -1
 EXCLUDE COV FOR FOCE (NOFCOV):              NO
 Cholesky Transposition of R Matrix (CHOLROFF):0
 KNUTHSUMOFF:                                -1
 RESUME COV ANALYSIS (RESUME):               NO
 SIR SAMPLE SIZE (SIRSAMPLE):
 NON-LINEARLY TRANSFORM THETAS DURING COV (THBND): 1
 PRECONDTIONING CYCLES (PRECOND):        0
 PRECONDTIONING TYPES (PRECONDS):        TOS
 FORCED PRECONDTIONING CYCLES (PFCOND):0
 PRECONDTIONING TYPE (PRETYPE):        0
 FORCED POS. DEFINITE SETTING DURING PRECONDITIONING: (FPOSDEF):0
 SIMPLE POS. DEFINITE SETTING: (POSDEF):-1
0TABLES STEP OMITTED:    NO
 NO. OF TABLES:           1
 SEED NUMBER (SEED):    11456
 NPDTYPE:    0
 INTERPTYPE:    0
 RANMETHOD:             3U
 MC SAMPLES (ESAMPLE):    300
 WRES SQUARE ROOT TYPE (WRESCHOL): EIGENVALUE
0-- TABLE   1 --
0RECORDS ONLY:    ALL
04 COLUMNS APPENDED:    YES
 PRINTED:                NO
 HEADER:                YES
 FILE TO BE FORWARDED:   NO
 FORMAT:                S1PE11.4
 IDFORMAT:
 LFORMAT:
 RFORMAT:
 FIXED_EFFECT_ETAS:
0USER-CHOSEN ITEMS:
 ID TIME DV IPRED CWRES MDV WT
1DOUBLE PRECISION PREDPP VERSION 7.6.0 (nm760)

 GENERAL NONLINEAR KINETICS MODEL WITH STIFF/NONSTIFF EQUATIONS (LSODA, ADVAN13)
0MODEL SUBROUTINE USER-SUPPLIED - ID NO. 9999
0MAXIMUM NO. OF BASIC PK PARAMETERS:   2
0COMPARTMENT ATTRIBUTES
 COMPT. NO.   FUNCTION   INITIAL    ON/OFF      DOSE      DEFAULT    DEFAULT
                         STATUS     ALLOWED    ALLOWED    FOR DOSE   FOR OBS.
    1         TR1          ON         YES        YES        YES        NO
    2         TR2          ON         YES        YES        NO         NO
    3         TR3          ON         YES        YES        NO         NO
    4         TR4          ON         YES        YES        NO         NO
    5         CENTRAL      ON         YES        YES        NO         YES
    6         OUTPUT       OFF        YES        NO         NO         NO
 INITIAL (BASE) TOLERANCE SETTINGS:
 NRD (RELATIVE) VALUE(S) OF TOLERANCE:   9
 ANRD (ABSOLUTE) VALUE(S) OF TOLERANCE:  12
1
 ADDITIONAL PK PARAMETERS - ASSIGNMENT OF ROWS IN GG
 COMPT. NO.                             INDICES
              SCALE      BIOAVAIL.   ZERO-ORDER  ZERO-ORDER  ABSORB
                         FRACTION    RATE        DURATION    LAG
    1            *           4           *           *           3
    2            *           *           *           *           *
    3            *           *           *           *           *
    4            *           *           *           *           *
    5            *           *           *           *           *
    6            *           -           -           -           -
             - PARAMETER IS NOT ALLOWED FOR THIS MODEL
             * PARAMETER IS NOT SUPPLIED BY PK SUBROUTINE;
               WILL DEFAULT TO ONE IF APPLICABLE
0DATA ITEM INDICES USED BY PRED ARE:
   EVENT ID DATA ITEM IS DATA ITEM NO.:      4
   TIME DATA ITEM IS DATA ITEM NO.:          2
   DOSE AMOUNT DATA ITEM IS DATA ITEM NO.:   5
   COMPT. NO. DATA ITEM IS DATA ITEM NO.:    6

0PK SUBROUTINE CALLED WITH EVERY EVENT RECORD.
 PK SUBROUTINE NOT CALLED AT NONEVENT (ADDITIONAL OR LAGGED) DOSE TIMES.
0ERROR SUBROUTINE CALLED WITH EVERY EVENT RECORD.
0ERROR SUBROUTINE INDICATES THAT DERIVATIVES OF COMPARTMENT AMOUNTS ARE USED.
0DES SUBROUTINE USES COMPACT STORAGE MODE.
1


 #TBLN:      1
 #METH: First Order Conditional Estimation with Interaction

 ESTIMATION STEP OMITTED:                 NO
 SHRINK INFO WITH EVALUATION (EVALSHRINK) NO
 ANALYSIS TYPE:                           POPULATION
 NUMBER OF SADDLE POINT RESET ITERATIONS:      0
 GRADIENT METHOD USED:               NOSLOW
 CONDITIONAL ESTIMATES USED:              YES
 CENTERED ETA:                            NO
 EPS-ETA INTERACTION:                     YES
 LAPLACIAN OBJ. FUNC.:                    NO
 NO. OF FUNCT. EVALS. ALLOWED:            9999
 NO. OF SIG. FIGURES REQUIRED:            3
 INTERMEDIATE PRINTOUT:                   YES
 ESTIMATE OUTPUT TO MSF:                  NO
 ABORT WITH PRED EXIT CODE 1:             NO
 IND. OBJ. FUNC. VALUES SORTED:           NO
 NUMERICAL DERIVATIVE
       FILE REQUEST (NUMDER):               NONE
 MAP (ETAHAT) ESTIMATION METHOD (OPTMAP):   0
 ETA HESSIAN EVALUATION METHOD (ETADER):    0
 INITIAL ETA FOR MAP ESTIMATION (MCETA):    0
 SIGDIGITS FOR MAP ESTIMATION (SIGLO):      100
 GRADIENT SIGDIGITS OF
       FIXED EFFECTS PARAMETERS (SIGL):     100
 NOPRIOR SETTING (NOPRIOR):                 0
 NOCOV SETTING (NOCOV):                     OFF
 DERCONT SETTING (DERCONT):                 OFF
 FINAL ETA RE-EVALUATION (FNLETA):          1
 EXCLUDE NON-INFLUENTIAL (NON-INFL.) ETAS
       IN SHRINKAGE (ETASTYPE):             NO
 NON-INFL. ETA CORRECTION (NONINFETA):      0
 RAW OUTPUT FILE (FILE): transit_multidose_lag_f.ext
 EXCLUDE TITLE (NOTITLE):                   NO
 EXCLUDE COLUMN LABELS (NOLABEL):           NO
 FORMAT FOR ADDITIONAL FILES (FORMAT):      S1PE12.5
 PARAMETER ORDER FOR OUTPUTS (ORDER):       TSOL
 KNUTHSUMOFF:                               0
 INCLUDE LNTWOPI:                           NO
 INCLUDE CONSTANT TERM TO PRIOR (PRIORC):   NO
 INCLUDE CONSTANT TERM TO OMEGA (ETA) (OLNTWOPI):NO
 ADDITIONAL CONVERGENCE TEST (CTYPE=4)?:    NO
 EM OR BAYESIAN METHOD USED:                 NONE

 TOLERANCES FOR ESTIMATION/EVALUATION STEP:
 NRD (RELATIVE) VALUE(S) OF TOLERANCE:   9
 ANRD (ABSOLUTE) VALUE(S) OF TOLERANCE:  12
 TOLERANCES FOR COVARIANCE STEP:
 NRD (RELATIVE) VALUE(S) OF TOLERANCE:   9
 ANRD (ABSOLUTE) VALUE(S) OF TOLERANCE:  12
 TOLERANCES FOR TABLE/SCATTER STEP:
 NRD (RELATIVE) VALUE(S) OF TOLERANCE:   9
 ANRD (ABSOLUTE) VALUE(S) OF TOLERANCE:  12

 THE FOLLOWING LABELS ARE EQUIVALENT
 PRED=PREDI
 RES=RESI
 WRES=WRESI
 IWRS=IWRESI
 IPRD=IPREDI
 IRS=IRESI

 MONITORING OF SEARCH:


0ITERATION NO.:    0    OBJECTIVE VALUE:  -2458.58461531225        NO. OF FUNC. EVALS.:   7
 CUMULATIVE NO. OF FUNC. EVALS.:        7
 NPARAMETR:  9.0000E+00  6.0000E+01  3.0000E+00  5.0000E-01  9.0000E-02  9.0000E-02  1.0000E-02
 PARAMETER:  1.0000E-01  1.0000E-01  1.0000E-01  1.0000E-01  1.0000E-01  1.0000E-01  1.0000E-01
 GRADIENT:   7.1746E+00  4.2390E+01 -1.7074E+02 -5.0654E+02  1.1258E+01  4.7649E+00  2.0516E+01

0ITERATION NO.:    5    OBJECTIVE VALUE:  -2462.84234440385        NO. OF FUNC. EVALS.:  49
 CUMULATIVE NO. OF FUNC. EVALS.:       56
 NPARAMETR:  8.8383E+00  5.2832E+01  3.0088E+00  5.0158E-01  8.2379E-02  8.6387E-02  9.8899E-03
 PARAMETER:  7.9891E-02 -4.5682E-02  1.0341E-01  1.0379E-01  5.5758E-02  7.9511E-02  9.4465E-02
 GRADIENT:  -3.8724E+00 -9.6039E+00 -7.5027E+00  2.4033E+01  8.5334E+00  6.7546E+00  1.3432E+01

0ITERATION NO.:   10    OBJECTIVE VALUE:  -2463.82500484970        NO. OF FUNC. EVALS.:  41
 CUMULATIVE NO. OF FUNC. EVALS.:       97
 NPARAMETR:  8.9212E+00  5.3877E+01  3.0099E+00  5.0140E-01  6.6621E-02  7.2788E-02  9.7741E-03
 PARAMETER:  9.0237E-02 -2.3383E-02  1.0384E-01  1.0335E-01 -5.0398E-02 -6.1266E-03  8.8575E-02
 GRADIENT:   3.9642E-01 -3.6276E-01 -8.9804E-01 -1.1748E+00 -2.6922E-01 -9.0316E-02 -4.1877E-02

0ITERATION NO.:   15    OBJECTIVE VALUE:  -2463.83292129546        NO. OF FUNC. EVALS.:  76
 CUMULATIVE NO. OF FUNC. EVALS.:      173
 NPARAMETR:  8.9556E+00  5.3998E+01  3.0101E+00  5.0141E-01  6.6972E-02  7.2929E-02  9.7763E-03
 PARAMETER:  9.4510E-02 -2.0822E-02  1.0391E-01  1.0340E-01 -4.7770E-02 -5.1650E-03  8.8687E-02
 GRADIENT:   1.0770E-03  3.4825E-03 -1.7163E-03 -1.0306E-02 -3.4181E-04 -1.0670E-03 -1.0779E-03

0ITERATION NO.:   16    OBJECTIVE VALUE:  -2463.83292129546        NO. OF FUNC. EVALS.:  10
 CUMULATIVE NO. OF FUNC. EVALS.:      183
 NPARAMETR:  8.9556E+00  5.3998E+01  3.0101E+00  5.0141E-01  6.6972E-02  7.2929E-02  9.7763E-03
 PARAMETER:  9.4510E-02 -2.0822E-02  1.0391E-01  1.0340E-01 -4.7770E-02 -5.1650E-03  8.8687E-02
 GRADIENT:   1.0770E-03  3.4825E-03 -1.7163E-03 -1.0306E-02 -3.4181E-04 -1.0670E-03 -1.0779E-03

 #TERM:
0MINIMIZATION SUCCESSFUL
 NO. OF FUNCTION EVALUATIONS USED:      183
 NO. OF SIG. DIGITS IN FINAL EST.:  3.9

 ETABAR IS THE ARITHMETIC MEAN OF THE ETA-ESTIMATES,
 AND THE P-VALUE IS GIVEN FOR THE NULL HYPOTHESIS THAT THE TRUE MEAN IS 0.

 ETABAR:         5.3140E-04 -7.4715E-04
 SE:             5.2334E-02  5.4218E-02
 N:                      24          24

 P VAL.:         9.9190E-01  9.8901E-01

 ETASHRINKSD(%)  9.3020E-01  1.6432E+00
 ETASHRINKVR(%)  1.8518E+00  3.2594E+00
 EBVSHRINKSD(%)  7.7025E-01  1.5446E+00
 EBVSHRINKVR(%)  1.5346E+00  3.0653E+00
 RELATIVEINF(%)  9.8459E+01  9.6928E+01
 EPSSHRINKSD(%)  3.8989E+00
 EPSSHRINKVR(%)  7.6458E+00

  
 TOTAL DATA POINTS NORMALLY DISTRIBUTED (N):          600
 N*LOG(2PI) CONSTANT TO OBJECTIVE FUNCTION:    1102.7262398456071     
 OBJECTIVE FUNCTION VALUE WITHOUT CONSTANT:   -2463.8329212954563     
 OBJECTIVE FUNCTION VALUE WITH CONSTANT:      -1361.1066814498492     
 REPORTED OBJECTIVE FUNCTION DOES NOT CONTAIN CONSTANT
  
 TOTAL EFFECTIVE ETAS (NIND*NETA):                            48
  
 #TERE:
 Elapsed estimation  time in seconds:   111.73
 Elapsed covariance  time in seconds:    73.15
 Elapsed postprocess time in seconds:     0.77
1
 
 
 
 
 
 
 
 
 
 
 
 
 
 
 
 
 
 
 
 
 ************************************************************************************************************************
 ********************                                                                                ********************
 ********************               FIRST ORDER CONDITIONAL ESTIMATION WITH INTERACTION              ********************
 #OBJT:**************                       MINIMUM VALUE OF OBJECTIVE FUNCTION                      ********************
 ********************                                                                                ********************
 ************************************************************************************************************************
 





 #OBJV:********************************************         -2463.833       *********************************************
1
 ************************************************************************************************************************
 ********************                                                                                ********************
 ********************               FIRST ORDER CONDITIONAL ESTIMATION WITH INTERACTION              ********************
 ********************                             FINAL PARAMETER ESTIMATE                           ********************
 ********************                                                                                ********************
 ************************************************************************************************************************
 


 THETA - VECTOR OF FIXED EFFECTS PARAMETERS   *********


         TH 1      TH 2      TH 3      TH 4      TH 5      TH 6     
 
         8.96E+00  5.40E+01  3.01E+00  3.00E+00  5.01E-01  7.00E-01
 


 OMEGA - COV MATRIX FOR RANDOM EFFECTS - ETAS  ********


         ETA1      ETA2     
 
 ETA1
+        6.70E-02
 
 ETA2
+        0.00E+00  7.29E-02
 


 SIGMA - COV MATRIX FOR RANDOM EFFECTS - EPSILONS  ****


         EPS1     
 
 EPS1
+        9.78E-03
 
1


 OMEGA - CORR MATRIX FOR RANDOM EFFECTS - ETAS  *******


         ETA1      ETA2     
 
 ETA1
+        2.59E-01
 
 ETA2
+        0.00E+00  2.70E-01
 


 SIGMA - CORR MATRIX FOR RANDOM EFFECTS - EPSILONS  ***


         EPS1     
 
 EPS1
+        9.89E-02
 
1
 ************************************************************************************************************************
 ********************                                                                                ********************
 ********************               FIRST ORDER CONDITIONAL ESTIMATION WITH INTERACTION              ********************
 ********************                            STANDARD ERROR OF ESTIMATE                          ********************
 ********************                                                                                ********************
 ************************************************************************************************************************
 


 THETA - VECTOR OF FIXED EFFECTS PARAMETERS   *********


         TH 1      TH 2      TH 3      TH 4      TH 5      TH 6     
 
         4.88E-01  3.14E+00  2.05E-02 .........  1.54E-03 .........
 


 OMEGA - COV MATRIX FOR RANDOM EFFECTS - ETAS  ********


         ETA1      ETA2     
 
 ETA1
+        1.88E-02
 
 ETA2
+       .........  1.48E-02
 


 SIGMA - COV MATRIX FOR RANDOM EFFECTS - EPSILONS  ****


         EPS1     
 
 EPS1
+        6.95E-04
 
1


 OMEGA - CORR MATRIX FOR RANDOM EFFECTS - ETAS  *******


         ETA1      ETA2     
 
 ETA1
+        3.62E-02
 
 ETA2
+       .........  2.73E-02
 


 SIGMA - CORR MATRIX FOR RANDOM EFFECTS - EPSILONS  ***


         EPS1     
 
 EPS1
+        3.52E-03
 
1
 ************************************************************************************************************************
 ********************                                                                                ********************
 ********************               FIRST ORDER CONDITIONAL ESTIMATION WITH INTERACTION              ********************
 ********************                          COVARIANCE MATRIX OF ESTIMATE                         ********************
 ********************                                                                                ********************
 ************************************************************************************************************************
 

            TH 1      TH 2      TH 3      TH 4      TH 5      TH 6      OM11      OM12      OM22      SG11  
 
 TH 1
+        2.38E-01
 
 TH 2
+       -5.91E-01  9.83E+00
 
 TH 3
+        4.28E-03 -9.41E-03  4.20E-04
 
 TH 4
+       ......... ......... ......... .........
 
 TH 5
+       -1.53E-04 -5.70E-04 -1.28E-05 .........  2.38E-06
 
 TH 6
+       ......... ......... ......... ......... ......... .........
 
 OM11
+       -2.35E-03  2.60E-02 -2.92E-05 ......... -6.79E-06 .........  3.52E-04
 
 OM12
+       ......... ......... ......... ......... ......... ......... ......... .........
 
 OM22
+       -5.82E-04 -1.56E-02  3.07E-05 .........  1.95E-06 ......... -8.93E-06 .........  2.18E-04
 
 SG11
+       -1.59E-04  2.57E-04  2.20E-07 ......... -3.75E-07 .........  1.41E-06 .........  1.46E-06  4.83E-07
 
1
 ************************************************************************************************************************
 ********************                                                                                ********************
 ********************               FIRST ORDER CONDITIONAL ESTIMATION WITH INTERACTION              ********************
 ********************                          CORRELATION MATRIX OF ESTIMATE                        ********************
 ********************                                                                                ********************
 ************************************************************************************************************************
 

            TH 1      TH 2      TH 3      TH 4      TH 5      TH 6      OM11      OM12      OM22      SG11  
 
 TH 1
+        4.88E-01
 
 TH 2
+       -3.86E-01  3.14E+00
 
 TH 3
+        4.28E-01 -1.46E-01  2.05E-02
 
 TH 4
+       ......... ......... ......... .........
 
 TH 5
+       -2.03E-01 -1.18E-01 -4.04E-01 .........  1.54E-03
 
 TH 6
+       ......... ......... ......... ......... ......... .........
 
 OM11
+       -2.56E-01  4.43E-01 -7.59E-02 ......... -2.35E-01 .........  1.88E-02
 
 OM12
+       ......... ......... ......... ......... ......... ......... ......... .........
 
 OM22
+       -8.08E-02 -3.37E-01  1.01E-01 .........  8.54E-02 ......... -3.22E-02 .........  1.48E-02
 
 SG11
+       -4.70E-01  1.18E-01  1.54E-02 ......... -3.49E-01 .........  1.08E-01 .........  1.42E-01  6.95E-04
 
1
 ************************************************************************************************************************
 ********************                                                                                ********************
 ********************               FIRST ORDER CONDITIONAL ESTIMATION WITH INTERACTION              ********************
 ********************                      INVERSE COVARIANCE MATRIX OF ESTIMATE                     ********************
 ********************                                                                                ********************
 ************************************************************************************************************************
 

            TH 1      TH 2      TH 3      TH 4      TH 5      TH 6      OM11      OM12      OM22      SG11  
 
 TH 1
+        1.01E+01
 
 TH 2
+        4.87E-01  1.73E-01
 
 TH 3
+       -6.16E+01 -1.29E+00  3.51E+03
 
 TH 4
+       ......... ......... ......... .........
 
 TH 5
+        1.09E+03  4.47E+01  1.47E+04 .........  7.75E+05
 
 TH 6
+       ......... ......... ......... ......... ......... .........
 
 OM11
+        3.36E+01 -8.87E+00  2.72E+02 .........  1.63E+04 .........  3.97E+03
 
 OM12
+       ......... ......... ......... ......... ......... ......... ......... .........
 
 OM22
+        3.71E+01  1.25E+01 -8.16E+02 ......... -8.27E+03 ......... -6.92E+02 .........  5.84E+03
 
 SG11
+        3.75E+03  9.20E+01 -8.12E+03 .........  9.09E+05 .........  1.89E+04 ......... -1.60E+04  3.96E+06
 
 Elapsed finaloutput time in seconds:     0.05
 #CPUT: Total CPU Time in Seconds,      186.231
Stop Time:
Sun Jul 12 07:24:39 PM UTC 2026
