Mon Sep 28 08:55:26 PM UTC 2026
$PROBLEM one_cpt_transit + IOV on CL and MTT, per-dose kernel (fixed at dose) -- ferx #1569 anchor
; Reference for ferx's transit ODE twin under IOV on an ABSORPTION parameter, with doses still
; absorbing when their occasion's successor begins. Each dose keeps the MTT of its own dose
; record; the disposition (K10) is the current record's -- NONMEM end-of-interval, the same
; convention as ferx (#1073). $DES superposes all four doses' Savic densities.
;
; Holding a per-dose MTT: NM-TRAN zeroes an ETA-dependent variable whose IF fails (WARNING 3)
; and rejects one set in a nested IF (error 326), so a kernel cannot simply be carried from the
; dose record. What IS carried is the dose's OCCASION (data, not random): ODn below. Every
; record then rebuilds dose n's MTT from that occasion's ETA through Lagrange weights in
; ODn = 1..3 -- no IF at all, so the ETA dependence (and its derivatives) is defined everywhere.
;
; transit_iov.ctl reads the CURRENT MTT/NN for the one dose it tracks (PODO/TDOS). That is the
; rule #1569 removes: an MTT switch mid-absorption splices two densities and does not conserve
; the dose's mass. With IOV on CL only (that anchor's design) the two rules coincide.
;
; Data (transit_iov_mtt.csv, simulate_absorption_iov_carryover_data.py): 24 subjects, doses of
; 100 at 0/6/12/18 h. Occasion 2 begins at the OBSERVATION record t = 8.5 while dose 2 is still
; ~85 % unabsorbed; occasion 3 begins at the DOSE record t = 18 while dose 3 is still ~15 %
; unabsorbed. FOCEI estimate from the simulation truth; ferx is evaluated at NONMEM's optimum
; on the same csv (tests/transit_iov_mtt_nonmem_anchor.rs).

$INPUT ID TIME DV EVID AMT CMT MDV OCC
$DATA transit_iov_mtt.csv IGNORE=@

$SUBROUTINES ADVAN13 TOL=12
$MODEL
  COMP=(CENTRAL,DEFDOSE,DEFOBS)   ; 1 = central (dose lands here; bolus suppressed by F1=0)

$PK
  TVCL  = THETA(1)
  TVV   = THETA(2)
  TVMTT = THETA(3)
  TVN   = THETA(4)

  ; ---- IOV on CL (current record) ----
  OCC1 = 0
  OCC2 = 0
  OCC3 = 0
  IF (OCC.EQ.1) OCC1 = 1
  IF (OCC.EQ.2) OCC2 = 1
  IF (OCC.EQ.3) OCC3 = 1
  IOVCL = OCC1*ETA(3) + OCC2*ETA(4) + OCC3*ETA(5)
  CL  = TVCL*EXP(ETA(1) + IOVCL)
  V   = TVV *EXP(ETA(2))
  K10 = CL/V

  ; ---- each occasion's MTT (IOV on MTT: ETA(6..8)) ----
  MTO1 = TVMTT*EXP(ETA(6))
  MTO2 = TVMTT*EXP(ETA(7))
  MTO3 = TVMTT*EXP(ETA(8))
  NN   = TVN

  ; ---- ln Gamma(NN+1) via Lanczos g=7, n=9 -------------------------------------
  ; Byte-for-byte the coefficients in ferx src/stats/special.rs::ln_gamma.
  XX  = NN
  AA  = 0.99999999999980993
  AA  = AA + 676.5203681218851      / (XX + 1.0)
  AA  = AA - 1259.1392167224028     / (XX + 2.0)
  AA  = AA + 771.32342877765313     / (XX + 3.0)
  AA  = AA - 176.61502916214059     / (XX + 4.0)
  AA  = AA + 12.507343278686905     / (XX + 5.0)
  AA  = AA - 0.13857109526572012    / (XX + 6.0)
  AA  = AA + 9.9843695780195716E-06 / (XX + 7.0)
  AA  = AA + 1.5056327351493116E-07 / (XX + 8.0)
  TG  = XX + 7.5
  LNG = 0.91893853320467274 + (XX + 0.5)*LOG(TG) - TG + LOG(AA)   ; = ln Gamma(NN+1)

  ; ---- per dose: its time, amount and occasion, captured at its dose record ----------
  IF (NEWIND.NE.2) THEN
    NDS = 0
    OD1 = 1
    OD2 = 1
    OD3 = 1
    OD4 = 1
  ENDIF
  NEWD = 0
  IF (AMT.GT.0.0.AND.CMT.EQ.1) NEWD = 1
  NDS = NDS + NEWD
  IF (NEWD.EQ.1.AND.NDS.EQ.1) THEN
    TD1 = TIME
    AM1 = AMT
    OD1 = OCC
  ENDIF
  IF (NEWD.EQ.1.AND.NDS.EQ.2) THEN
    TD2 = TIME
    AM2 = AMT
    OD2 = OCC
  ENDIF
  IF (NEWD.EQ.1.AND.NDS.EQ.3) THEN
    TD3 = TIME
    AM3 = AMT
    OD3 = OCC
  ENDIF
  IF (NEWD.EQ.1.AND.NDS.EQ.4) THEN
    TD4 = TIME
    AM4 = AMT
    OD4 = OCC
  ENDIF
  ; ---- each dose's kernel from ITS occasion (Lagrange weights: 1 at ODn, 0 at the others)
  MT1 = MTO1*(2-OD1)*(3-OD1)/2 + MTO2*(OD1-1)*(3-OD1) + MTO3*(OD1-1)*(OD1-2)/2
  MT2 = MTO1*(2-OD2)*(3-OD2)/2 + MTO2*(OD2-1)*(3-OD2) + MTO3*(OD2-1)*(OD2-2)/2
  MT3 = MTO1*(2-OD3)*(3-OD3)/2 + MTO2*(OD3-1)*(3-OD3) + MTO3*(OD3-1)*(OD3-2)/2
  MT4 = MTO1*(2-OD4)*(3-OD4)/2 + MTO2*(OD4-1)*(3-OD4) + MTO3*(OD4-1)*(OD4-2)/2
  KT1 = (NN + 1.0)/MT1
  KT2 = (NN + 1.0)/MT2
  KT3 = (NN + 1.0)/MT3
  KT4 = (NN + 1.0)/MT4
  F1  = 0.0

$DES
  ; R_in = sum over arrived doses of AMn * KTn*(KTn*tad)^NN * exp(-KTn*tad) / Gamma(NN+1)
  RIN = 0.0
  TA1 = T - TD1
  TA2 = T - TD2
  TA3 = T - TD3
  TA4 = T - TD4
  IF (NDS.GE.1.AND.TA1.GT.0.0) RIN = RIN + EXP(LOG(AM1*KT1) + NN*LOG(KT1*TA1) - KT1*TA1 - LNG)
  IF (NDS.GE.2.AND.TA2.GT.0.0) RIN = RIN + EXP(LOG(AM2*KT2) + NN*LOG(KT2*TA2) - KT2*TA2 - LNG)
  IF (NDS.GE.3.AND.TA3.GT.0.0) RIN = RIN + EXP(LOG(AM3*KT3) + NN*LOG(KT3*TA3) - KT3*TA3 - LNG)
  IF (NDS.GE.4.AND.TA4.GT.0.0) RIN = RIN + EXP(LOG(AM4*KT4) + NN*LOG(KT4*TA4) - KT4*TA4 - LNG)
  DADT(1) = RIN - K10*A(1)

$ERROR
  IPRED = A(1)/V
  Y = IPRED*(1.0 + EPS(1))

$THETA
  (0.1,  5.0,  100)   ; 1 TVCL
  (1.0,  30.0, 500)   ; 2 TVV
  (0.05, 3.0,  24)    ; 3 TVMTT
  (0.1,  3.0,  30)    ; 4 TVN

$OMEGA
  0.09    ; IIV CL (ETA1)
  0.04    ; IIV V  (ETA2)

$OMEGA BLOCK(1) 0.04   ; IOV CL (ETA3), occasion 1
$OMEGA BLOCK(1) SAME   ;        (ETA4), occasion 2
$OMEGA BLOCK(1) SAME   ;        (ETA5), occasion 3
$OMEGA BLOCK(1) 0.09   ; IOV MTT (ETA6), occasion 1
$OMEGA BLOCK(1) SAME   ;         (ETA7), occasion 2
$OMEGA BLOCK(1) SAME   ;         (ETA8), occasion 3

$SIGMA
  0.01    ; proportional residual variance (0.1^2)

$ESTIMATION METHOD=1 INTER MAXEVAL=9999 PRINT=5 NOABORT FORMAT=s1PE23.16
$TABLE ID TIME DV IPRED PRED MDV OCC NOPRINT ONEHEADER FORMAT=s1PE21.13 FILE=transit_iov_mtt.tab

NM-TRAN MESSAGES
  
 WARNINGS AND ERRORS (IF ANY) FOR PROBLEM    1
             
 (WARNING  2) NM-TRAN INFERS THAT THE DATA ARE POPULATION.
  
Note: Analytical 2nd Derivatives are constructed in FSUBS but are never used.
      You may insert $ABBR DERIV2=NO after the first $PROB to save FSUBS construction and compilation time
  

License Registered to:  InsightRX
Expiration Date:    14 AUG 2027
Current Date:       28 SEP 2026
Days until program expires : 321
1NONLINEAR MIXED EFFECTS MODEL PROGRAM (NONMEM) VERSION 7.6.0 (nm760)
 ORIGINALLY DEVELOPED BY STUART BEAL, LEWIS SHEINER, AND ALISON BOECKMANN
 CURRENT DEVELOPERS ARE ROBERT BAUER, ICON DEVELOPMENT SOLUTIONS,
 AND ALISON BOECKMANN. IMPLEMENTATION, EFFICIENCY, AND STANDARDIZATION
 PERFORMED BY NOUS INFOSYSTEMS.

 PROBLEM NO.:         1
 one_cpt_transit + IOV on CL and MTT, per-dose kernel (fixed at dose) --
0DATA CHECKOUT RUN:              NO
 DATA SET LOCATED ON UNIT NO.:    2
 THIS UNIT TO BE REWOUND:        NO
 CREATE/ADD TO FDATA.csv:        YES
 NO. OF DATA RECS IN DATA SET:      456
 NO. OF DATA ITEMS IN DATA SET:   8
 ID DATA ITEM IS DATA ITEM NO.:   1
 DEP VARIABLE IS DATA ITEM NO.:   3
 MDV DATA ITEM IS DATA ITEM NO.:  7
0INDICES PASSED TO SUBROUTINE PRED:
   4   2   5   0   0   0   6   0   0   0   0
0LABELS FOR DATA ITEMS:
 ID TIME DV EVID AMT CMT MDV OCC
0(NONBLANK) LABELS FOR PRED-DEFINED ITEMS:
 IPRED
0FORMAT FOR DATA:
 (8E9.0)

 TOT. NO. OF OBS RECS:      360
 TOT. NO. OF INDIVIDUALS:       24
0LENGTH OF THETA:   4
0DEFAULT THETA BOUNDARY TEST OMITTED:    NO
0OMEGA HAS BLOCK FORM:
  1
  0  2
  0  0  3
  0  0  0  3
  0  0  0  0  3
  0  0  0  0  0  4
  0  0  0  0  0  0  4
  0  0  0  0  0  0  0  4
0DEFAULT OMEGA BOUNDARY TEST OMITTED:    NO
0SIGMA HAS SIMPLE DIAGONAL FORM WITH DIMENSION:   1
0DEFAULT SIGMA BOUNDARY TEST OMITTED:    NO
0INITIAL ESTIMATE OF THETA:
 LOWER BOUND    INITIAL EST    UPPER BOUND
  0.1000E+00     0.5000E+01     0.1000E+03
  0.1000E+01     0.3000E+02     0.5000E+03
  0.5000E-01     0.3000E+01     0.2400E+02
  0.1000E+00     0.3000E+01     0.3000E+02
0INITIAL ESTIMATE OF OMEGA:
 BLOCK SET NO.   BLOCK                                                                    FIXED
        1                                                                                   NO
                  0.9000E-01
        2                                                                                   NO
                  0.4000E-01
        3                                                                                   NO
                  0.4000E-01
        4                                                                                   NO
                  0.9000E-01
0INITIAL ESTIMATE OF SIGMA:
 0.1000E-01
0TABLES STEP OMITTED:    NO
 NO. OF TABLES:           1
 SEED NUMBER (SEED):    11456
 NPDTYPE:    0
 INTERPTYPE:    0
 RANMETHOD:             3U
 MC SAMPLES (ESAMPLE):    300
 WRES SQUARE ROOT TYPE (WRESCHOL): EIGENVALUE
0-- TABLE   1 --
0RECORDS ONLY:    ALL
04 COLUMNS APPENDED:    YES
 PRINTED:                NO
 HEADER:                YES
 FILE TO BE FORWARDED:   NO
 FORMAT:                s1PE21.13
 IDFORMAT:
 LFORMAT:
 RFORMAT:
 FIXED_EFFECT_ETAS:
0USER-CHOSEN ITEMS:
 ID TIME DV IPRED MDV OCC
1DOUBLE PRECISION PREDPP VERSION 7.6.0 (nm760)

 GENERAL NONLINEAR KINETICS MODEL WITH STIFF/NONSTIFF EQUATIONS (LSODA, ADVAN13)
0MODEL SUBROUTINE USER-SUPPLIED - ID NO. 9999
0MAXIMUM NO. OF BASIC PK PARAMETERS:  16
0COMPARTMENT ATTRIBUTES
 COMPT. NO.   FUNCTION   INITIAL    ON/OFF      DOSE      DEFAULT    DEFAULT
                         STATUS     ALLOWED    ALLOWED    FOR DOSE   FOR OBS.
    1         CENTRAL      ON         YES        YES        YES        YES
    2         OUTPUT       OFF        YES        NO         NO         NO
 INITIAL (BASE) TOLERANCE SETTINGS:
 NRD (RELATIVE) VALUE(S) OF TOLERANCE:  12
 ANRD (ABSOLUTE) VALUE(S) OF TOLERANCE:  12
1
 ADDITIONAL PK PARAMETERS - ASSIGNMENT OF ROWS IN GG
 COMPT. NO.                             INDICES
              SCALE      BIOAVAIL.   ZERO-ORDER  ZERO-ORDER  ABSORB
                         FRACTION    RATE        DURATION    LAG
    1            *          17           *           *           *
    2            *           -           -           -           -
             - PARAMETER IS NOT ALLOWED FOR THIS MODEL
             * PARAMETER IS NOT SUPPLIED BY PK SUBROUTINE;
               WILL DEFAULT TO ONE IF APPLICABLE
0DATA ITEM INDICES USED BY PRED ARE:
   EVENT ID DATA ITEM IS DATA ITEM NO.:      4
   TIME DATA ITEM IS DATA ITEM NO.:          2
   DOSE AMOUNT DATA ITEM IS DATA ITEM NO.:   5
   COMPT. NO. DATA ITEM IS DATA ITEM NO.:    6

0PK SUBROUTINE CALLED WITH EVERY EVENT RECORD.
 PK SUBROUTINE NOT CALLED AT NONEVENT (ADDITIONAL OR LAGGED) DOSE TIMES.
0ERROR SUBROUTINE CALLED WITH EVERY EVENT RECORD.
0ERROR SUBROUTINE INDICATES THAT DERIVATIVES OF COMPARTMENT AMOUNTS ARE USED.
0DES SUBROUTINE USES COMPACT STORAGE MODE.
1


 #TBLN:      1
 #METH: First Order Conditional Estimation with Interaction

 ESTIMATION STEP OMITTED:                 NO
 SHRINK INFO WITH EVALUATION (EVALSHRINK) NO
 ANALYSIS TYPE:                           POPULATION
 NUMBER OF SADDLE POINT RESET ITERATIONS:      0
 GRADIENT METHOD USED:               NOSLOW
 CONDITIONAL ESTIMATES USED:              YES
 CENTERED ETA:                            NO
 EPS-ETA INTERACTION:                     YES
 LAPLACIAN OBJ. FUNC.:                    NO
 NO. OF FUNCT. EVALS. ALLOWED:            9999
 NO. OF SIG. FIGURES REQUIRED:            3
 INTERMEDIATE PRINTOUT:                   YES
 ESTIMATE OUTPUT TO MSF:                  NO
 ABORT WITH PRED EXIT CODE 1:             NO
 IND. OBJ. FUNC. VALUES SORTED:           NO
 NUMERICAL DERIVATIVE
       FILE REQUEST (NUMDER):               NONE
 MAP (ETAHAT) ESTIMATION METHOD (OPTMAP):   0
 ETA HESSIAN EVALUATION METHOD (ETADER):    0
 INITIAL ETA FOR MAP ESTIMATION (MCETA):    0
 SIGDIGITS FOR MAP ESTIMATION (SIGLO):      100
 GRADIENT SIGDIGITS OF
       FIXED EFFECTS PARAMETERS (SIGL):     100
 NOPRIOR SETTING (NOPRIOR):                 0
 NOCOV SETTING (NOCOV):                     OFF
 DERCONT SETTING (DERCONT):                 OFF
 FINAL ETA RE-EVALUATION (FNLETA):          1
 EXCLUDE NON-INFLUENTIAL (NON-INFL.) ETAS
       IN SHRINKAGE (ETASTYPE):             NO
 NON-INFL. ETA CORRECTION (NONINFETA):      0
 RAW OUTPUT FILE (FILE): transit_iov_mtt.ext
 EXCLUDE TITLE (NOTITLE):                   NO
 EXCLUDE COLUMN LABELS (NOLABEL):           NO
 FORMAT FOR ADDITIONAL FILES (FORMAT):       1PE23.16
 PARAMETER ORDER FOR OUTPUTS (ORDER):       TSOL
 KNUTHSUMOFF:                               0
 INCLUDE LNTWOPI:                           NO
 INCLUDE CONSTANT TERM TO PRIOR (PRIORC):   NO
 INCLUDE CONSTANT TERM TO OMEGA (ETA) (OLNTWOPI):NO
 ADDITIONAL CONVERGENCE TEST (CTYPE=4)?:    NO
 EM OR BAYESIAN METHOD USED:                 NONE

 TOLERANCES FOR ESTIMATION/EVALUATION STEP:
 NRD (RELATIVE) VALUE(S) OF TOLERANCE:  12
 ANRD (ABSOLUTE) VALUE(S) OF TOLERANCE:  12
 TOLERANCES FOR COVARIANCE STEP:
 NRD (RELATIVE) VALUE(S) OF TOLERANCE:  12
 ANRD (ABSOLUTE) VALUE(S) OF TOLERANCE:  12
 TOLERANCES FOR TABLE/SCATTER STEP:
 NRD (RELATIVE) VALUE(S) OF TOLERANCE:  12
 ANRD (ABSOLUTE) VALUE(S) OF TOLERANCE:  12

 THE FOLLOWING LABELS ARE EQUIVALENT
 PRED=PREDI
 RES=RESI
 WRES=WRESI
 IWRS=IWRESI
 IPRD=IPREDI
 IRS=IRESI

 MONITORING OF SEARCH:


0ITERATION NO.:    0    OBJECTIVE VALUE:  -516.887439606699        NO. OF FUNC. EVALS.:   7
 CUMULATIVE NO. OF FUNC. EVALS.:        7
 NPARAMETR:  5.0000E+00  3.0000E+01  3.0000E+00  3.0000E+00  9.0000E-02  4.0000E-02  4.0000E-02  9.0000E-02  1.0000E-02
 PARAMETER:  1.0000E-01  1.0000E-01  1.0000E-01  1.0000E-01  1.0000E-01  1.0000E-01  1.0000E-01  1.0000E-01  1.0000E-01
 GRADIENT:  -3.4297E+01 -3.8731E+01 -9.4121E+01 -3.9798E+01 -1.3050E+01 -6.6519E+00 -1.5727E+00  2.2514E+01  8.1461E+00

0ITERATION NO.:    5    OBJECTIVE VALUE:  -527.894670953057        NO. OF FUNC. EVALS.:  44
 CUMULATIVE NO. OF FUNC. EVALS.:       51
 NPARAMETR:  5.4305E+00  3.1162E+01  3.2813E+00  3.0295E+00  1.0908E-01  4.4489E-02  4.1145E-02  5.8273E-02  9.7907E-03
 PARAMETER:  1.8875E-01  1.4178E-01  2.0455E-01  1.1121E-01  1.9616E-01  1.5318E-01  1.1411E-01 -1.1734E-01  8.9426E-02
 GRADIENT:   5.7045E+00  2.7503E+00  1.1940E+01  6.1271E+00 -2.0216E+00 -1.7219E+00 -9.2007E-01 -9.5630E+00 -1.5296E+00

0ITERATION NO.:   10    OBJECTIVE VALUE:  -528.105543014776        NO. OF FUNC. EVALS.:  45
 CUMULATIVE NO. OF FUNC. EVALS.:       96
 NPARAMETR:  5.4477E+00  3.1187E+01  3.2741E+00  3.0297E+00  1.1491E-01  4.9456E-02  4.2011E-02  6.0786E-02  9.7405E-03
 PARAMETER:  1.9216E-01  1.4264E-01  2.0197E-01  1.1128E-01  2.2217E-01  2.0611E-01  1.2453E-01 -9.6222E-02  8.6854E-02
 GRADIENT:   7.3398E+00  2.9313E+00  8.7361E+00  4.9431E+00 -3.3034E-02  1.2480E+00  4.1037E-01 -5.1214E+00 -1.6647E+00

0ITERATION NO.:   15    OBJECTIVE VALUE:  -528.197036879937        NO. OF FUNC. EVALS.:  67
 CUMULATIVE NO. OF FUNC. EVALS.:      163
 NPARAMETR:  5.4670E+00  3.1181E+01  3.2677E+00  3.0253E+00  1.1527E-01  4.7271E-02  4.1273E-02  6.3915E-02  9.7914E-03
 PARAMETER:  1.9597E-01  1.4243E-01  1.9970E-01  1.0963E-01  2.2371E-01  1.8351E-01  1.1566E-01 -7.1131E-02  8.9460E-02
 GRADIENT:  -1.5701E-02  9.9035E-03 -1.6905E-02 -3.4541E-02 -1.4921E-02 -3.1288E-03 -4.7959E-04  4.2825E-03  9.6408E-03

0ITERATION NO.:   16    OBJECTIVE VALUE:  -528.197036879937        NO. OF FUNC. EVALS.:  10
 CUMULATIVE NO. OF FUNC. EVALS.:      173
 NPARAMETR:  5.4670E+00  3.1181E+01  3.2677E+00  3.0253E+00  1.1527E-01  4.7271E-02  4.1273E-02  6.3915E-02  9.7914E-03
 PARAMETER:  1.9597E-01  1.4243E-01  1.9970E-01  1.0963E-01  2.2371E-01  1.8351E-01  1.1566E-01 -7.1131E-02  8.9460E-02
 GRADIENT:  -1.5701E-02  9.9035E-03 -1.6905E-02 -3.4541E-02 -1.4921E-02 -3.1288E-03 -4.7959E-04  4.2825E-03  9.6408E-03

 #TERM:
0MINIMIZATION SUCCESSFUL
 NO. OF FUNCTION EVALUATIONS USED:      173
 NO. OF SIG. DIGITS IN FINAL EST.:  3.0

 ETABAR IS THE ARITHMETIC MEAN OF THE ETA-ESTIMATES,
 AND THE P-VALUE IS GIVEN FOR THE NULL HYPOTHESIS THAT THE TRUE MEAN IS 0.

 ETABAR:         7.1129E-03 -2.7643E-02  9.7264E-03  2.9496E-02 -3.6675E-02 -3.4160E-02  3.4894E-03  5.5084E-02
 SE:             6.4041E-02  3.9925E-02  2.9000E-02  2.8201E-02  2.9114E-02  5.8849E-02  3.9780E-02  3.5521E-02
 N:                      24          24          24          24          24          24          24          24

 P VAL.:         9.1156E-01  4.8870E-01  7.3733E-01  2.9560E-01  2.0777E-01  5.6160E-01  9.3010E-01  1.2096E-01

 ETASHRINKSD(%)  7.5677E+00  9.1462E+00  2.9904E+01  3.0462E+01  2.7510E+01  1.0000E-10  2.2902E+01  2.7802E+01
 ETASHRINKVR(%)  1.4563E+01  1.7456E+01  5.0865E+01  5.1645E+01  4.7452E+01  1.0000E-10  4.0558E+01  4.7875E+01
 EBVSHRINKSD(%)  6.3473E+00  1.1133E+01  3.4605E+01  2.6219E+01  2.8634E+01  1.6138E+00  1.4392E+01  1.4613E+01
 EBVSHRINKVR(%)  1.2292E+01  2.1027E+01  5.7235E+01  4.5563E+01  4.9070E+01  3.2016E+00  2.6713E+01  2.7091E+01
 RELATIVEINF(%)  0.0000E+00  7.0368E+01  0.0000E+00  0.0000E+00  0.0000E+00  9.5301E+01  7.1282E+01  7.0188E+01
 EPSSHRINKSD(%)  2.0402E+01
 EPSSHRINKVR(%)  3.6642E+01

  
 TOTAL DATA POINTS NORMALLY DISTRIBUTED (N):          360
 N*LOG(2PI) CONSTANT TO OBJECTIVE FUNCTION:    661.63574390736437     
 OBJECTIVE FUNCTION VALUE WITHOUT CONSTANT:   -528.19703687993683     
 OBJECTIVE FUNCTION VALUE WITH CONSTANT:       133.43870702742754     
 REPORTED OBJECTIVE FUNCTION DOES NOT CONTAIN CONSTANT
  
 TOTAL EFFECTIVE ETAS (NIND*NETA):                           192
  
 #TERE:
 Elapsed estimation  time in seconds:    64.65
 Elapsed postprocess time in seconds:     0.76
1
 
 
 
 
 
 
 
 
 
 
 
 
 
 
 
 
 
 
 
 
 ************************************************************************************************************************
 ********************                                                                                ********************
 ********************               FIRST ORDER CONDITIONAL ESTIMATION WITH INTERACTION              ********************
 #OBJT:**************                       MINIMUM VALUE OF OBJECTIVE FUNCTION                      ********************
 ********************                                                                                ********************
 ************************************************************************************************************************
 





 #OBJV:********************************************          -528.197       *********************************************
1
 ************************************************************************************************************************
 ********************                                                                                ********************
 ********************               FIRST ORDER CONDITIONAL ESTIMATION WITH INTERACTION              ********************
 ********************                             FINAL PARAMETER ESTIMATE                           ********************
 ********************                                                                                ********************
 ************************************************************************************************************************
 


 THETA - VECTOR OF FIXED EFFECTS PARAMETERS   *********


         TH 1      TH 2      TH 3      TH 4     
 
         5.47E+00  3.12E+01  3.27E+00  3.03E+00
 


 OMEGA - COV MATRIX FOR RANDOM EFFECTS - ETAS  ********


         ETA1      ETA2      ETA3      ETA4      ETA5      ETA6      ETA7      ETA8     
 
 ETA1
+        1.15E-01
 
 ETA2
+        0.00E+00  4.73E-02
 
 ETA3
+        0.00E+00  0.00E+00  4.13E-02
 
 ETA4
+        0.00E+00  0.00E+00  0.00E+00  4.13E-02
 
 ETA5
+        0.00E+00  0.00E+00  0.00E+00  0.00E+00  4.13E-02
 
 ETA6
+        0.00E+00  0.00E+00  0.00E+00  0.00E+00  0.00E+00  6.39E-02
 
 ETA7
+        0.00E+00  0.00E+00  0.00E+00  0.00E+00  0.00E+00  0.00E+00  6.39E-02
 
 ETA8
+        0.00E+00  0.00E+00  0.00E+00  0.00E+00  0.00E+00  0.00E+00  0.00E+00  6.39E-02
 


 SIGMA - COV MATRIX FOR RANDOM EFFECTS - EPSILONS  ****


         EPS1     
 
 EPS1
+        9.79E-03
 
1


 OMEGA - CORR MATRIX FOR RANDOM EFFECTS - ETAS  *******


         ETA1      ETA2      ETA3      ETA4      ETA5      ETA6      ETA7      ETA8     
 
 ETA1
+        3.40E-01
 
 ETA2
+        0.00E+00  2.17E-01
 
 ETA3
+        0.00E+00  0.00E+00  2.03E-01
 
 ETA4
+        0.00E+00  0.00E+00  0.00E+00  2.03E-01
 
 ETA5
+        0.00E+00  0.00E+00  0.00E+00  0.00E+00  2.03E-01
 
 ETA6
+        0.00E+00  0.00E+00  0.00E+00  0.00E+00  0.00E+00  2.53E-01
 
 ETA7
+        0.00E+00  0.00E+00  0.00E+00  0.00E+00  0.00E+00  0.00E+00  2.53E-01
 
 ETA8
+        0.00E+00  0.00E+00  0.00E+00  0.00E+00  0.00E+00  0.00E+00  0.00E+00  2.53E-01
 


 SIGMA - CORR MATRIX FOR RANDOM EFFECTS - EPSILONS  ***


         EPS1     
 
 EPS1
+        9.90E-02
 
 Elapsed finaloutput time in seconds:     0.01
 #CPUT: Total CPU Time in Seconds,       65.445
Stop Time:
Mon Sep 28 08:56:36 PM UTC 2026
