Sun Jul 12 07:14:50 PM UTC 2026
$PROBLEM one_cpt_transit (N=3) + WT-on-CL covariate + MULTIPLE doses -- NONMEM anchor for ferx [#719]
; Reference fit for ferx's ANALYTIC `pk one_cpt_transit(cl,v,n,mtt)` closed form under a continuous
; TV covariate (WT on CL, power model) and MULTIPLE overlapping doses (100 mg q6h x 5). No
; lagtime/F, so ferx uses its analytic exponential-tilting superposition (not the ODE twin); this
; control is the NONMEM cross-check for that analytic multi-dose + covariate path.
;
; EXPLICIT INTEGER-N TRANSIT CHAIN. For integer n the Savic density
;   R_in(t) = D * ktr * (ktr*t)^n * exp(-ktr*t) / n!,  ktr = (n+1)/MTT
; is exactly the input rate into central from an Erlang chain of (n+1) first-order transit
; compartments (dose in the first, flux from the (n+1)-th into central, every transfer rate ktr).
; For n = 3 that is 4 transit compartments (1..4) + central (5). NONMEM integrates the chain with
; its NATIVE multi-dose bookkeeping, so superposition across the five q6h doses is automatic -- no
; hand-coded $DES sum over PODO/TDOS (which sees only the most-recent dose). ferx's
; single-compartment one_cpt_transit(n=3 FIX) yields the identical central profile.
;
; Dose lands in CMT 1 (matches ferx's dose CMT 1). Observations are on CMT 5 (central) here; the
; ferx copy (data/transit_multidose_cov.csv) re-keys obs to CMT 1 (ferx's single disposition
; compartment) -- same DV, likelihood-identical. Data simulated FROM ferx
; (tests/gen_transit_multidose_cov_anchor.rs), so NONMEM also recovers the truths.

$INPUT ID TIME DV EVID AMT CMT MDV WT
$DATA transit_multidose_cov.csv IGNORE=@

$SUBROUTINES ADVAN13 TOL=9
$MODEL
  COMP=(TR1,DEFDOSE)   ; 1 = first transit compartment (dose lands here)
  COMP=(TR2)           ; 2
  COMP=(TR3)           ; 3
  COMP=(TR4)           ; 4 = (n+1)=4th transit compartment; its outflow feeds central
  COMP=(CENTRAL,DEFOBS); 5 = central (observed)

$PK
  TVCL  = THETA(1)
  TVV   = THETA(2)
  TVMTT = THETA(3)
  NN    = THETA(4)      ; transit count n, FIXed = 3 (integer -> explicit 4-transit chain)
  DWTCL = THETA(5)      ; WT-on-CL power

  CL  = TVCL*(WT/70.0)**DWTCL*EXP(ETA(1))
  V   = TVV*EXP(ETA(2))
  MTT = TVMTT

  KTR = (NN + 1.0)/MTT
  K10 = CL/V

$DES
  DADT(1) = -KTR*A(1)
  DADT(2) =  KTR*A(1) - KTR*A(2)
  DADT(3) =  KTR*A(2) - KTR*A(3)
  DADT(4) =  KTR*A(3) - KTR*A(4)
  DADT(5) =  KTR*A(4) - K10*A(5)

$ERROR
  IPRED = A(5)/V
  Y = IPRED*(1.0 + EPS(1))

$THETA
  (0.1,  9.0,  100)   ; 1 TVCL
  (1.0,  60.0, 500)   ; 2 TVV
  (0.05, 3.0,  24)    ; 3 TVMTT
  3 FIX               ; 4 NN   (integer transit count -> explicit 4-transit chain)
  (0.0,  0.75, 2.0)   ; 5 DWTCL  WT-on-CL power

$OMEGA
  0.01    ; IIV CL (ETA1)
  0.09    ; IIV V  (ETA2)

$SIGMA
  0.01    ; proportional residual variance (0.1^2)

$ESTIMATION METHOD=1 INTER MAXEVAL=9999 PRINT=5 NOABORT
$COVARIANCE
$TABLE ID TIME DV IPRED CWRES MDV WT NOPRINT ONEHEADER FILE=transit_multidose_cov.tab

NM-TRAN MESSAGES
  
 WARNINGS AND ERRORS (IF ANY) FOR PROBLEM    1
             
 (WARNING  2) NM-TRAN INFERS THAT THE DATA ARE POPULATION.
  
Note: Analytical 2nd Derivatives are constructed in FSUBS but are never used.
      You may insert $ABBR DERIV2=NO after the first $PROB to save FSUBS construction and compilation time
  

License Registered to: InsightRX
Expiration Date:    14 AUG 2026
Current Date:       12 JUL 2026
Days until program expires :  32
1NONLINEAR MIXED EFFECTS MODEL PROGRAM (NONMEM) VERSION 7.6.0 (nm760)
 ORIGINALLY DEVELOPED BY STUART BEAL, LEWIS SHEINER, AND ALISON BOECKMANN
 CURRENT DEVELOPERS ARE ROBERT BAUER, ICON DEVELOPMENT SOLUTIONS,
 AND ALISON BOECKMANN. IMPLEMENTATION, EFFICIENCY, AND STANDARDIZATION
 PERFORMED BY NOUS INFOSYSTEMS.

 PROBLEM NO.:         1
 one_cpt_transit (N=3) + WT-on-CL covariate + MULTIPLE doses -- NONMEM an
0DATA CHECKOUT RUN:              NO
 DATA SET LOCATED ON UNIT NO.:    2
 THIS UNIT TO BE REWOUND:        NO
 CREATE/ADD TO FDATA.csv:        YES
 NO. OF DATA RECS IN DATA SET:      720
 NO. OF DATA ITEMS IN DATA SET:   8
 ID DATA ITEM IS DATA ITEM NO.:   1
 DEP VARIABLE IS DATA ITEM NO.:   3
 MDV DATA ITEM IS DATA ITEM NO.:  7
0INDICES PASSED TO SUBROUTINE PRED:
   4   2   5   0   0   0   6   0   0   0   0
0LABELS FOR DATA ITEMS:
 ID TIME DV EVID AMT CMT MDV WT
0(NONBLANK) LABELS FOR PRED-DEFINED ITEMS:
 IPRED
0FORMAT FOR DATA:
 (8E9.0)

 TOT. NO. OF OBS RECS:      600
 TOT. NO. OF INDIVIDUALS:       24
0LENGTH OF THETA:   5
0DEFAULT THETA BOUNDARY TEST OMITTED:    NO
0OMEGA HAS SIMPLE DIAGONAL FORM WITH DIMENSION:   2
0DEFAULT OMEGA BOUNDARY TEST OMITTED:    NO
0SIGMA HAS SIMPLE DIAGONAL FORM WITH DIMENSION:   1
0DEFAULT SIGMA BOUNDARY TEST OMITTED:    NO
0INITIAL ESTIMATE OF THETA:
 LOWER BOUND    INITIAL EST    UPPER BOUND
  0.1000E+00     0.9000E+01     0.1000E+03
  0.1000E+01     0.6000E+02     0.5000E+03
  0.5000E-01     0.3000E+01     0.2400E+02
  0.3000E+01     0.3000E+01     0.3000E+01
  0.0000E+00     0.7500E+00     0.2000E+01
0INITIAL ESTIMATE OF OMEGA:
 0.1000E-01
 0.0000E+00   0.9000E-01
0INITIAL ESTIMATE OF SIGMA:
 0.1000E-01
0COVARIANCE STEP OMITTED:        NO
 EIGENVLS. PRINTED:              NO
 SPECIAL COMPUTATION:            NO
 COMPRESSED FORMAT:              NO
 GRADIENT METHOD USED:     NOSLOW
 SIGDIGITS ETAHAT (SIGLO):                  -1
 SIGDIGITS GRADIENTS (SIGL):                -1
 EXCLUDE COV FOR FOCE (NOFCOV):              NO
 Cholesky Transposition of R Matrix (CHOLROFF):0
 KNUTHSUMOFF:                                -1
 RESUME COV ANALYSIS (RESUME):               NO
 SIR SAMPLE SIZE (SIRSAMPLE):
 NON-LINEARLY TRANSFORM THETAS DURING COV (THBND): 1
 PRECONDTIONING CYCLES (PRECOND):        0
 PRECONDTIONING TYPES (PRECONDS):        TOS
 FORCED PRECONDTIONING CYCLES (PFCOND):0
 PRECONDTIONING TYPE (PRETYPE):        0
 FORCED POS. DEFINITE SETTING DURING PRECONDITIONING: (FPOSDEF):0
 SIMPLE POS. DEFINITE SETTING: (POSDEF):-1
0TABLES STEP OMITTED:    NO
 NO. OF TABLES:           1
 SEED NUMBER (SEED):    11456
 NPDTYPE:    0
 INTERPTYPE:    0
 RANMETHOD:             3U
 MC SAMPLES (ESAMPLE):    300
 WRES SQUARE ROOT TYPE (WRESCHOL): EIGENVALUE
0-- TABLE   1 --
0RECORDS ONLY:    ALL
04 COLUMNS APPENDED:    YES
 PRINTED:                NO
 HEADER:                YES
 FILE TO BE FORWARDED:   NO
 FORMAT:                S1PE11.4
 IDFORMAT:
 LFORMAT:
 RFORMAT:
 FIXED_EFFECT_ETAS:
0USER-CHOSEN ITEMS:
 ID TIME DV IPRED CWRES MDV WT
1DOUBLE PRECISION PREDPP VERSION 7.6.0 (nm760)

 GENERAL NONLINEAR KINETICS MODEL WITH STIFF/NONSTIFF EQUATIONS (LSODA, ADVAN13)
0MODEL SUBROUTINE USER-SUPPLIED - ID NO. 9999
0MAXIMUM NO. OF BASIC PK PARAMETERS:   2
0COMPARTMENT ATTRIBUTES
 COMPT. NO.   FUNCTION   INITIAL    ON/OFF      DOSE      DEFAULT    DEFAULT
                         STATUS     ALLOWED    ALLOWED    FOR DOSE   FOR OBS.
    1         TR1          ON         YES        YES        YES        NO
    2         TR2          ON         YES        YES        NO         NO
    3         TR3          ON         YES        YES        NO         NO
    4         TR4          ON         YES        YES        NO         NO
    5         CENTRAL      ON         YES        YES        NO         YES
    6         OUTPUT       OFF        YES        NO         NO         NO
 INITIAL (BASE) TOLERANCE SETTINGS:
 NRD (RELATIVE) VALUE(S) OF TOLERANCE:   9
 ANRD (ABSOLUTE) VALUE(S) OF TOLERANCE:  12
1
 ADDITIONAL PK PARAMETERS - ASSIGNMENT OF ROWS IN GG
 COMPT. NO.                             INDICES
              SCALE      BIOAVAIL.   ZERO-ORDER  ZERO-ORDER  ABSORB
                         FRACTION    RATE        DURATION    LAG
    1            *           *           *           *           *
    2            *           *           *           *           *
    3            *           *           *           *           *
    4            *           *           *           *           *
    5            *           *           *           *           *
    6            *           -           -           -           -
             - PARAMETER IS NOT ALLOWED FOR THIS MODEL
             * PARAMETER IS NOT SUPPLIED BY PK SUBROUTINE;
               WILL DEFAULT TO ONE IF APPLICABLE
0DATA ITEM INDICES USED BY PRED ARE:
   EVENT ID DATA ITEM IS DATA ITEM NO.:      4
   TIME DATA ITEM IS DATA ITEM NO.:          2
   DOSE AMOUNT DATA ITEM IS DATA ITEM NO.:   5
   COMPT. NO. DATA ITEM IS DATA ITEM NO.:    6

0PK SUBROUTINE CALLED WITH EVERY EVENT RECORD.
 PK SUBROUTINE NOT CALLED AT NONEVENT (ADDITIONAL OR LAGGED) DOSE TIMES.
0ERROR SUBROUTINE CALLED WITH EVERY EVENT RECORD.
0ERROR SUBROUTINE INDICATES THAT DERIVATIVES OF COMPARTMENT AMOUNTS ARE USED.
0DES SUBROUTINE USES COMPACT STORAGE MODE.
1


 #TBLN:      1
 #METH: First Order Conditional Estimation with Interaction

 ESTIMATION STEP OMITTED:                 NO
 SHRINK INFO WITH EVALUATION (EVALSHRINK) NO
 ANALYSIS TYPE:                           POPULATION
 NUMBER OF SADDLE POINT RESET ITERATIONS:      0
 GRADIENT METHOD USED:               NOSLOW
 CONDITIONAL ESTIMATES USED:              YES
 CENTERED ETA:                            NO
 EPS-ETA INTERACTION:                     YES
 LAPLACIAN OBJ. FUNC.:                    NO
 NO. OF FUNCT. EVALS. ALLOWED:            9999
 NO. OF SIG. FIGURES REQUIRED:            3
 INTERMEDIATE PRINTOUT:                   YES
 ESTIMATE OUTPUT TO MSF:                  NO
 ABORT WITH PRED EXIT CODE 1:             NO
 IND. OBJ. FUNC. VALUES SORTED:           NO
 NUMERICAL DERIVATIVE
       FILE REQUEST (NUMDER):               NONE
 MAP (ETAHAT) ESTIMATION METHOD (OPTMAP):   0
 ETA HESSIAN EVALUATION METHOD (ETADER):    0
 INITIAL ETA FOR MAP ESTIMATION (MCETA):    0
 SIGDIGITS FOR MAP ESTIMATION (SIGLO):      100
 GRADIENT SIGDIGITS OF
       FIXED EFFECTS PARAMETERS (SIGL):     100
 NOPRIOR SETTING (NOPRIOR):                 0
 NOCOV SETTING (NOCOV):                     OFF
 DERCONT SETTING (DERCONT):                 OFF
 FINAL ETA RE-EVALUATION (FNLETA):          1
 EXCLUDE NON-INFLUENTIAL (NON-INFL.) ETAS
       IN SHRINKAGE (ETASTYPE):             NO
 NON-INFL. ETA CORRECTION (NONINFETA):      0
 RAW OUTPUT FILE (FILE): transit_multidose_cov.ext
 EXCLUDE TITLE (NOTITLE):                   NO
 EXCLUDE COLUMN LABELS (NOLABEL):           NO
 FORMAT FOR ADDITIONAL FILES (FORMAT):      S1PE12.5
 PARAMETER ORDER FOR OUTPUTS (ORDER):       TSOL
 KNUTHSUMOFF:                               0
 INCLUDE LNTWOPI:                           NO
 INCLUDE CONSTANT TERM TO PRIOR (PRIORC):   NO
 INCLUDE CONSTANT TERM TO OMEGA (ETA) (OLNTWOPI):NO
 ADDITIONAL CONVERGENCE TEST (CTYPE=4)?:    NO
 EM OR BAYESIAN METHOD USED:                 NONE

 TOLERANCES FOR ESTIMATION/EVALUATION STEP:
 NRD (RELATIVE) VALUE(S) OF TOLERANCE:   9
 ANRD (ABSOLUTE) VALUE(S) OF TOLERANCE:  12
 TOLERANCES FOR COVARIANCE STEP:
 NRD (RELATIVE) VALUE(S) OF TOLERANCE:   9
 ANRD (ABSOLUTE) VALUE(S) OF TOLERANCE:  12
 TOLERANCES FOR TABLE/SCATTER STEP:
 NRD (RELATIVE) VALUE(S) OF TOLERANCE:   9
 ANRD (ABSOLUTE) VALUE(S) OF TOLERANCE:  12

 THE FOLLOWING LABELS ARE EQUIVALENT
 PRED=PREDI
 RES=RESI
 WRES=WRESI
 IWRS=IWRESI
 IPRD=IPREDI
 IRS=IRESI

 MONITORING OF SEARCH:


0ITERATION NO.:    0    OBJECTIVE VALUE:  -2035.15537929069        NO. OF FUNC. EVALS.:   7
 CUMULATIVE NO. OF FUNC. EVALS.:        7
 NPARAMETR:  9.0000E+00  6.0000E+01  3.0000E+00  7.5000E-01  1.0000E-02  9.0000E-02  1.0000E-02
 PARAMETER:  1.0000E-01  1.0000E-01  1.0000E-01  1.0000E-01  1.0000E-01  1.0000E-01  1.0000E-01
 GRADIENT:   3.4339E+01 -4.2579E+00  1.5255E+02  5.9836E+01 -4.1463E+01  1.1109E+01 -1.1826E+02

0ITERATION NO.:    5    OBJECTIVE VALUE:  -2050.55804180871        NO. OF FUNC. EVALS.:  43
 CUMULATIVE NO. OF FUNC. EVALS.:       50
 NPARAMETR:  9.5145E+00  6.1322E+01  2.9771E+00  4.6175E-01  2.4421E-02  6.5892E-02  1.0364E-02
 PARAMETER:  1.6187E-01  1.2517E-01  9.1103E-02 -5.9255E-01  5.4643E-01 -5.5893E-02  1.1787E-01
 GRADIENT:   2.9581E+01 -2.3746E+00 -9.4989E+01 -1.5187E+00  1.8212E+01 -4.6482E-01 -7.1118E+01

0ITERATION NO.:   10    OBJECTIVE VALUE:  -2055.16034392081        NO. OF FUNC. EVALS.:  43
 CUMULATIVE NO. OF FUNC. EVALS.:       93
 NPARAMETR:  9.3078E+00  6.1292E+01  2.9856E+00  5.0644E-01  1.3933E-02  6.6442E-02  1.1083E-02
 PARAMETER:  1.3739E-01  1.2461E-01  9.4412E-02 -4.7069E-01  2.6583E-01 -5.1744E-02  1.5141E-01
 GRADIENT:  -1.5051E+00  4.4699E-01  4.0481E+00 -4.1573E-01  3.6909E-01 -2.2867E-01  4.2343E+00

0ITERATION NO.:   15    OBJECTIVE VALUE:  -2055.17155402016        NO. OF FUNC. EVALS.:  66
 CUMULATIVE NO. OF FUNC. EVALS.:      159
 NPARAMETR:  9.3196E+00  6.1341E+01  2.9858E+00  5.0901E-01  1.3800E-02  6.6775E-02  1.1043E-02
 PARAMETER:  1.3879E-01  1.2553E-01  9.4482E-02 -4.6391E-01  2.6104E-01 -4.9240E-02  1.4960E-01
 GRADIENT:  -2.7536E-02  4.6034E-02  1.7514E-01 -6.9412E-03 -1.3227E-02 -5.9406E-03 -3.3710E-02

 #TERM:
0MINIMIZATION SUCCESSFUL
 NO. OF FUNCTION EVALUATIONS USED:      159
 NO. OF SIG. DIGITS IN FINAL EST.:  3.2

 ETABAR IS THE ARITHMETIC MEAN OF THE ETA-ESTIMATES,
 AND THE P-VALUE IS GIVEN FOR THE NULL HYPOTHESIS THAT THE TRUE MEAN IS 0.

 ETABAR:         3.9729E-04 -7.4246E-04
 SE:             2.3155E-02  5.1738E-02
 N:                      24          24

 P VAL.:         9.8631E-01  9.8855E-01

 ETASHRINKSD(%)  3.4352E+00  1.9129E+00
 ETASHRINKVR(%)  6.7524E+00  3.7892E+00
 EBVSHRINKSD(%)  3.3887E+00  1.8548E+00
 EBVSHRINKVR(%)  6.6626E+00  3.6751E+00
 RELATIVEINF(%)  9.3311E+01  9.6297E+01
 EPSSHRINKSD(%)  3.7772E+00
 EPSSHRINKVR(%)  7.4118E+00

  
 TOTAL DATA POINTS NORMALLY DISTRIBUTED (N):          600
 N*LOG(2PI) CONSTANT TO OBJECTIVE FUNCTION:    1102.7262398456071     
 OBJECTIVE FUNCTION VALUE WITHOUT CONSTANT:   -2055.1715540201640     
 OBJECTIVE FUNCTION VALUE WITH CONSTANT:      -952.44531417455687     
 REPORTED OBJECTIVE FUNCTION DOES NOT CONTAIN CONSTANT
  
 TOTAL EFFECTIVE ETAS (NIND*NETA):                            48
  
 #TERE:
 Elapsed estimation  time in seconds:    87.02
 Elapsed covariance  time in seconds:    80.54
 Elapsed postprocess time in seconds:     1.29
1
 
 
 
 
 
 
 
 
 
 
 
 
 
 
 
 
 
 
 
 
 ************************************************************************************************************************
 ********************                                                                                ********************
 ********************               FIRST ORDER CONDITIONAL ESTIMATION WITH INTERACTION              ********************
 #OBJT:**************                       MINIMUM VALUE OF OBJECTIVE FUNCTION                      ********************
 ********************                                                                                ********************
 ************************************************************************************************************************
 





 #OBJV:********************************************         -2055.172       *********************************************
1
 ************************************************************************************************************************
 ********************                                                                                ********************
 ********************               FIRST ORDER CONDITIONAL ESTIMATION WITH INTERACTION              ********************
 ********************                             FINAL PARAMETER ESTIMATE                           ********************
 ********************                                                                                ********************
 ************************************************************************************************************************
 


 THETA - VECTOR OF FIXED EFFECTS PARAMETERS   *********


         TH 1      TH 2      TH 3      TH 4      TH 5     
 
         9.32E+00  6.13E+01  2.99E+00  3.00E+00  5.09E-01
 


 OMEGA - COV MATRIX FOR RANDOM EFFECTS - ETAS  ********


         ETA1      ETA2     
 
 ETA1
+        1.38E-02
 
 ETA2
+        0.00E+00  6.68E-02
 


 SIGMA - COV MATRIX FOR RANDOM EFFECTS - EPSILONS  ****


         EPS1     
 
 EPS1
+        1.10E-02
 
1


 OMEGA - CORR MATRIX FOR RANDOM EFFECTS - ETAS  *******


         ETA1      ETA2     
 
 ETA1
+        1.17E-01
 
 ETA2
+        0.00E+00  2.58E-01
 


 SIGMA - CORR MATRIX FOR RANDOM EFFECTS - EPSILONS  ***


         EPS1     
 
 EPS1
+        1.05E-01
 
1
 ************************************************************************************************************************
 ********************                                                                                ********************
 ********************               FIRST ORDER CONDITIONAL ESTIMATION WITH INTERACTION              ********************
 ********************                            STANDARD ERROR OF ESTIMATE                          ********************
 ********************                                                                                ********************
 ************************************************************************************************************************
 


 THETA - VECTOR OF FIXED EFFECTS PARAMETERS   *********


         TH 1      TH 2      TH 3      TH 4      TH 5     
 
         3.31E-01  3.15E+00  2.38E-02 .........  8.67E-02
 


 OMEGA - COV MATRIX FOR RANDOM EFFECTS - ETAS  ********


         ETA1      ETA2     
 
 ETA1
+        3.60E-03
 
 ETA2
+       .........  1.91E-02
 


 SIGMA - COV MATRIX FOR RANDOM EFFECTS - EPSILONS  ****


         EPS1     
 
 EPS1
+        8.87E-04
 
1


 OMEGA - CORR MATRIX FOR RANDOM EFFECTS - ETAS  *******


         ETA1      ETA2     
 
 ETA1
+        1.53E-02
 
 ETA2
+       .........  3.70E-02
 


 SIGMA - CORR MATRIX FOR RANDOM EFFECTS - EPSILONS  ***


         EPS1     
 
 EPS1
+        4.22E-03
 
1
 ************************************************************************************************************************
 ********************                                                                                ********************
 ********************               FIRST ORDER CONDITIONAL ESTIMATION WITH INTERACTION              ********************
 ********************                          COVARIANCE MATRIX OF ESTIMATE                         ********************
 ********************                                                                                ********************
 ************************************************************************************************************************
 

            TH 1      TH 2      TH 3      TH 4      TH 5      OM11      OM12      OM22      SG11  
 
 TH 1
+        1.10E-01
 
 TH 2
+        1.27E-02  9.94E+00
 
 TH 3
+        1.34E-03  2.57E-03  5.64E-04
 
 TH 4
+       ......... ......... ......... .........
 
 TH 5
+       -2.20E-02 -3.34E-02 -3.64E-04 .........  7.52E-03
 
 OM11
+        1.35E-04 -2.77E-03  8.67E-06 ......... -8.81E-05  1.29E-05
 
 OM12
+       ......... ......... ......... ......... ......... ......... .........
 
 OM22
+       -1.41E-03 -1.77E-02 -3.35E-05 .........  2.59E-04  1.53E-05 .........  3.65E-04
 
 SG11
+        1.38E-04 -7.56E-04 -1.16E-06 ......... -2.17E-05  2.00E-07 .........  2.54E-06  7.87E-07
 
1
 ************************************************************************************************************************
 ********************                                                                                ********************
 ********************               FIRST ORDER CONDITIONAL ESTIMATION WITH INTERACTION              ********************
 ********************                          CORRELATION MATRIX OF ESTIMATE                        ********************
 ********************                                                                                ********************
 ************************************************************************************************************************
 

            TH 1      TH 2      TH 3      TH 4      TH 5      OM11      OM12      OM22      SG11  
 
 TH 1
+        3.31E-01
 
 TH 2
+        1.22E-02  3.15E+00
 
 TH 3
+        1.70E-01  3.44E-02  2.38E-02
 
 TH 4
+       ......... ......... ......... .........
 
 TH 5
+       -7.66E-01 -1.22E-01 -1.76E-01 .........  8.67E-02
 
 OM11
+        1.13E-01 -2.45E-01  1.01E-01 ......... -2.83E-01  3.60E-03
 
 OM12
+       ......... ......... ......... ......... ......... ......... .........
 
 OM22
+       -2.23E-01 -2.95E-01 -7.39E-02 .........  1.57E-01  2.22E-01 .........  1.91E-02
 
 SG11
+        4.70E-01 -2.70E-01 -5.52E-02 ......... -2.82E-01  6.26E-02 .........  1.50E-01  8.87E-04
 
1
 ************************************************************************************************************************
 ********************                                                                                ********************
 ********************               FIRST ORDER CONDITIONAL ESTIMATION WITH INTERACTION              ********************
 ********************                      INVERSE COVARIANCE MATRIX OF ESTIMATE                     ********************
 ********************                                                                                ********************
 ************************************************************************************************************************
 

            TH 1      TH 2      TH 3      TH 4      TH 5      OM11      OM12      OM22      SG11  
 
 TH 1
+        2.98E+01
 
 TH 2
+        1.86E-01  1.31E-01
 
 TH 3
+       -2.71E+01  5.39E-02  1.89E+03
 
 TH 4
+       ......... ......... ......... .........
 
 TH 5
+        7.71E+01  1.72E+00  2.33E+01 .........  3.87E+02
 
 OM11
+        2.29E+02  3.15E+01 -9.84E+02 .........  2.18E+03  1.01E+05
 
 OM12
+       ......... ......... ......... ......... ......... ......... .........
 
 OM22
+        7.98E+01  3.70E+00  3.74E+01 .........  3.03E+01 -3.69E+03 .........  3.51E+03
 
 SG11
+       -3.27E+03  1.20E+02  8.37E+03 ......... -1.83E+03  3.49E+04 ......... -2.00E+04  1.98E+06
 
 Elapsed finaloutput time in seconds:     0.08
 #CPUT: Total CPU Time in Seconds,      169.720
Stop Time:
Sun Jul 12 07:17:43 PM UTC 2026
