Tue Oct  6 05:38:32 AM UTC 2026
$PROBLEM Warfarin 1cpt oral FOCE (no INTER) - ferx #1710 CWRES oracle
$DATA warfarin_foce_cwres.csv IGNORE=@
$INPUT ID TIME DV EVID AMT CMT=DROP RATE MDV
$SUBROUTINES ADVAN2 TRANS2
$PK
  CL = THETA(1)*EXP(ETA(1))
  V  = THETA(2)*EXP(ETA(2))
  KA = THETA(3)*EXP(ETA(3))
  S2 = V
$ERROR
  IPRED = F
  Y = IPRED*(1 + EPS(1))
$THETA (0, 0.2) (0, 10.0) (0, 1.5)
$OMEGA 0.09 0.04 0.30
$SIGMA 0.0004
$ESTIMATION METHOD=1 MAXEVAL=9999 NSIG=3 SIGL=9 PRINT=5 NOABORT POSTHOC FORMAT=s1PE23.16
$TABLE ID TIME EVID CWRES PRED NOPRINT ONEHEADER NOAPPEND FORMAT=s1PE23.16 FILE=warfarin_foce_cwres.tab

NM-TRAN MESSAGES
  
 WARNINGS AND ERRORS (IF ANY) FOR PROBLEM    1
             
 (WARNING  2) NM-TRAN INFERS THAT THE DATA ARE POPULATION.
  
Note: Analytical 2nd Derivatives are constructed in FSUBS but are never used.
      You may insert $ABBR DERIV2=NO after the first $PROB to save FSUBS construction and compilation time
  

License Registered to:  InsightRX
Expiration Date:    14 AUG 2027
Current Date:        6 OCT 2026
Days until program expires : 313
1NONLINEAR MIXED EFFECTS MODEL PROGRAM (NONMEM) VERSION 7.6.0 (nm760)
 ORIGINALLY DEVELOPED BY STUART BEAL, LEWIS SHEINER, AND ALISON BOECKMANN
 CURRENT DEVELOPERS ARE ROBERT BAUER, ICON DEVELOPMENT SOLUTIONS,
 AND ALISON BOECKMANN. IMPLEMENTATION, EFFICIENCY, AND STANDARDIZATION
 PERFORMED BY NOUS INFOSYSTEMS.

 PROBLEM NO.:         1
 Warfarin 1cpt oral FOCE (no INTER) - ferx #1710 CWRES oracle
0DATA CHECKOUT RUN:              NO
 DATA SET LOCATED ON UNIT NO.:    2
 THIS UNIT TO BE REWOUND:        NO
 CREATE/ADD TO FDATA.csv:        YES
 NO. OF DATA RECS IN DATA SET:      120
 NO. OF DATA ITEMS IN DATA SET:   7
 ID DATA ITEM IS DATA ITEM NO.:   1
 DEP VARIABLE IS DATA ITEM NO.:   3
 MDV DATA ITEM IS DATA ITEM NO.:  7
0INDICES PASSED TO SUBROUTINE PRED:
   4   2   5   6   0   0   0   0   0   0   0
0LABELS FOR DATA ITEMS:
 ID TIME DV EVID AMT RATE MDV
0FORMAT FOR DATA:
 (7E8.0)

 TOT. NO. OF OBS RECS:      110
 TOT. NO. OF INDIVIDUALS:       10
0LENGTH OF THETA:   3
0DEFAULT THETA BOUNDARY TEST OMITTED:    NO
0OMEGA HAS SIMPLE DIAGONAL FORM WITH DIMENSION:   3
0DEFAULT OMEGA BOUNDARY TEST OMITTED:    NO
0SIGMA HAS SIMPLE DIAGONAL FORM WITH DIMENSION:   1
0DEFAULT SIGMA BOUNDARY TEST OMITTED:    NO
0INITIAL ESTIMATE OF THETA:
 LOWER BOUND    INITIAL EST    UPPER BOUND
  0.0000E+00     0.2000E+00     0.1000E+07
  0.0000E+00     0.1000E+02     0.1000E+07
  0.0000E+00     0.1500E+01     0.1000E+07
0INITIAL ESTIMATE OF OMEGA:
 0.9000E-01
 0.0000E+00   0.4000E-01
 0.0000E+00   0.0000E+00   0.3000E+00
0INITIAL ESTIMATE OF SIGMA:
 0.4000E-03
0TABLES STEP OMITTED:    NO
 NO. OF TABLES:           1
 SEED NUMBER (SEED):    11456
 NPDTYPE:    0
 INTERPTYPE:    0
 RANMETHOD:             3U
 MC SAMPLES (ESAMPLE):    300
 WRES SQUARE ROOT TYPE (WRESCHOL): EIGENVALUE
0-- TABLE   1 --
0RECORDS ONLY:    ALL
04 COLUMNS APPENDED:    NO
 PRINTED:                NO
 HEADER:                YES
 FILE TO BE FORWARDED:   NO
 FORMAT:                s1PE23.16
 IDFORMAT:
 LFORMAT:
 RFORMAT:
 FIXED_EFFECT_ETAS:
0USER-CHOSEN ITEMS:
 ID TIME EVID CWRES PRED
1DOUBLE PRECISION PREDPP VERSION 7.6.0 (nm760)

 ONE COMPARTMENT MODEL WITH FIRST-ORDER ABSORPTION (ADVAN2)
0MAXIMUM NO. OF BASIC PK PARAMETERS:   3
0BASIC PK PARAMETERS (AFTER TRANSLATION):
   ELIMINATION RATE (K) IS BASIC PK PARAMETER NO.:  1
   ABSORPTION RATE (KA) IS BASIC PK PARAMETER NO.:  3

 TRANSLATOR WILL CONVERT PARAMETERS
 CLEARANCE (CL) AND VOLUME (V) TO K (TRANS2)
0COMPARTMENT ATTRIBUTES
 COMPT. NO.   FUNCTION   INITIAL    ON/OFF      DOSE      DEFAULT    DEFAULT
                         STATUS     ALLOWED    ALLOWED    FOR DOSE   FOR OBS.
    1         DEPOT        OFF        YES        YES        YES        NO
    2         CENTRAL      ON         NO         YES        NO         YES
    3         OUTPUT       OFF        YES        NO         NO         NO
1
 ADDITIONAL PK PARAMETERS - ASSIGNMENT OF ROWS IN GG
 COMPT. NO.                             INDICES
              SCALE      BIOAVAIL.   ZERO-ORDER  ZERO-ORDER  ABSORB
                         FRACTION    RATE        DURATION    LAG
    1            *           *           *           *           *
    2            4           *           *           *           *
    3            *           -           -           -           -
             - PARAMETER IS NOT ALLOWED FOR THIS MODEL
             * PARAMETER IS NOT SUPPLIED BY PK SUBROUTINE;
               WILL DEFAULT TO ONE IF APPLICABLE
0DATA ITEM INDICES USED BY PRED ARE:
   EVENT ID DATA ITEM IS DATA ITEM NO.:      4
   TIME DATA ITEM IS DATA ITEM NO.:          2
   DOSE AMOUNT DATA ITEM IS DATA ITEM NO.:   5
   DOSE RATE DATA ITEM IS DATA ITEM NO.:     6

0PK SUBROUTINE CALLED WITH EVERY EVENT RECORD.
 PK SUBROUTINE NOT CALLED AT NONEVENT (ADDITIONAL OR LAGGED) DOSE TIMES.
0ERROR SUBROUTINE CALLED WITH EVERY EVENT RECORD.
1


 #TBLN:      1
 #METH: First Order Conditional Estimation

 ESTIMATION STEP OMITTED:                 NO
 SHRINK INFO WITH EVALUATION (EVALSHRINK) NO
 ANALYSIS TYPE:                           POPULATION
 NUMBER OF SADDLE POINT RESET ITERATIONS:      0
 GRADIENT METHOD USED:               NOSLOW
 CONDITIONAL ESTIMATES USED:              YES
 CENTERED ETA:                            NO
 EPS-ETA INTERACTION:                     NO
 LAPLACIAN OBJ. FUNC.:                    NO
 NO. OF FUNCT. EVALS. ALLOWED:            9999
 NO. OF SIG. FIGURES REQUIRED:            3
 INTERMEDIATE PRINTOUT:                   YES
 ESTIMATE OUTPUT TO MSF:                  NO
 ABORT WITH PRED EXIT CODE 1:             NO
 IND. OBJ. FUNC. VALUES SORTED:           NO
 NUMERICAL DERIVATIVE
       FILE REQUEST (NUMDER):               NONE
 MAP (ETAHAT) ESTIMATION METHOD (OPTMAP):   0
 ETA HESSIAN EVALUATION METHOD (ETADER):    0
 INITIAL ETA FOR MAP ESTIMATION (MCETA):    0
 SIGDIGITS FOR MAP ESTIMATION (SIGLO):      9
 GRADIENT SIGDIGITS OF
       FIXED EFFECTS PARAMETERS (SIGL):     9
 NOPRIOR SETTING (NOPRIOR):                 0
 NOCOV SETTING (NOCOV):                     OFF
 DERCONT SETTING (DERCONT):                 OFF
 FINAL ETA RE-EVALUATION (FNLETA):          1
 EXCLUDE NON-INFLUENTIAL (NON-INFL.) ETAS
       IN SHRINKAGE (ETASTYPE):             NO
 NON-INFL. ETA CORRECTION (NONINFETA):      0
 RAW OUTPUT FILE (FILE): warfarin_foce_cwres.ext
 EXCLUDE TITLE (NOTITLE):                   NO
 EXCLUDE COLUMN LABELS (NOLABEL):           NO
 FORMAT FOR ADDITIONAL FILES (FORMAT):       1PE23.16
 PARAMETER ORDER FOR OUTPUTS (ORDER):       TSOL
 KNUTHSUMOFF:                               0
 INCLUDE LNTWOPI:                           NO
 INCLUDE CONSTANT TERM TO PRIOR (PRIORC):   NO
 INCLUDE CONSTANT TERM TO OMEGA (ETA) (OLNTWOPI):NO
 ADDITIONAL CONVERGENCE TEST (CTYPE=4)?:    NO
 EM OR BAYESIAN METHOD USED:                 NONE


 THE FOLLOWING LABELS ARE EQUIVALENT
 PRED=NPRED
 RES=NRES
 WRES=NWRES
 IWRS=NIWRES
 IPRD=NIPRED
 IRS=NIRES

 MONITORING OF SEARCH:


0ITERATION NO.:    0    OBJECTIVE VALUE:  -200.252551250309        NO. OF FUNC. EVALS.:   6
 CUMULATIVE NO. OF FUNC. EVALS.:        6
 NPARAMETR:  2.0000E-01  1.0000E+01  1.5000E+00  9.0000E-02  4.0000E-02  3.0000E-01  4.0000E-04
 PARAMETER:  1.0000E-01  1.0000E-01  1.0000E-01  1.0000E-01  1.0000E-01  1.0000E-01  1.0000E-01
 GRADIENT:   6.5817E+01  8.4328E+01  5.3113E+01 -2.3715E+01 -1.7403E+01 -2.7220E+01  7.1688E+01

0ITERATION NO.:    5    OBJECTIVE VALUE:  -275.843895517175        NO. OF FUNC. EVALS.:  36
 CUMULATIVE NO. OF FUNC. EVALS.:       42
 NPARAMETR:  1.2754E-01  7.8933E+00  6.1889E-01  4.8415E-02  1.4280E-02  3.9115E-01  1.0386E-04
 PARAMETER: -3.4989E-01 -1.3657E-01 -7.8530E-01 -2.1000E-01 -4.1499E-01  2.3266E-01 -5.7419E-01
 GRADIENT:  -1.0020E+01  5.5754E+01 -1.1154E+01  7.5332E+00  5.9649E+00 -9.3909E-01 -2.1735E+01

0ITERATION NO.:   10    OBJECTIVE VALUE:  -280.040869728548        NO. OF FUNC. EVALS.:  36
 CUMULATIVE NO. OF FUNC. EVALS.:       78
 NPARAMETR:  1.3117E-01  7.6787E+00  6.8123E-01  2.7705E-02  1.0343E-02  3.4601E-01  1.1263E-04
 PARAMETER: -3.2182E-01 -1.6414E-01 -6.8932E-01 -4.8910E-01 -5.7629E-01  1.7135E-01 -5.3367E-01
 GRADIENT:  -2.5408E+00 -5.2603E+00 -2.4351E+00 -7.3276E-01  1.3592E+00 -1.2032E+00 -3.0834E+00

0ITERATION NO.:   15    OBJECTIVE VALUE:  -280.359392891518        NO. OF FUNC. EVALS.:  57
 CUMULATIVE NO. OF FUNC. EVALS.:      135
 NPARAMETR:  1.3297E-01  7.7305E+00  7.2592E-01  2.8530E-02  9.5841E-03  3.4977E-01  1.1555E-04
 PARAMETER: -3.0820E-01 -1.5741E-01 -6.2578E-01 -4.7444E-01 -6.1439E-01  1.7675E-01 -5.2088E-01
 GRADIENT:   1.4658E-01 -5.3426E-02  3.2775E-02 -4.7313E-02  1.2358E-02  6.0213E-02  8.0703E-02

0ITERATION NO.:   20    OBJECTIVE VALUE:  -280.359490789403        NO. OF FUNC. EVALS.:  81
 CUMULATIVE NO. OF FUNC. EVALS.:      216
 NPARAMETR:  1.3298E-01  7.7305E+00  7.2503E-01  2.8596E-02  9.5782E-03  3.4877E-01  1.1547E-04
 PARAMETER: -3.0814E-01 -1.5741E-01 -6.2701E-01 -4.7327E-01 -6.1470E-01  1.7531E-01 -5.2122E-01
 GRADIENT:   2.5265E-01  4.1260E-02 -9.1944E-02 -6.7688E-04 -1.6426E-04 -1.2811E-02 -8.1276E-02

0ITERATION NO.:   22    OBJECTIVE VALUE:  -280.359501115823        NO. OF FUNC. EVALS.:  30
 CUMULATIVE NO. OF FUNC. EVALS.:      246
 NPARAMETR:  1.3296E-01  7.7305E+00  7.2538E-01  2.8597E-02  9.5782E-03  3.4881E-01  1.1548E-04
 PARAMETER: -3.0825E-01 -1.5741E-01 -6.2653E-01 -4.7326E-01 -6.1470E-01  1.7538E-01 -5.2117E-01
 GRADIENT:  -5.6292E-02  5.9426E-03  4.7021E-03 -2.3946E-04 -4.8493E-05 -4.1019E-03 -2.8068E-02

 #TERM:
0MINIMIZATION SUCCESSFUL
 HOWEVER, PROBLEMS OCCURRED WITH THE MINIMIZATION.
 REGARD THE RESULTS OF THE ESTIMATION STEP CAREFULLY, AND ACCEPT THEM ONLY
 AFTER CHECKING THAT THE COVARIANCE STEP PRODUCES REASONABLE OUTPUT.
 NO. OF FUNCTION EVALUATIONS USED:      246
 NO. OF SIG. DIGITS IN FINAL EST.:  3.2

 ETABAR IS THE ARITHMETIC MEAN OF THE ETA-ESTIMATES,
 AND THE P-VALUE IS GIVEN FOR THE NULL HYPOTHESIS THAT THE TRUE MEAN IS 0.

 ETABAR:        -2.0669E-03  6.6565E-04  1.1136E-01
 SE:             5.3454E-02  3.0890E-02  1.8337E-01
 N:                      10          10          10

 P VAL.:         9.6915E-01  9.8281E-01  5.4366E-01

 ETASHRINKSD(%)  3.3884E-02  1.8833E-01  2.4758E-02
 ETASHRINKVR(%)  6.7756E-02  3.7631E-01  4.9510E-02
 EBVSHRINKSD(%)  2.8105E-02  1.7921E-01  2.5484E-02
 EBVSHRINKVR(%)  5.6201E-02  3.5810E-01  5.0962E-02
 RELATIVEINF(%)  9.9944E+01  9.9642E+01  9.9949E+01
 EPSSHRINKSD(%)  1.4685E+01
 EPSSHRINKVR(%)  2.7213E+01

  
 TOTAL DATA POINTS NORMALLY DISTRIBUTED (N):          110
 N*LOG(2PI) CONSTANT TO OBJECTIVE FUNCTION:    202.16647730502800     
 OBJECTIVE FUNCTION VALUE WITHOUT CONSTANT:   -280.35950111582304     
 OBJECTIVE FUNCTION VALUE WITH CONSTANT:      -78.193023810795040     
 REPORTED OBJECTIVE FUNCTION DOES NOT CONTAIN CONSTANT
  
 TOTAL EFFECTIVE ETAS (NIND*NETA):                            30
  
 #TERE:
 Elapsed estimation  time in seconds:     0.10
 Elapsed postprocess time in seconds:     0.01
1
 
 
 
 
 
 
 
 
 
 
 
 
 
 
 
 
 
 
 
 
 ************************************************************************************************************************
 ********************                                                                                ********************
 ********************                        FIRST ORDER CONDITIONAL ESTIMATION                      ********************
 #OBJT:**************                       MINIMUM VALUE OF OBJECTIVE FUNCTION                      ********************
 ********************                                                                                ********************
 ************************************************************************************************************************
 





 #OBJV:********************************************          -280.360       *********************************************
1
 ************************************************************************************************************************
 ********************                                                                                ********************
 ********************                        FIRST ORDER CONDITIONAL ESTIMATION                      ********************
 ********************                             FINAL PARAMETER ESTIMATE                           ********************
 ********************                                                                                ********************
 ************************************************************************************************************************
 


 THETA - VECTOR OF FIXED EFFECTS PARAMETERS   *********


         TH 1      TH 2      TH 3     
 
         1.33E-01  7.73E+00  7.25E-01
 


 OMEGA - COV MATRIX FOR RANDOM EFFECTS - ETAS  ********


         ETA1      ETA2      ETA3     
 
 ETA1
+        2.86E-02
 
 ETA2
+        0.00E+00  9.58E-03
 
 ETA3
+        0.00E+00  0.00E+00  3.49E-01
 


 SIGMA - COV MATRIX FOR RANDOM EFFECTS - EPSILONS  ****


         EPS1     
 
 EPS1
+        1.15E-04
 
1


 OMEGA - CORR MATRIX FOR RANDOM EFFECTS - ETAS  *******


         ETA1      ETA2      ETA3     
 
 ETA1
+        1.69E-01
 
 ETA2
+        0.00E+00  9.79E-02
 
 ETA3
+        0.00E+00  0.00E+00  5.91E-01
 


 SIGMA - CORR MATRIX FOR RANDOM EFFECTS - EPSILONS  ***


         EPS1     
 
 EPS1
+        1.07E-02
 
 Elapsed finaloutput time in seconds:     0.01
 #CPUT: Total CPU Time in Seconds,        0.141
Stop Time:
Tue Oct  6 05:38:36 AM UTC 2026
