Thu Aug 20 09:51:21 AM UTC 2026
$PROBLEM one_cpt_iv naive-pooled via OMEGA 0 FIX — ferx #989 anchor
$INPUT ID TIME DV EVID AMT CMT RATE MDV
$DATA one_cpt_iv.csv IGNORE=@
$SUBROUTINE ADVAN1 TRANS2
$PK
  CL = THETA(1)*EXP(ETA(1))
  V  = THETA(2)
  S1 = V
$ERROR
  IPRED = F
  Y = IPRED*(1 + EPS(1))
$THETA
  (0.1, 4.0, 100.0)   ; TVCL
  (1.0, 40.0, 500.0)  ; TVV
$OMEGA
  0 FIX               ; degenerate ETA: naive-pooled
$SIGMA
  0.0004              ; PROP_ERR variance (sd 0.02)
$ESTIMATION METHOD=0 MAXEVAL=9999 PRINT=1 NOABORT SIGDIGITS=4
$COVARIANCE
$TABLE ID TIME DV PRED IPRED CWRES NOPRINT ONEHEADER FILE=sdtab1

NM-TRAN MESSAGES
  
 WARNINGS AND ERRORS (IF ANY) FOR PROBLEM    1
             
 (WARNING  2) NM-TRAN INFERS THAT THE DATA ARE POPULATION.
  
Note: Analytical 2nd Derivatives are constructed in FSUBS but are never used.
      You may insert $ABBR DERIV2=NO after the first $PROB to save FSUBS construction and compilation time
  

License Registered to:  InsightRX
Expiration Date:    14 AUG 2027
Current Date:       20 AUG 2026
Days until program expires : 359
1NONLINEAR MIXED EFFECTS MODEL PROGRAM (NONMEM) VERSION 7.6.0 (nm760)
 ORIGINALLY DEVELOPED BY STUART BEAL, LEWIS SHEINER, AND ALISON BOECKMANN
 CURRENT DEVELOPERS ARE ROBERT BAUER, ICON DEVELOPMENT SOLUTIONS,
 AND ALISON BOECKMANN. IMPLEMENTATION, EFFICIENCY, AND STANDARDIZATION
 PERFORMED BY NOUS INFOSYSTEMS.

 PROBLEM NO.:         1
 one_cpt_iv naive-pooled via OMEGA 0 FIX — ferx #989 anchor
0DATA CHECKOUT RUN:              NO
 DATA SET LOCATED ON UNIT NO.:    2
 THIS UNIT TO BE REWOUND:        NO
 CREATE/ADD TO FDATA.csv:        YES
 NO. OF DATA RECS IN DATA SET:      100
 NO. OF DATA ITEMS IN DATA SET:   8
 ID DATA ITEM IS DATA ITEM NO.:   1
 DEP VARIABLE IS DATA ITEM NO.:   3
 MDV DATA ITEM IS DATA ITEM NO.:  8
0INDICES PASSED TO SUBROUTINE PRED:
   4   2   5   7   0   0   6   0   0   0   0
0LABELS FOR DATA ITEMS:
 ID TIME DV EVID AMT CMT RATE MDV
0(NONBLANK) LABELS FOR PRED-DEFINED ITEMS:
 IPRED
0FORMAT FOR DATA:
 (8E7.0)

 TOT. NO. OF OBS RECS:       90
 TOT. NO. OF INDIVIDUALS:       10
0LENGTH OF THETA:   2
0DEFAULT THETA BOUNDARY TEST OMITTED:    NO
0OMEGA HAS SIMPLE DIAGONAL FORM WITH DIMENSION:   1
0DEFAULT OMEGA BOUNDARY TEST OMITTED:    NO
0SIGMA HAS SIMPLE DIAGONAL FORM WITH DIMENSION:   1
0DEFAULT SIGMA BOUNDARY TEST OMITTED:    NO
0INITIAL ESTIMATE OF THETA:
 LOWER BOUND    INITIAL EST    UPPER BOUND
  0.1000E+00     0.4000E+01     0.1000E+03
  0.1000E+01     0.4000E+02     0.5000E+03
0INITIAL ESTIMATE OF OMEGA:
 0.0000E+00
0OMEGA CONSTRAINED TO BE THIS INITIAL ESTIMATE
0INITIAL ESTIMATE OF SIGMA:
 0.4000E-03
0COVARIANCE STEP OMITTED:        NO
 EIGENVLS. PRINTED:              NO
 SPECIAL COMPUTATION:            NO
 COMPRESSED FORMAT:              NO
 GRADIENT METHOD USED:     NOSLOW
 SIGDIGITS ETAHAT (SIGLO):                  -1
 SIGDIGITS GRADIENTS (SIGL):                -1
 EXCLUDE COV FOR FOCE (NOFCOV):              NO
 Cholesky Transposition of R Matrix (CHOLROFF):0
 KNUTHSUMOFF:                                -1
 RESUME COV ANALYSIS (RESUME):               NO
 SIR SAMPLE SIZE (SIRSAMPLE):
 NON-LINEARLY TRANSFORM THETAS DURING COV (THBND): 1
 PRECONDTIONING CYCLES (PRECOND):        0
 PRECONDTIONING TYPES (PRECONDS):        TOS
 FORCED PRECONDTIONING CYCLES (PFCOND):0
 PRECONDTIONING TYPE (PRETYPE):        0
 FORCED POS. DEFINITE SETTING DURING PRECONDITIONING: (FPOSDEF):0
 SIMPLE POS. DEFINITE SETTING: (POSDEF):-1
0TABLES STEP OMITTED:    NO
 NO. OF TABLES:           1
 SEED NUMBER (SEED):    11456
 NPDTYPE:    0
 INTERPTYPE:    0
 RANMETHOD:             3U
 MC SAMPLES (ESAMPLE):    300
 WRES SQUARE ROOT TYPE (WRESCHOL): EIGENVALUE
0-- TABLE   1 --
0RECORDS ONLY:    ALL
04 COLUMNS APPENDED:    YES
 PRINTED:                NO
 HEADER:                YES
 FILE TO BE FORWARDED:   NO
 FORMAT:                S1PE11.4
 IDFORMAT:
 LFORMAT:
 RFORMAT:
 FIXED_EFFECT_ETAS:
0USER-CHOSEN ITEMS:
 ID TIME DV IPRED CWRES
1DOUBLE PRECISION PREDPP VERSION 7.6.0 (nm760)

 ONE COMPARTMENT MODEL (ADVAN1)
0MAXIMUM NO. OF BASIC PK PARAMETERS:   2
0BASIC PK PARAMETERS (AFTER TRANSLATION):
   ELIMINATION RATE (K) IS BASIC PK PARAMETER NO.:  1

 TRANSLATOR WILL CONVERT PARAMETERS
 CLEARANCE (CL) AND VOLUME (V) TO K (TRANS2)
0COMPARTMENT ATTRIBUTES
 COMPT. NO.   FUNCTION   INITIAL    ON/OFF      DOSE      DEFAULT    DEFAULT
                         STATUS     ALLOWED    ALLOWED    FOR DOSE   FOR OBS.
    1         CENTRAL      ON         NO         YES        YES        YES
    2         OUTPUT       OFF        YES        NO         NO         NO
1
 ADDITIONAL PK PARAMETERS - ASSIGNMENT OF ROWS IN GG
 COMPT. NO.                             INDICES
              SCALE      BIOAVAIL.   ZERO-ORDER  ZERO-ORDER  ABSORB
                         FRACTION    RATE        DURATION    LAG
    1            3           *           *           *           *
    2            *           -           -           -           -
             - PARAMETER IS NOT ALLOWED FOR THIS MODEL
             * PARAMETER IS NOT SUPPLIED BY PK SUBROUTINE;
               WILL DEFAULT TO ONE IF APPLICABLE
0DATA ITEM INDICES USED BY PRED ARE:
   EVENT ID DATA ITEM IS DATA ITEM NO.:      4
   TIME DATA ITEM IS DATA ITEM NO.:          2
   DOSE AMOUNT DATA ITEM IS DATA ITEM NO.:   5
   DOSE RATE DATA ITEM IS DATA ITEM NO.:     7
   COMPT. NO. DATA ITEM IS DATA ITEM NO.:    6

0PK SUBROUTINE CALLED WITH EVERY EVENT RECORD.
 PK SUBROUTINE NOT CALLED AT NONEVENT (ADDITIONAL OR LAGGED) DOSE TIMES.
0ERROR SUBROUTINE CALLED WITH EVERY EVENT RECORD.
1


 #TBLN:      1
 #METH: First Order

 ESTIMATION STEP OMITTED:                 NO
 SHRINK INFO WITH EVALUATION (EVALSHRINK) NO
 ANALYSIS TYPE:                           POPULATION
 NUMBER OF SADDLE POINT RESET ITERATIONS:      0
 GRADIENT METHOD USED:               NOSLOW
 EPS-ETA INTERACTION:                     NO
 NO. OF FUNCT. EVALS. ALLOWED:            9999
 NO. OF SIG. FIGURES REQUIRED:            4
 INTERMEDIATE PRINTOUT:                   YES
 ESTIMATE OUTPUT TO MSF:                  NO
 ABORT WITH PRED EXIT CODE 1:             NO
 IND. OBJ. FUNC. VALUES SORTED:           NO
 NUMERICAL DERIVATIVE
       FILE REQUEST (NUMDER):               NONE
 MAP (ETAHAT) ESTIMATION METHOD (OPTMAP):   0
 ETA HESSIAN EVALUATION METHOD (ETADER):    0
 INITIAL ETA FOR MAP ESTIMATION (MCETA):    0
 SIGDIGITS FOR MAP ESTIMATION (SIGLO):      100
 GRADIENT SIGDIGITS OF
       FIXED EFFECTS PARAMETERS (SIGL):     100
 NOPRIOR SETTING (NOPRIOR):                 0
 NOCOV SETTING (NOCOV):                     OFF
 DERCONT SETTING (DERCONT):                 OFF
 FINAL ETA RE-EVALUATION (FNLETA):          1
 EXCLUDE NON-INFLUENTIAL (NON-INFL.) ETAS
       IN SHRINKAGE (ETASTYPE):             NO
 NON-INFL. ETA CORRECTION (NONINFETA):      0
 RAW OUTPUT FILE (FILE): pooled.ext
 EXCLUDE TITLE (NOTITLE):                   NO
 EXCLUDE COLUMN LABELS (NOLABEL):           NO
 FORMAT FOR ADDITIONAL FILES (FORMAT):      S1PE12.5
 PARAMETER ORDER FOR OUTPUTS (ORDER):       TSOL
 KNUTHSUMOFF:                               0
 INCLUDE LNTWOPI:                           NO
 INCLUDE CONSTANT TERM TO PRIOR (PRIORC):   NO
 INCLUDE CONSTANT TERM TO OMEGA (ETA) (OLNTWOPI):NO
 ADDITIONAL CONVERGENCE TEST (CTYPE=4)?:    NO
 EM OR BAYESIAN METHOD USED:                 NONE


 THE FOLLOWING LABELS ARE EQUIVALENT
 PRED=NPRED
 RES=NRES
 WRES=NWRES
 IWRS=NIWRES
 IPRD=NIPRED
 IRS=NIRES

 MONITORING OF SEARCH:


0ITERATION NO.:    0    OBJECTIVE VALUE:   11374.7713368904        NO. OF FUNC. EVALS.:   4
 CUMULATIVE NO. OF FUNC. EVALS.:        4
 NPARAMETR:  4.0000E+00  4.0000E+01  4.0000E-04
 PARAMETER:  1.0000E-01  1.0000E-01  1.0000E-01
 GRADIENT:  -2.7993E+04 -3.2746E+04 -2.3879E+04

0ITERATION NO.:    1    OBJECTIVE VALUE:   2262.62307323166        NO. OF FUNC. EVALS.:   5
 CUMULATIVE NO. OF FUNC. EVALS.:        9
 NPARAMETR:  5.0833E+00  5.2243E+01  6.1955E-04
 PARAMETER:  3.5646E-01  4.0000E-01  3.1877E-01
 GRADIENT:   1.7163E+04 -4.6585E+03 -5.6657E+03

0ITERATION NO.:    2    OBJECTIVE VALUE:   1709.09533304202        NO. OF FUNC. EVALS.:   6
 CUMULATIVE NO. OF FUNC. EVALS.:       15
 NPARAMETR:  4.8457E+00  5.4662E+01  6.8172E-04
 PARAMETER:  3.0512E-01  4.5154E-01  3.6658E-01
 GRADIENT:   1.0089E+03  6.6494E+03 -4.5377E+03

0ITERATION NO.:    3    OBJECTIVE VALUE:   102.577025784586        NO. OF FUNC. EVALS.:   5
 CUMULATIVE NO. OF FUNC. EVALS.:       20
 NPARAMETR:  3.3397E+00  2.6942E+01  5.5470E-02
 PARAMETER: -9.2359E-02 -3.3570E-01  2.5661E+00
 GRADIENT:  -2.7821E+02 -4.5498E+02 -3.5977E+02

0ITERATION NO.:    4    OBJECTIVE VALUE:   68.3190109701097        NO. OF FUNC. EVALS.:   6
 CUMULATIVE NO. OF FUNC. EVALS.:       26
 NPARAMETR:  3.2565E+00  2.5743E+01  8.5402E-02
 PARAMETER: -1.1924E-01 -3.8555E-01  2.7818E+00
 GRADIENT:  -2.2188E+02 -3.1338E+02 -2.0309E+02

0ITERATION NO.:    5    OBJECTIVE VALUE:   55.5268204304552        NO. OF FUNC. EVALS.:   5
 CUMULATIVE NO. OF FUNC. EVALS.:       31
 NPARAMETR:  3.1915E+00  2.4823E+01  1.2380E-01
 PARAMETER: -1.4072E-01 -4.2539E-01  2.9675E+00
 GRADIENT:  -1.9155E+02 -2.2883E+02 -1.0238E+02

0ITERATION NO.:    6    OBJECTIVE VALUE:   52.5771569661920        NO. OF FUNC. EVALS.:   5
 CUMULATIVE NO. OF FUNC. EVALS.:       36
 NPARAMETR:  3.1553E+00  2.4317E+01  1.6289E-01
 PARAMETER: -1.5287E-01 -4.4789E-01  3.1047E+00
 GRADIENT:  -1.7714E+02 -1.8197E+02 -4.2429E+01

0ITERATION NO.:    7    OBJECTIVE VALUE:  -72.8904075030029        NO. OF FUNC. EVALS.:  11
 CUMULATIVE NO. OF FUNC. EVALS.:       47
 NPARAMETR:  4.0581E+00  3.8267E+01  2.6475E-02
 PARAMETER:  1.1541E-01  5.0792E-02  2.1962E+00
 GRADIENT:  -3.7873E+02 -6.7090E+02 -2.2697E+02

0ITERATION NO.:    8    OBJECTIVE VALUE:  -95.8903520141703        NO. OF FUNC. EVALS.:   5
 CUMULATIVE NO. OF FUNC. EVALS.:       52
 NPARAMETR:  3.9783E+00  3.7019E+01  6.0791E-02
 PARAMETER:  9.4189E-02  1.4032E-02  2.6119E+00
 GRADIENT:  -2.4365E+02 -3.3419E+02 -2.2725E+01

0ITERATION NO.:    9    OBJECTIVE VALUE:  -179.180560787592        NO. OF FUNC. EVALS.:   8
 CUMULATIVE NO. OF FUNC. EVALS.:       60
 NPARAMETR:  4.4399E+00  4.5259E+01  1.3283E-02
 PARAMETER:  2.1146E-01  2.3800E-01  1.8514E+00
 GRADIENT:  -3.8252E+02 -7.6326E+02 -1.8061E+02

0ITERATION NO.:   10    OBJECTIVE VALUE:  -201.178711201055        NO. OF FUNC. EVALS.:   7
 CUMULATIVE NO. OF FUNC. EVALS.:       67
 NPARAMETR:  4.6319E+00  4.8886E+01  7.6037E-03
 PARAMETER:  2.5676E-01  3.2476E-01  1.5725E+00
 GRADIENT:  -2.7779E+02 -6.8462E+02 -2.5704E+02

0ITERATION NO.:   11    OBJECTIVE VALUE:  -245.640168014048        NO. OF FUNC. EVALS.:   6
 CUMULATIVE NO. OF FUNC. EVALS.:       73
 NPARAMETR:  4.7528E+00  5.1340E+01  8.9163E-03
 PARAMETER:  2.8437E-01  3.8019E-01  1.6521E+00
 GRADIENT:  -7.5540E+01 -1.9313E+02 -1.5208E+02

0ITERATION NO.:   12    OBJECTIVE VALUE:  -260.953971020357        NO. OF FUNC. EVALS.:   5
 CUMULATIVE NO. OF FUNC. EVALS.:       78
 NPARAMETR:  4.6948E+00  5.0303E+01  1.7191E-02
 PARAMETER:  2.7120E-01  3.5708E-01  1.9803E+00
 GRADIENT:  -1.3901E+02 -2.1759E+02  2.3025E+00

0ITERATION NO.:   13    OBJECTIVE VALUE:  -268.695056137261        NO. OF FUNC. EVALS.:   5
 CUMULATIVE NO. OF FUNC. EVALS.:       83
 NPARAMETR:  4.8422E+00  5.3243E+01  1.4802E-02
 PARAMETER:  3.0433E-01  4.2156E-01  1.9055E+00
 GRADIENT:  -2.5599E+00  6.0780E+01 -2.4084E+01

0ITERATION NO.:   14    OBJECTIVE VALUE:  -269.500910648307        NO. OF FUNC. EVALS.:   5
 CUMULATIVE NO. OF FUNC. EVALS.:       88
 NPARAMETR:  4.8133E+00  5.2666E+01  1.6348E-02
 PARAMETER:  2.9793E-01  4.0916E-01  1.9552E+00
 GRADIENT:  -3.7820E+01 -7.3319E+00 -1.7035E+00

0ITERATION NO.:   15    OBJECTIVE VALUE:  -269.568998983645        NO. OF FUNC. EVALS.:   5
 CUMULATIVE NO. OF FUNC. EVALS.:       93
 NPARAMETR:  4.8218E+00  5.2830E+01  1.6435E-02
 PARAMETER:  2.9982E-01  4.1269E-01  1.9578E+00
 GRADIENT:  -3.0242E+01  7.9736E+00 -1.4535E+00

0ITERATION NO.:   16    OBJECTIVE VALUE:  -269.583045474287        NO. OF FUNC. EVALS.:   5
 CUMULATIVE NO. OF FUNC. EVALS.:       98
 NPARAMETR:  4.8262E+00  5.2904E+01  1.6572E-02
 PARAMETER:  3.0080E-01  4.1429E-01  1.9620E+00
 GRADIENT:  -2.6354E+01  1.4209E+01 -3.3525E-01

0ITERATION NO.:   17    OBJECTIVE VALUE:  -269.590517900443        NO. OF FUNC. EVALS.:   5
 CUMULATIVE NO. OF FUNC. EVALS.:      103
 NPARAMETR:  4.8289E+00  5.2927E+01  1.6677E-02
 PARAMETER:  3.0140E-01  4.1477E-01  1.9652E+00
 GRADIENT:  -2.3252E+01  1.5243E+01  6.4186E-01

0ITERATION NO.:   18    OBJECTIVE VALUE:  -269.610286577158        NO. OF FUNC. EVALS.:   6
 CUMULATIVE NO. OF FUNC. EVALS.:      109
 NPARAMETR:  4.8355E+00  5.2930E+01  1.6833E-02
 PARAMETER:  3.0286E-01  4.1485E-01  1.9698E+00
 GRADIENT:  -1.3382E+01  1.2379E+01  2.0626E+00

0ITERATION NO.:   19    OBJECTIVE VALUE:  -269.632803859601        NO. OF FUNC. EVALS.:   5
 CUMULATIVE NO. OF FUNC. EVALS.:      114
 NPARAMETR:  4.8422E+00  5.2867E+01  1.6786E-02
 PARAMETER:  3.0434E-01  4.1350E-01  1.9684E+00
 GRADIENT:   2.8790E-01  2.7576E+00  1.4805E+00

0ITERATION NO.:   20    OBJECTIVE VALUE:  -269.636808732894        NO. OF FUNC. EVALS.:   5
 CUMULATIVE NO. OF FUNC. EVALS.:      119
 NPARAMETR:  4.8414E+00  5.2838E+01  1.6670E-02
 PARAMETER:  3.0415E-01  4.1287E-01  1.9649E+00
 GRADIENT:   6.7553E-01  2.2479E-01  3.6004E-01

0ITERATION NO.:   21    OBJECTIVE VALUE:  -269.637004403598        NO. OF FUNC. EVALS.:   5
 CUMULATIVE NO. OF FUNC. EVALS.:      124
 NPARAMETR:  4.8407E+00  5.2832E+01  1.6632E-02
 PARAMETER:  3.0401E-01  4.1275E-01  1.9638E+00
 GRADIENT:   1.4960E-02 -3.0230E-02  1.5336E-03

0ITERATION NO.:   22    OBJECTIVE VALUE:  -269.637004403598        NO. OF FUNC. EVALS.:   6
 CUMULATIVE NO. OF FUNC. EVALS.:      130
 NPARAMETR:  4.8407E+00  5.2832E+01  1.6632E-02
 PARAMETER:  3.0401E-01  4.1275E-01  1.9638E+00
 GRADIENT:  -1.0002E-01 -1.4131E-01 -3.3822E-02

0ITERATION NO.:   23    OBJECTIVE VALUE:  -269.637004403598        NO. OF FUNC. EVALS.:   0
 CUMULATIVE NO. OF FUNC. EVALS.:      130
 NPARAMETR:  4.8407E+00  5.2832E+01  1.6632E-02
 PARAMETER:  3.0401E-01  4.1275E-01  1.9638E+00
 GRADIENT:  -1.0002E-01 -1.4131E-01 -3.3822E-02

 #TERM:
0MINIMIZATION SUCCESSFUL
 NO. OF FUNCTION EVALUATIONS USED:      130
 NO. OF SIG. DIGITS IN FINAL EST.:  4.1
  
 TOTAL DATA POINTS NORMALLY DISTRIBUTED (N):           90
 N*LOG(2PI) CONSTANT TO OBJECTIVE FUNCTION:    165.40893597684109     
 OBJECTIVE FUNCTION VALUE WITHOUT CONSTANT:   -269.63700440359776     
 OBJECTIVE FUNCTION VALUE WITH CONSTANT:      -104.22806842675666     
 REPORTED OBJECTIVE FUNCTION DOES NOT CONTAIN CONSTANT
  
 TOTAL EFFECTIVE ETAS (NIND*NETA):                             0
  
 #TERE:
 Elapsed estimation  time in seconds:     0.07
 Elapsed covariance  time in seconds:     0.00
 Elapsed postprocess time in seconds:     0.02
1
 
 
 
 
 
 
 
 
 
 
 
 
 
 
 
 
 
 
 
 
 ************************************************************************************************************************
 ********************                                                                                ********************
 ********************                                   FIRST ORDER                                  ********************
 #OBJT:**************                       MINIMUM VALUE OF OBJECTIVE FUNCTION                      ********************
 ********************                                                                                ********************
 ************************************************************************************************************************
 





 #OBJV:********************************************          -269.637       *********************************************
1
 ************************************************************************************************************************
 ********************                                                                                ********************
 ********************                                   FIRST ORDER                                  ********************
 ********************                             FINAL PARAMETER ESTIMATE                           ********************
 ********************                                                                                ********************
 ************************************************************************************************************************
 


 THETA - VECTOR OF FIXED EFFECTS PARAMETERS   *********


         TH 1      TH 2     
 
         4.84E+00  5.28E+01
 


 OMEGA - COV MATRIX FOR RANDOM EFFECTS - ETAS  ********


         ETA1     
 
 ETA1
+        0.00E+00
 


 SIGMA - COV MATRIX FOR RANDOM EFFECTS - EPSILONS  ****


         EPS1     
 
 EPS1
+        1.66E-02
 
1


 OMEGA - CORR MATRIX FOR RANDOM EFFECTS - ETAS  *******


         ETA1     
 
 ETA1
+        0.00E+00
 


 SIGMA - CORR MATRIX FOR RANDOM EFFECTS - EPSILONS  ***


         EPS1     
 
 EPS1
+        1.29E-01
 
1
 ************************************************************************************************************************
 ********************                                                                                ********************
 ********************                                   FIRST ORDER                                  ********************
 ********************                            STANDARD ERROR OF ESTIMATE                          ********************
 ********************                                                                                ********************
 ************************************************************************************************************************
 


 THETA - VECTOR OF FIXED EFFECTS PARAMETERS   *********


         TH 1      TH 2     
 
         1.66E-01  1.76E+00
 


 OMEGA - COV MATRIX FOR RANDOM EFFECTS - ETAS  ********


         ETA1     
 
 ETA1
+       .........
 


 SIGMA - COV MATRIX FOR RANDOM EFFECTS - EPSILONS  ****


         EPS1     
 
 EPS1
+        4.70E-03
 
1


 OMEGA - CORR MATRIX FOR RANDOM EFFECTS - ETAS  *******


         ETA1     
 
 ETA1
+       .........
 


 SIGMA - CORR MATRIX FOR RANDOM EFFECTS - EPSILONS  ***


         EPS1     
 
 EPS1
+        1.82E-02
 
1
 ************************************************************************************************************************
 ********************                                                                                ********************
 ********************                                   FIRST ORDER                                  ********************
 ********************                          COVARIANCE MATRIX OF ESTIMATE                         ********************
 ********************                                                                                ********************
 ************************************************************************************************************************
 

            TH 1      TH 2      OM11      SG11  
 
 TH 1
+        2.77E-02
 
 TH 2
+        6.32E-02  3.10E+00
 
 OM11
+       ......... ......... .........
 
 SG11
+        2.18E-04  4.11E-03 .........  2.21E-05
 
1
 ************************************************************************************************************************
 ********************                                                                                ********************
 ********************                                   FIRST ORDER                                  ********************
 ********************                          CORRELATION MATRIX OF ESTIMATE                        ********************
 ********************                                                                                ********************
 ************************************************************************************************************************
 

            TH 1      TH 2      OM11      SG11  
 
 TH 1
+        1.66E-01
 
 TH 2
+        2.16E-01  1.76E+00
 
 OM11
+       ......... ......... .........
 
 SG11
+        2.79E-01  4.97E-01 .........  4.70E-03
 
1
 ************************************************************************************************************************
 ********************                                                                                ********************
 ********************                                   FIRST ORDER                                  ********************
 ********************                      INVERSE COVARIANCE MATRIX OF ESTIMATE                     ********************
 ********************                                                                                ********************
 ************************************************************************************************************************
 

            TH 1      TH 2      OM11      SG11  
 
 TH 1
+        3.96E+01
 
 TH 2
+       -3.84E-01  4.32E-01
 
 OM11
+       ......... ......... .........
 
 SG11
+       -3.19E+02 -7.65E+01 .........  6.26E+04
 
 Elapsed finaloutput time in seconds:     0.02
 #CPUT: Total CPU Time in Seconds,        0.096
Stop Time:
Thu Aug 20 09:51:31 AM UTC 2026
